Microchip MPLAB XC8 Compiler V2.32

Linker command line:

-W-3 --edf=C:\Program Files (x86)\MPLAB X\Compilers\XC8\pic\dat\en_msgs.txt \
  -cn -h+dist/default/debug\SolarRadio_PIC.X.debug.sym \
  --cmf=dist/default/debug\SolarRadio_PIC.X.debug.cmf -z -Q16F1615 \
  -oC:\Users\chees\AppData\Local\Temp\xcAsnds.4 --defsym=__MPLAB_BUILD=1 \
  -Mdist/default/debug/SolarRadio_PIC.X.debug.map -E1 -ver=XC8 Compiler \
  --acfsm=1493 -ASTACK=0213Bh-023EFh -pstack=STACK -ACODE=00h-07FFhx4 \
  -ASTRCODE=00h-01FFFh -ASTRING=00h-0FFhx32 -ACONST=00h-0FFhx32 \
  -AENTRY=00h-0FFhx32 -ACOMMON=070h-07Fh -ABANK0=020h-06Fh \
  -ABANK1=0A0h-0EFh -ABANK2=0120h-016Fh -ABANK3=01A0h-01EFh \
  -ABANK4=0220h-026Fh -ABANK5=02A0h-02EFh -ABANK6=0320h-036Fh \
  -ABANK7=03A0h-03EFh -ABANK8=0420h-046Fh -ABANK9=04A0h-04EFh \
  -ABANK10=0520h-056Fh -ABANK11=05A0h-05EFh -ABANK12=0620h-064Fh \
  -ABIGRAM=02000h-023EFh \
  -ARAM=020h-06Fh,0A0h-0EFh,0120h-016Fh,01A0h-01EFh,0220h-026Fh,02A0h-02EFh,0320h-036Fh,03A0h-03EFh,0420h-046Fh,04A0h-04EFh,0520h-056Fh,05A0h-05EFh,0620h-064Fh \
  -AABS1=020h-07Fh,0A0h-0EFh,0120h-016Fh,01A0h-01EFh,0220h-026Fh,02A0h-02EFh,0320h-036Fh,03A0h-03EFh,0420h-046Fh,04A0h-04EFh,0520h-056Fh,05A0h-05EFh,0620h-064Fh \
  -ASFR0=00h-01Fh -ASFR1=080h-09Fh -ASFR2=0100h-011Fh -ASFR3=0180h-019Fh \
  -ASFR4=0200h-021Fh -ASFR5=0280h-029Fh -ASFR6=0300h-031Fh \
  -ASFR7=0380h-039Fh -ASFR8=0400h-041Fh -ASFR9=0480h-049Fh \
  -ASFR10=0500h-051Fh -ASFR11=0580h-059Fh -ASFR12=0600h-061Fh \
  -ASFR13=0680h-06EFh -ASFR14=0700h-076Fh -ASFR15=0780h-07EFh \
  -ASFR16=0800h-086Fh -ASFR17=0880h-08EFh -ASFR18=0900h-096Fh \
  -ASFR19=0980h-09EFh -ASFR20=0A00h-0A6Fh -ASFR21=0A80h-0AEFh \
  -ASFR22=0B00h-0B6Fh -ASFR23=0B80h-0BEFh -ASFR24=0C00h-0C6Fh \
  -ASFR25=0C80h-0CEFh -ASFR26=0D00h-0D6Fh -ASFR27=0D80h-0DEFh \
  -ASFR28=0E00h-0E6Fh -ASFR29=0E80h-0EEFh -ASFR30=0F00h-0F6Fh \
  -ASFR31=0F80h-0FEFh -ACONFIG=08007h-08009h -DCONFIG=2 \
  -AIDLOC=08000h-08003h -DIDLOC=2 -DCODE=2 -DSTRCODE=2 -DSTRING=2 -DCONST=2 \
  -DENTRY=2 -preset_vec=00h,intentry,init,end_init -ppowerup=CODE \
  -pcinit=CODE -pfunctab=ENTRY -k \
  C:\Users\chees\AppData\Local\Temp\xcAsnds.o \
  dist/default/debug\SolarRadio_PIC.X.debug.o 

Object code version is 3.11

Machine type is 16F1615



                Name                               Link     Load   Length Selector   Space Scale
C:\Users\chees\AppData\Local\Temp\xcAsnds.o
                end_init                              2        2        2        0       0
                reset_vec                             0        0        2        0       0
                config                             8007     8007        3        0       4
dist/default/debug\SolarRadio_PIC.X.debug.o
                cinit                               7CC      7CC       34      F98       0
                config                             8007     8007        3        0       4
                text29                              720      720       AC      E40       0
                text28                              45F      45F       31      8BE       0
                text27                              5B9      5B9       5C      B72       0
                text26                              40F      40F       26      81E       0
                text25                              615      615       60      C2A       0
                text24                              2AD      2AD       15      55A       0
                text23                              2C2      2C2       15      584       0
                text22                              2D7      2D7       15      5AE       0
                text21                              2EC      2EC       15      5D8       0
                text20                              259      259        C      4B2       0
                text19                              301      301       15      602       0
                text18                              274      274       13      4E8       0
                text17                              245      245        A      48A       0
                text16                              23E      23E        7      47C       0
                text15                              3D1      3D1       1E      7A2       0
                text14                              37A      37A       1D      6F4       0
                text13                              287      287       13      50E       0
                text12                              397      397       1D      72E       0
                text11                              29A      29A       13      534       0
                text10                              3B4      3B4       1D      768       0
                text9                               4CD      4CD       4A      99A       0
                text8                               265      265        F      4CA       0
                text7                               490      490       3D      920       0
                text6                               435      435       2A      86A       0
                text5                               562      562       57      AC4       0
                text4                               316      316       19      62C       0
                text3                               32F      32F       19      65E       0
                text2                               348      348       19      690       0
                text1                               361      361       19      6C2       0
                maintext                            675      675       AB      CEA       0
                cstackBANK0                          40       40       18       20       1
                cstackCOMMON                         70       70        E       70       1
                cstackBANK1                          A0       A0       4B       A0       1
                clrtext                             232      232        6      464       0
                inittext                            238      238        6      470       0
                dataBANK3                           1A0      1A0       4B      1A0       1
                dataBANK2                           120      120        A      120       1
                bssBANK1                             EB       EB        4       A0       1
                dataBANK0                            20       20       20       20       1
                bssBANK0                             58       58       17       20       1
                idataBANK3                          517      517       4B      A2E       0
                idataBANK2                          24F      24F        A      49E       0
                idataBANK0                          3EF      3EF       20      7DE       0

TOTAL           Name                               Link     Load   Length     Space
        CLASS   STACK          

        CLASS   CODE           
                end_init                              2        2        2         0
                cinit                               7CC      7CC       34         0
                reset_vec                             0        0        2         0
                text29                              720      720       AC         0
                text28                              45F      45F       31         0
                text27                              5B9      5B9       5C         0
                text26                              40F      40F       26         0
                text25                              615      615       60         0
                text24                              2AD      2AD       15         0
                text23                              2C2      2C2       15         0
                text22                              2D7      2D7       15         0
                text21                              2EC      2EC       15         0
                text20                              259      259        C         0
                text19                              301      301       15         0
                text18                              274      274       13         0
                text17                              245      245        A         0
                text16                              23E      23E        7         0
                text15                              3D1      3D1       1E         0
                text14                              37A      37A       1D         0
                text13                              287      287       13         0
                text12                              397      397       1D         0
                text11                              29A      29A       13         0
                text10                              3B4      3B4       1D         0
                text9                               4CD      4CD       4A         0
                text8                               265      265        F         0
                text7                               490      490       3D         0
                text6                               435      435       2A         0
                text5                               562      562       57         0
                text4                               316      316       19         0
                text3                               32F      32F       19         0
                text2                               348      348       19         0
                text1                               361      361       19         0
                maintext                            675      675       AB         0
                clrtext                             232      232        6         0
                inittext                            238      238        6         0
                idataBANK3                          517      517       4B         0
                idataBANK2                          24F      24F        A         0
                idataBANK0                          3EF      3EF       20         0

        CLASS   STRCODE        

        CLASS   STRING         

        CLASS   CONST          

        CLASS   ENTRY          

        CLASS   COMMON         
                cstackCOMMON                         70       70        E         1

        CLASS   BANK0          
                cstackBANK0                          40       40       18         1
                dataBANK0                            20       20       20         1
                bssBANK0                             58       58       17         1

        CLASS   BANK1          
                cstackBANK1                          A0       A0       4B         1
                bssBANK1                             EB       EB        4         1

        CLASS   BANK2          
                dataBANK2                           120      120        A         1

        CLASS   BANK3          
                dataBANK3                           1A0      1A0       4B         1

        CLASS   BANK4          

        CLASS   BANK5          

        CLASS   BANK6          

        CLASS   BANK7          

        CLASS   BANK8          

        CLASS   BANK9          

        CLASS   BANK10         

        CLASS   BANK11         

        CLASS   BANK12         

        CLASS   BIGRAM         

        CLASS   RAM            

        CLASS   ABS1           
                abs_s1                               7E       7E        2         1

        CLASS   SFR0           

        CLASS   SFR1           

        CLASS   SFR2           

        CLASS   SFR3           

        CLASS   SFR4           

        CLASS   SFR5           

        CLASS   SFR6           

        CLASS   SFR7           

        CLASS   SFR8           

        CLASS   SFR9           

        CLASS   SFR10          

        CLASS   SFR11          

        CLASS   SFR12          

        CLASS   SFR13          

        CLASS   SFR14          

        CLASS   SFR15          

        CLASS   SFR16          

        CLASS   SFR17          

        CLASS   SFR18          

        CLASS   SFR19          

        CLASS   SFR20          

        CLASS   SFR21          

        CLASS   SFR22          

        CLASS   SFR23          

        CLASS   SFR24          

        CLASS   SFR25          

        CLASS   SFR26          

        CLASS   SFR27          

        CLASS   SFR28          

        CLASS   SFR29          

        CLASS   SFR30          

        CLASS   SFR31          

        CLASS   CONFIG         
                config                             8007     8007        3         4

        CLASS   IDLOC          

        CLASS   BANK31         

        CLASS   BANK30         

        CLASS   BANK29         

        CLASS   BANK28         

        CLASS   BANK27         

        CLASS   BANK26         

        CLASS   BANK25         

        CLASS   BANK24         

        CLASS   BANK23         

        CLASS   BANK22         

        CLASS   BANK21         

        CLASS   BANK20         

        CLASS   BANK19         

        CLASS   BANK18         

        CLASS   BANK17         

        CLASS   BANK16         

        CLASS   BANK15         

        CLASS   BANK14         

        CLASS   BANK13         

        CLASS   EEDATA         



SEGMENTS        Name                           Load    Length   Top    Selector   Space  Class     Delta

                reset_vec                      000000  000004  000004         0       0  CODE        2
                dataBANK0                      000020  00004F  00006F        20       1  BANK0       1
                cstackCOMMON                   000070  00000E  00007E        70       1  COMMON      1
                cstackBANK1                    0000A0  00004F  0000EF        A0       1  BANK1       1
                dataBANK2                      000120  00000A  00012A       120       1  BANK2       1
                dataBANK3                      0001A0  00004B  0001EB       1A0       1  BANK3       1
                clrtext                        000232  000006  000238       464       0  CODE        2
                inittext                       000238  000006  00023E       470       0  CODE        2
                text16                         00023E  000007  000245       47C       0  CODE        2
                text17                         000245  00000A  00024F       48A       0  CODE        2
                idataBANK2                     00024F  00000A  000259       49E       0  CODE        2
                text20                         000259  00000C  000265       4B2       0  CODE        2
                text8                          000265  00000F  000274       4CA       0  CODE        2
                text18                         000274  000013  000287       4E8       0  CODE        2
                text13                         000287  000013  00029A       50E       0  CODE        2
                text11                         00029A  000013  0002AD       534       0  CODE        2
                text24                         0002AD  000015  0002C2       55A       0  CODE        2
                text23                         0002C2  000015  0002D7       584       0  CODE        2
                text22                         0002D7  000015  0002EC       5AE       0  CODE        2
                text21                         0002EC  000015  000301       5D8       0  CODE        2
                text19                         000301  000015  000316       602       0  CODE        2
                text4                          000316  000019  00032F       62C       0  CODE        2
                text3                          00032F  000019  000348       65E       0  CODE        2
                text2                          000348  000019  000361       690       0  CODE        2
                text1                          000361  000019  00037A       6C2       0  CODE        2
                text14                         00037A  00001D  000397       6F4       0  CODE        2
                text12                         000397  00001D  0003B4       72E       0  CODE        2
                text10                         0003B4  00001D  0003D1       768       0  CODE        2
                text15                         0003D1  00001E  0003EF       7A2       0  CODE        2
                idataBANK0                     0003EF  000020  00040F       7DE       0  CODE        2
                text26                         00040F  000026  000435       81E       0  CODE        2
                text6                          000435  00002A  00045F       86A       0  CODE        2
                text28                         00045F  000031  000490       8BE       0  CODE        2
                text7                          000490  00003D  0004CD       920       0  CODE        2
                text9                          0004CD  00004A  000517       99A       0  CODE        2
                idataBANK3                     000517  00004B  000562       A2E       0  CODE        2
                text5                          000562  000057  0005B9       AC4       0  CODE        2
                text27                         0005B9  00005C  000615       B72       0  CODE        2
                text25                         000615  000060  000675       C2A       0  CODE        2
                maintext                       000675  0000AB  000720       CEA       0  CODE        2
                text29                         000720  0000AC  0007CC       E40       0  CODE        2
                cinit                          0007CC  000034  000800       F98       0  CODE        2


UNUSED ADDRESS RANGES

        Name                Unused          Largest block    Delta
        BANK0            0006F-0006F               1           1
        BANK1            000EF-000EF               1           1
        BANK10           00520-0056F              50           1
        BANK11           005A0-005EF              50           1
        BANK12           00620-0064F              30           1
        BANK2            0012A-0016F              46           1
        BANK3            001EB-001EF               5           1
        BANK4            00220-0026F              50           1
        BANK5            002A0-002EF              50           1
        BANK6            00320-0036F              50           1
        BANK7            003A0-003EF              50           1
        BANK8            00420-0046F              50           1
        BANK9            004A0-004EF              50           1
        BIGRAM           02000-023EF             3F0           1
        CODE             00004-00231             22E           2
                         00800-01FFF             800
        CONST            00004-00231             100           2
                         00800-01FFF             100
        ENTRY            00004-00231             100           2
                         00800-01FFF             100
        IDLOC            08000-08003               4           2
        RAM              0006F-0006F               1           1
                         000EF-000EF               1
                         0012A-0016F              46
                         001EB-001EF               5
                         00220-0026F              50
                         002A0-002EF              50
                         00320-0036F              50
                         003A0-003EF              50
                         00420-0046F              50
                         004A0-004EF              50
                         00520-0056F              50
                         005A0-005EF              50
                         00620-0064F              30
        SFR0             00000-0001F              20           1
        SFR1             00080-0009F              20           1
        SFR10            00500-0051F              20           1
        SFR11            00580-0059F              20           1
        SFR12            00600-0061F              20           1
        SFR13            00680-006EF              70           1
        SFR14            00700-0076F              70           1
        SFR15            00780-007EF              70           1
        SFR16            00800-0086F              70           1
        SFR17            00880-008EF              70           1
        SFR18            00900-0096F              70           1
        SFR19            00980-009EF              70           1
        SFR2             00100-0011F              20           1
        SFR20            00A00-00A6F              70           1
        SFR21            00A80-00AEF              70           1
        SFR22            00B00-00B6F              70           1
        SFR23            00B80-00BEF              70           1
        SFR24            00C00-00C6F              70           1
        SFR25            00C80-00CEF              70           1
        SFR26            00D00-00D6F              70           1
        SFR27            00D80-00DEF              70           1
        SFR28            00E00-00E6F              70           1
        SFR29            00E80-00EEF              70           1
        SFR3             00180-0019F              20           1
        SFR30            00F00-00F6F              70           1
        SFR31            00F80-00FEF              70           1
        SFR4             00200-0021F              20           1
        SFR5             00280-0029F              20           1
        SFR6             00300-0031F              20           1
        SFR7             00380-0039F              20           1
        SFR8             00400-0041F              20           1
        SFR9             00480-0049F              20           1
        STACK            0213B-023EF             2B5           1
        STRCODE          00004-00231             22E           2
                         00800-01FFF            1800
        STRING           00004-00231             100           2
                         00800-01FFF             100

                                  Symbol Table

?___xxtofl                       cstackCOMMON 00070
?_bytesToFloat                   cstackBANK0  00040
_ANSELA                          (abs)        0018C
_ANSELC                          (abs)        0018E
_PORTA                           (abs)        0000C
_PORTCbits                       (abs)        0000E
_RC0PPS                          (abs)        00EA0
_RC3PPS                          (abs)        00EA3
_RSSI                            bssBANK1     000ED
_SSP1BUF                         (abs)        00211
_SSP1CON1bits                    (abs)        00215
_SSP1CONbits                     (abs)        00215
_SSP1STATbits                    (abs)        00214
_SSPDATPPS                       (abs)        00E21
_TRISA2                          (abs)        00462
_TRISA5                          (abs)        00465
_TRISC0                          (abs)        00470
_TRISC1                          (abs)        00471
_TRISC2                          (abs)        00472
_TRISC3                          (abs)        00473
_TRISC5                          (abs)        00475
_TRIS_ANS_Setup                  text20       00259
__Habs1                          abs1         00000
__Hbank0                         bank0        00000
__Hbank1                         bank1        00000
__Hbank10                        bank10       00000
__Hbank11                        bank11       00000
__Hbank12                        bank12       00000
__Hbank13                        bank13       00000
__Hbank14                        bank14       00000
__Hbank15                        bank15       00000
__Hbank16                        bank16       00000
__Hbank17                        bank17       00000
__Hbank18                        bank18       00000
__Hbank19                        bank19       00000
__Hbank2                         bank2        00000
__Hbank20                        bank20       00000
__Hbank21                        bank21       00000
__Hbank22                        bank22       00000
__Hbank23                        bank23       00000
__Hbank24                        bank24       00000
__Hbank25                        bank25       00000
__Hbank26                        bank26       00000
__Hbank27                        bank27       00000
__Hbank28                        bank28       00000
__Hbank29                        bank29       00000
__Hbank3                         bank3        00000
__Hbank30                        bank30       00000
__Hbank31                        bank31       00000
__Hbank4                         bank4        00000
__Hbank5                         bank5        00000
__Hbank6                         bank6        00000
__Hbank7                         bank7        00000
__Hbank8                         bank8        00000
__Hbank9                         bank9        00000
__Hbigram                        bigram       00000
__HbssBANK0                      bssBANK0     00000
__HbssBANK1                      bssBANK1     00000
__Hcinit                         cinit        00800
__Hclrtext                       clrtext      00000
__Hcode                          code         00000
__Hcommon                        common       00000
__Hconfig                        config       0800A
__HcstackBANK0                   cstackBANK0  00000
__HcstackBANK1                   cstackBANK1  00000
__HcstackCOMMON                  cstackCOMMON 00000
__HdataBANK0                     dataBANK0    00000
__HdataBANK2                     dataBANK2    00000
__HdataBANK3                     dataBANK3    00000
__Heeprom_data                   eeprom_data  00000
__Hend_init                      end_init     00004
__Hfunctab                       functab      00000
__HidataBANK0                    idataBANK0   00000
__HidataBANK2                    idataBANK2   00000
__HidataBANK3                    idataBANK3   00000
__Hinit                          init         00002
__Hinittext                      inittext     00000
__Hintentry                      intentry     00002
__Hmaintext                      maintext     00000
__Hpowerup                       powerup      00000
__Hram                           ram          00000
__Hreset_vec                     reset_vec    00002
__Hsfr0                          sfr0         00000
__Hsfr1                          sfr1         00000
__Hsfr10                         sfr10        00000
__Hsfr11                         sfr11        00000
__Hsfr12                         sfr12        00000
__Hsfr13                         sfr13        00000
__Hsfr14                         sfr14        00000
__Hsfr15                         sfr15        00000
__Hsfr16                         sfr16        00000
__Hsfr17                         sfr17        00000
__Hsfr18                         sfr18        00000
__Hsfr19                         sfr19        00000
__Hsfr2                          sfr2         00000
__Hsfr20                         sfr20        00000
__Hsfr21                         sfr21        00000
__Hsfr22                         sfr22        00000
__Hsfr23                         sfr23        00000
__Hsfr24                         sfr24        00000
__Hsfr25                         sfr25        00000
__Hsfr26                         sfr26        00000
__Hsfr27                         sfr27        00000
__Hsfr28                         sfr28        00000
__Hsfr29                         sfr29        00000
__Hsfr3                          sfr3         00000
__Hsfr30                         sfr30        00000
__Hsfr31                         sfr31        00000
__Hsfr4                          sfr4         00000
__Hsfr5                          sfr5         00000
__Hsfr6                          sfr6         00000
__Hsfr7                          sfr7         00000
__Hsfr8                          sfr8         00000
__Hsfr9                          sfr9         00000
__Hspace_0                       (abs)        00800
__Hspace_1                       (abs)        001EB
__Hspace_2                       (abs)        00000
__Hspace_3                       (abs)        00000
__Hspace_4                       (abs)        10011
__Hstack                         stack        00000
__Hstrings                       strings      00000
__Htext                          text         00000
__Labs1                          abs1         00000
__Lbank0                         bank0        00000
__Lbank1                         bank1        00000
__Lbank10                        bank10       00000
__Lbank11                        bank11       00000
__Lbank12                        bank12       00000
__Lbank13                        bank13       00000
__Lbank14                        bank14       00000
__Lbank15                        bank15       00000
__Lbank16                        bank16       00000
__Lbank17                        bank17       00000
__Lbank18                        bank18       00000
__Lbank19                        bank19       00000
__Lbank2                         bank2        00000
__Lbank20                        bank20       00000
__Lbank21                        bank21       00000
__Lbank22                        bank22       00000
__Lbank23                        bank23       00000
__Lbank24                        bank24       00000
__Lbank25                        bank25       00000
__Lbank26                        bank26       00000
__Lbank27                        bank27       00000
__Lbank28                        bank28       00000
__Lbank29                        bank29       00000
__Lbank3                         bank3        00000
__Lbank30                        bank30       00000
__Lbank31                        bank31       00000
__Lbank4                         bank4        00000
__Lbank5                         bank5        00000
__Lbank6                         bank6        00000
__Lbank7                         bank7        00000
__Lbank8                         bank8        00000
__Lbank9                         bank9        00000
__Lbigram                        bigram       00000
__LbssBANK0                      bssBANK0     00000
__LbssBANK1                      bssBANK1     00000
__Lcinit                         cinit        007CC
__Lclrtext                       clrtext      00000
__Lcode                          code         00000
__Lcommon                        common       00000
__Lconfig                        config       00000
__LcstackBANK0                   cstackBANK0  00000
__LcstackBANK1                   cstackBANK1  00000
__LcstackCOMMON                  cstackCOMMON 00000
__LdataBANK0                     dataBANK0    00000
__LdataBANK2                     dataBANK2    00000
__LdataBANK3                     dataBANK3    00000
__Leeprom_data                   eeprom_data  00000
__Lend_init                      end_init     00002
__Lfunctab                       functab      00000
__LidataBANK0                    idataBANK0   00000
__LidataBANK2                    idataBANK2   00000
__LidataBANK3                    idataBANK3   00000
__Linit                          init         00002
__Linittext                      inittext     00000
__Lintentry                      intentry     00002
__Lmaintext                      maintext     00000
__Lpowerup                       powerup      00000
__Lram                           ram          00000
__Lreset_vec                     reset_vec    00000
__Lsfr0                          sfr0         00000
__Lsfr1                          sfr1         00000
__Lsfr10                         sfr10        00000
__Lsfr11                         sfr11        00000
__Lsfr12                         sfr12        00000
__Lsfr13                         sfr13        00000
__Lsfr14                         sfr14        00000
__Lsfr15                         sfr15        00000
__Lsfr16                         sfr16        00000
__Lsfr17                         sfr17        00000
__Lsfr18                         sfr18        00000
__Lsfr19                         sfr19        00000
__Lsfr2                          sfr2         00000
__Lsfr20                         sfr20        00000
__Lsfr21                         sfr21        00000
__Lsfr22                         sfr22        00000
__Lsfr23                         sfr23        00000
__Lsfr24                         sfr24        00000
__Lsfr25                         sfr25        00000
__Lsfr26                         sfr26        00000
__Lsfr27                         sfr27        00000
__Lsfr28                         sfr28        00000
__Lsfr29                         sfr29        00000
__Lsfr3                          sfr3         00000
__Lsfr30                         sfr30        00000
__Lsfr31                         sfr31        00000
__Lsfr4                          sfr4         00000
__Lsfr5                          sfr5         00000
__Lsfr6                          sfr6         00000
__Lsfr7                          sfr7         00000
__Lsfr8                          sfr8         00000
__Lsfr9                          sfr9         00000
__Lspace_0                       (abs)        00000
__Lspace_1                       (abs)        00000
__Lspace_2                       (abs)        00000
__Lspace_3                       (abs)        00000
__Lspace_4                       (abs)        00000
__Lstack                         stack        00000
__Lstrings                       strings      00000
__Ltext                          text         00000
__S0                             (abs)        00800
__S1                             (abs)        001EB
__S2                             (abs)        00000
___int_sp                        stack        00000
___latbits                       (abs)        00002
___sp                            stack        00000
___stackhi                       (abs)        023EF
___stacklo                       (abs)        0213B
___xxtofl                        text29       00720
___xxtofl@arg                    cstackCOMMON 0007A
___xxtofl@exp                    cstackCOMMON 00079
___xxtofl@sign                   cstackCOMMON 00078
___xxtofl@val                    cstackCOMMON 00070
__end_of_TRIS_ANS_Setup          text20       00265
__end_of___xxtofl                text29       007CC
__end_of__initialization         cinit        007FD
__end_of_bytesToFloat            text28       00490
__end_of_getFifoFlags            text24       002C2
__end_of_getModeFlags            text23       002D7
__end_of_getOperatingMode        text22       002EC
__end_of_getRSSI                 text21       00301
__end_of_init                    text16       00245
__end_of_initRadio               text6        0045F
__end_of_main                    maintext     00720
__end_of_receivePayload          text5        005B9
__end_of_resetRadio              text19       00316
__end_of_rfmSetup                text17       0024F
__end_of_send                    text27       00615
__end_of_sendBulk                text25       00675
__end_of_sendPairs               text9        00517
__end_of_setAutoMode             text4        0032F
__end_of_setDiodeMapping         text3        00348
__end_of_setModulationThreshold  text15       003EF
__end_of_setNodeAddress          text14       00397
__end_of_setOperatingMode        text2        00361
__end_of_setPacketFormat         text13       0029A
__end_of_setPacketLength         text12       003B4
__end_of_setPinWithMask          text26       00435
__end_of_setPowerOutput          text1        0037A
__end_of_setPreambleLength       text11       002AD
__end_of_setRSSIThreshold        text10       003D1
__end_of_setRecommendedParams    text8        00274
__end_of_setSyncWords            text7        004CD
__end_of_spi_init_master         text18       00287
__initialization                 cinit        007CC
__pbssBANK0                      bssBANK0     00058
__pbssBANK1                      bssBANK1     000EB
__pcstackBANK0                   cstackBANK0  00040
__pcstackBANK1                   cstackBANK1  000A0
__pcstackCOMMON                  cstackCOMMON 00070
__pdataBANK0                     dataBANK0    00020
__pdataBANK2                     dataBANK2    00120
__pdataBANK3                     dataBANK3    001A0
__pidataBANK0                    idataBANK0   003EF
__pidataBANK2                    idataBANK2   0024F
__pidataBANK3                    idataBANK3   00517
__pmaintext                      maintext     00675
__ptext1                         text1        00361
__ptext10                        text10       003B4
__ptext11                        text11       0029A
__ptext12                        text12       00397
__ptext13                        text13       00287
__ptext14                        text14       0037A
__ptext15                        text15       003D1
__ptext16                        text16       0023E
__ptext17                        text17       00245
__ptext18                        text18       00274
__ptext19                        text19       00301
__ptext2                         text2        00348
__ptext20                        text20       00259
__ptext21                        text21       002EC
__ptext22                        text22       002D7
__ptext23                        text23       002C2
__ptext24                        text24       002AD
__ptext25                        text25       00615
__ptext26                        text26       0040F
__ptext27                        text27       005B9
__ptext28                        text28       0045F
__ptext29                        text29       00720
__ptext3                         text3        0032F
__ptext4                         text4        00316
__ptext5                         text5        00562
__ptext6                         text6        00435
__ptext7                         text7        00490
__ptext8                         text8        00265
__ptext9                         text9        004CD
__size_of_TRIS_ANS_Setup         (abs)        00000
__size_of___xxtofl               (abs)        00000
__size_of_bytesToFloat           (abs)        00000
__size_of_getFifoFlags           (abs)        00000
__size_of_getModeFlags           (abs)        00000
__size_of_getOperatingMode       (abs)        00000
__size_of_getRSSI                (abs)        00000
__size_of_init                   (abs)        00000
__size_of_initRadio              (abs)        00000
__size_of_main                   (abs)        00000
__size_of_receivePayload         (abs)        00000
__size_of_resetRadio             (abs)        00000
__size_of_rfmSetup               (abs)        00000
__size_of_send                   (abs)        00000
__size_of_sendBulk               (abs)        00000
__size_of_sendPairs              (abs)        00000
__size_of_setAutoMode            (abs)        00000
__size_of_setDiodeMapping        (abs)        00000
__size_of_setModulationThreshold (abs)        00000
__size_of_setNodeAddress         (abs)        00000
__size_of_setOperatingMode       (abs)        00000
__size_of_setPacketFormat        (abs)        00000
__size_of_setPacketLength        (abs)        00000
__size_of_setPinWithMask         (abs)        00000
__size_of_setPowerOutput         (abs)        00000
__size_of_setPreambleLength      (abs)        00000
__size_of_setRSSIThreshold       (abs)        00000
__size_of_setRecommendedParams   (abs)        00000
__size_of_setSyncWords           (abs)        00000
__size_of_spi_init_master        (abs)        00000
_bytesToFloat                    text28       0045F
_fifoFlags                       bssBANK1     000EC
_getFifoFlags                    text24       002AD
_getModeFlags                    text23       002C2
_getOperatingMode                text22       002D7
_getRSSI                         text21       002EC
_init                            text16       0023E
_initRadio                       text6        00435
_main                            maintext     00675
_modeFlags                       bssBANK1     000EB
_operatingMode                   bssBANK1     000EE
_receivePayload                  text5        00562
_recommended_params              dataBANK2    00120
_resetRadio                      text19       00301
_rfmSetup                        text17       00245
_send                            text27       005B9
_sendBulk                        text25       00615
_sendPairs                       text9        004CD
_setAutoMode                     text4        00316
_setDiodeMapping                 text3        0032F
_setModulationThreshold          text15       003D1
_setNodeAddress                  text14       0037A
_setOperatingMode                text2        00348
_setPacketFormat                 text13       00287
_setPacketLength                 text12       00397
_setPinWithMask                  text26       0040F
_setPowerOutput                  text1        00361
_setPreambleLength               text11       0029A
_setRSSIThreshold                text10       003B4
_setRecommendedParams            text8        00265
_setSyncWords                    text7        00490
_spi_init_master                 text18       00274
_thermistorTemp                  bssBANK0     00058
btemp                            (abs)        0007E
bytesToFloat@bytes               cstackBANK0  00048
checkForPayload@F9455            dataBANK0    0003C
checkRSSISampling@F9502          dataBANK0    0002E
clear_ram0                       clrtext      00232
end_of_initialization            cinit        007FD
getFifoFlags@F9481               dataBANK0    00036
getFifoFlags@msg                 cstackBANK0  00043
getFifoFlags@radio               cstackBANK0  00045
getModeFlags@F9498               dataBANK0    00030
getModeFlags@msg                 cstackBANK0  00044
getModeFlags@radio               cstackBANK0  00043
getOperatingMode@F9489           dataBANK0    00032
getOperatingMode@msg             cstackBANK0  00044
getOperatingMode@radio           cstackBANK0  00043
getPowerSettings@F9514           dataBANK0    00028
getRSSI@F9477                    dataBANK0    00038
getRSSI@msg                      cstackBANK0  00044
getRSSI@radio                    cstackBANK0  00043
getRSSIThreshold@F9485           dataBANK0    00034
initRadio@radio                  cstackBANK0  00050
init_ram                         inittext     00238
intlevel0                        functab      00000
intlevel1                        functab      00000
intlevel2                        functab      00000
intlevel3                        functab      00000
intlevel4                        functab      00000
intlevel5                        functab      00000
main@F9417                       dataBANK3    001A0
main@i                           cstackBANK0  00056
main@radio                       cstackBANK1  000A0
main@reversedPayload             cstackBANK0  00052
receivePayload@i                 cstackCOMMON 00078
receivePayload@radio             cstackCOMMON 0007A
reset_vec                        reset_vec    00000
restartRx@F9510                  dataBANK0    0002A
send@msg                         cstackCOMMON 00070
send@radio                       cstackCOMMON 00074
send@temp                        cstackCOMMON 00073
sendBulk@i                       cstackBANK0  00040
sendBulk@len                     cstackCOMMON 00077
sendBulk@msgs                    cstackCOMMON 00076
sendBulk@radio                   cstackBANK0  00042
sendPairs@i                      cstackBANK0  00049
sendPairs@len                    cstackBANK0  00044
sendPairs@msg                    cstackBANK0  00047
sendPairs@msgs                   cstackBANK0  00043
sendPairs@radio                  cstackBANK0  00046
setAutoMode@autoModes            cstackCOMMON 0007C
setAutoMode@msg                  cstackBANK0  00046
setAutoMode@radio                cstackBANK0  00045
setDiodeMapping@mapping          cstackCOMMON 0007C
setDiodeMapping@msg              cstackBANK0  00046
setDiodeMapping@radio            cstackBANK0  00045
setModulationThreshold@msg       cstackBANK0  00043
setModulationThreshold@radio     cstackBANK0  00045
setNodeAddress@msg               cstackBANK0  00043
setNodeAddress@radio             cstackBANK0  00045
setOperatingMode@msg             cstackBANK0  00046
setOperatingMode@operatingMode   cstackCOMMON 0007C
setOperatingMode@radio           cstackBANK0  00045
setPacketFormat@F9440            dataBANK0    0003E
setPacketFormat@msg              cstackBANK0  00043
setPacketFormat@radio            cstackBANK0  00045
setPacketLength@msg              cstackBANK0  00043
setPacketLength@radio            cstackBANK0  00045
setPinWithMask@iPin              cstackCOMMON 00072
setPinWithMask@pPort             cstackCOMMON 00070
setPinWithMask@value             cstackCOMMON 00073
setPowerOutput@msg               cstackBANK0  00046
setPowerOutput@powerSettings     cstackCOMMON 0007C
setPowerOutput@radio             cstackBANK0  00045
setPreambleLength@F9462          dataBANK0    0003A
setPreambleLength@msg            cstackBANK0  00043
setPreambleLength@radio          cstackBANK0  00045
setRSSIThreshold@msg             cstackBANK0  00043
setRSSIThreshold@radio           cstackBANK0  00045
setRecommendedParams@radio       cstackBANK0  0004C
setSyncWords@i                   cstackBANK0  0004E
setSyncWords@msg                 cstackBANK0  00043
setSyncWords@radio               cstackBANK0  0004D
start                            init         00002
startRSSISampling@F9506          dataBANK0    0002C
start_initialization             cinit        007CC
wtemp0                           (abs)        0007E


MODULE INFORMATION

Module		Function		Class		Link	Load	Size
C:\Program Files (x86)\MPLAB X\Compilers\XC8\pic\sources\c99\common\xxtofl.c
		___xxtofl      		CODE           	0720	0000	172

C:\Program Files (x86)\MPLAB X\Compilers\XC8\pic\sources\c99\common\xxtofl.c estimated size: 172

RFM69HCW.c
		_setPowerOutput		CODE           	0361	0000	25
		_sendPairs     		CODE           	04CD	0000	74
		_setRecommendedParams		CODE           	0265	0000	15
		_setPacketLength		CODE           	0397	0000	29
		_setPacketFormat		CODE           	0287	0000	19
		_initRadio     		CODE           	0435	0000	42
		_setPinWithMask		CODE           	040F	0000	38
		_setSyncWords  		CODE           	0490	0000	61
		_getRSSI       		CODE           	02EC	0000	21
		_setNodeAddress		CODE           	037A	0000	29
		_setAutoMode   		CODE           	0316	0000	25
		_getOperatingMode		CODE           	02D7	0000	21
		_setRSSIThreshold		CODE           	03B4	0000	29
		_sendBulk      		CODE           	0615	0000	96
		_setPreambleLength		CODE           	029A	0000	19
		_setModulationThreshold		CODE           	03D1	0000	30
		_setOperatingMode		CODE           	0348	0000	25
		_send          		CODE           	05B9	0000	92
		_receivePayload		CODE           	0562	0000	87
		_setDiodeMapping		CODE           	032F	0000	25
		_getFifoFlags  		CODE           	02AD	0000	21
		_getModeFlags  		CODE           	02C2	0000	21

RFM69HCW.c estimated size: 844

shared
		__initialization		CODE           	07CC	0000	49

shared estimated size: 49

receiver.c
		_resetRadio    		CODE           	0301	0000	21
		_init          		CODE           	023E	0000	7
		_rfmSetup      		CODE           	0245	0000	10
		_spi_init_master		CODE           	0274	0000	19
		_main          		CODE           	0675	0000	171
		_bytesToFloat  		CODE           	045F	0000	49
		_TRIS_ANS_Setup		CODE           	0259	0000	12

receiver.c estimated size: 289

