Microchip MPLAB XC8 Compiler V2.05 ()

Linker command line:

-W-3 --edf=C:\Program Files (x86)\Microchip\xc8\v2.05\pic\dat\en_msgs.txt \
  -cs -h+dist/default/debug\TURN_ON_LED.X.debug.sym \
  --cmf=dist/default/debug\TURN_ON_LED.X.debug.cmf -z -Q16F1615 \
  -oC:\Users\User\AppData\Local\Temp\s390.2 --defsym=__MPLAB_BUILD=1 \
  -Mdist/default/debug/TURN_ON_LED.X.debug.map -E1 -ver=XC8 --acfsm=1493 \
  -ASTACK=020C3h-023EFh -pstack=STACK -ACODE=00h-07FFhx4 \
  -ASTRCODE=00h-01FFFh -ASTRING=00h-0FFhx32 -ACONST=00h-0FFhx32 \
  -AENTRY=00h-0FFhx32 -ACOMMON=070h-07Fh -ABANK0=020h-06Fh \
  -ABANK1=0A0h-0EFh -ABANK2=0120h-016Fh -ABANK3=01A0h-01EFh \
  -ABANK4=0220h-026Fh -ABANK5=02A0h-02EFh -ABANK6=0320h-036Fh \
  -ABANK7=03A0h-03EFh -ABANK8=0420h-046Fh -ABANK9=04A0h-04EFh \
  -ABANK10=0520h-056Fh -ABANK11=05A0h-05EFh -ABANK12=0620h-064Fh \
  -ABIGRAM=02000h-023EFh \
  -ARAM=020h-06Fh,0A0h-0EFh,0120h-016Fh,01A0h-01EFh,0220h-026Fh,02A0h-02EFh,0320h-036Fh,03A0h-03EFh,0420h-046Fh,04A0h-04EFh,0520h-056Fh,05A0h-05EFh,0620h-064Fh \
  -AABS1=020h-07Fh,0A0h-0EFh,0120h-016Fh,01A0h-01EFh,0220h-026Fh,02A0h-02EFh,0320h-036Fh,03A0h-03EFh,0420h-046Fh,04A0h-04EFh,0520h-056Fh,05A0h-05EFh,0620h-064Fh \
  -ASFR0=00h-01Fh -ASFR1=080h-09Fh -ASFR2=0100h-011Fh -ASFR3=0180h-019Fh \
  -ASFR4=0200h-021Fh -ASFR5=0280h-029Fh -ASFR6=0300h-031Fh \
  -ASFR7=0380h-039Fh -ASFR8=0400h-041Fh -ASFR9=0480h-049Fh \
  -ASFR10=0500h-051Fh -ASFR11=0580h-059Fh -ASFR12=0600h-061Fh \
  -ASFR13=0680h-06EFh -ASFR14=0700h-076Fh -ASFR15=0780h-07EFh \
  -ASFR16=0800h-086Fh -ASFR17=0880h-08EFh -ASFR18=0900h-096Fh \
  -ASFR19=0980h-09EFh -ASFR20=0A00h-0A6Fh -ASFR21=0A80h-0AEFh \
  -ASFR22=0B00h-0B6Fh -ASFR23=0B80h-0BEFh -ASFR24=0C00h-0C6Fh \
  -ASFR25=0C80h-0CEFh -ASFR26=0D00h-0D6Fh -ASFR27=0D80h-0DEFh \
  -ASFR28=0E00h-0E6Fh -ASFR29=0E80h-0EEFh -ASFR30=0F00h-0F6Fh \
  -ASFR31=0F80h-0FEFh -preset_vec=00h,intentry,init,end_init -ppowerup=CODE \
  -pcinit=CODE -pfunctab=ENTRY -ACONFIG=08007h-08009h -pconfig=CONFIG \
  -DCONFIG=2 -AIDLOC=08000h-08003h -pidloc=IDLOC -DIDLOC=2 -DCODE=2 \
  -DSTRCODE=2 -DSTRING=2 -DCONST=2 -DENTRY=2 -k \
  C:\Users\User\AppData\Local\Temp\s390.o \
  dist/default/debug\TURN_ON_LED.X.debug.o 

Object code version is 3.11

Machine type is 16F1615



                Name                               Link     Load   Length Selector   Space Scale
C:\Users\User\AppData\Local\Temp\s390.o
                end_init                              2        2        2        0       0
                reset_vec                             0        0        2        0       0
                config                             8007     8007        3    1000E       0
dist/default/debug\TURN_ON_LED.X.debug.o
                cinit                               7D1      7D1       2F      FA2       0
                text21                              446      446       15      88C       0
                text20                              4EA      4EA       1C      9D4       0
                text19                              522      522       1F      A44       0
                text18                              3FF      3FF        3      7FE       0
                text17                              5BB      5BB       34      B76       0
                text16                              66B      66B       50      CD6       0
                text15                              564      564       24      AC8       0
                text14                              6BB      6BB       52      D76       0
                text13                              422      422       12      844       0
                text12                              49F      49F       19      93E       0
                text11                              506      506       1C      A0C       0
                text10                              434      434       12      868       0
                text9                               4B8      4B8       19      970       0
                text8                               45B      45B       16      8B6       0
                text7                               4D1      4D1       19      9A2       0
                text6                               629      629       42      C52       0
                text5                               414      414        E      828       0
                text4                               5EF      5EF       3A      BDE       0
                text3                               588      588       33      B10       0
                text2                               76C      76C       65      ED8       0
                text1                               487      487       18      90E       0
                maintext                            70D      70D       5F      E1A       0
                cstackBANK0                          20       20       49       20       1
                cstackCOMMON                         70       70        E       70       1
                clrtext                             402      402        6      804       0
                inittext                            408      408        6      810       0
                dataBANK2                           120      120       23      120       1
                dataBANK1                            D9       D9       16       A0       1
                bssBANK1                             A0       A0       39       A0       1
                dataBANK0                            69       69        6       20       1
                bssBANK0                             6F       6F        1       20       1
                idataBANK2                          541      541       23      A82       0
                idataBANK1                          471      471       16      8E2       0
                idataBANK0                          40E      40E        6      81C       0

TOTAL           Name                               Link     Load   Length     Space
        CLASS   STACK          

        CLASS   CODE           
                end_init                              2        2        2         0
                cinit                               7D1      7D1       2F         0
                reset_vec                             0        0        2         0
                text21                              446      446       15         0
                text20                              4EA      4EA       1C         0
                text19                              522      522       1F         0
                text18                              3FF      3FF        3         0
                text17                              5BB      5BB       34         0
                text16                              66B      66B       50         0
                text15                              564      564       24         0
                text14                              6BB      6BB       52         0
                text13                              422      422       12         0
                text12                              49F      49F       19         0
                text11                              506      506       1C         0
                text10                              434      434       12         0
                text9                               4B8      4B8       19         0
                text8                               45B      45B       16         0
                text7                               4D1      4D1       19         0
                text6                               629      629       42         0
                text5                               414      414        E         0
                text4                               5EF      5EF       3A         0
                text3                               588      588       33         0
                text2                               76C      76C       65         0
                text1                               487      487       18         0
                maintext                            70D      70D       5F         0
                clrtext                             402      402        6         0
                inittext                            408      408        6         0
                idataBANK2                          541      541       23         0
                idataBANK1                          471      471       16         0
                idataBANK0                          40E      40E        6         0

        CLASS   STRCODE        

        CLASS   STRING         

        CLASS   CONST          

        CLASS   ENTRY          

        CLASS   COMMON         
                cstackCOMMON                         70       70        E         1

        CLASS   BANK0          
                cstackBANK0                          20       20       49         1
                dataBANK0                            69       69        6         1
                bssBANK0                             6F       6F        1         1

        CLASS   BANK1          
                dataBANK1                            D9       D9       16         1
                bssBANK1                             A0       A0       39         1

        CLASS   BANK2          
                dataBANK2                           120      120       23         1

        CLASS   BANK3          

        CLASS   BANK4          

        CLASS   BANK5          

        CLASS   BANK6          

        CLASS   BANK7          

        CLASS   BANK8          

        CLASS   BANK9          

        CLASS   BANK10         

        CLASS   BANK11         

        CLASS   BANK12         

        CLASS   BIGRAM         

        CLASS   RAM            

        CLASS   ABS1           
                abs_s1                               7E       7E        2         1

        CLASS   SFR0           

        CLASS   SFR1           

        CLASS   SFR2           

        CLASS   SFR3           

        CLASS   SFR4           

        CLASS   SFR5           

        CLASS   SFR6           

        CLASS   SFR7           

        CLASS   SFR8           

        CLASS   SFR9           

        CLASS   SFR10          

        CLASS   SFR11          

        CLASS   SFR12          

        CLASS   SFR13          

        CLASS   SFR14          

        CLASS   SFR15          

        CLASS   SFR16          

        CLASS   SFR17          

        CLASS   SFR18          

        CLASS   SFR19          

        CLASS   SFR20          

        CLASS   SFR21          

        CLASS   SFR22          

        CLASS   SFR23          

        CLASS   SFR24          

        CLASS   SFR25          

        CLASS   SFR26          

        CLASS   SFR27          

        CLASS   SFR28          

        CLASS   SFR29          

        CLASS   SFR30          

        CLASS   SFR31          

        CLASS   CONFIG         
                config                             8007     8007        3         0

        CLASS   IDLOC          

        CLASS   BANK31         

        CLASS   BANK30         

        CLASS   BANK29         

        CLASS   BANK28         

        CLASS   BANK27         

        CLASS   BANK26         

        CLASS   BANK25         

        CLASS   BANK24         

        CLASS   BANK23         

        CLASS   BANK22         

        CLASS   BANK21         

        CLASS   BANK20         

        CLASS   BANK19         

        CLASS   BANK18         

        CLASS   BANK17         

        CLASS   BANK16         

        CLASS   BANK15         

        CLASS   BANK14         

        CLASS   BANK13         

        CLASS   EEDATA         



SEGMENTS        Name                           Load    Length   Top    Selector   Space  Class     Delta

                reset_vec                      000000  000004  000004         0       0  CODE        2
                cstackBANK0                    000020  000050  000070        20       1  BANK0       1
                cstackCOMMON                   000070  00000E  00007E        70       1  COMMON      1
                bssBANK1                       0000A0  00004F  0000EF        A0       1  BANK1       1
                dataBANK2                      000120  000023  000143       120       1  BANK2       1
                text18                         0003FF  000003  000402       7FE       0  CODE        2
                clrtext                        000402  000006  000408       804       0  CODE        2
                inittext                       000408  000006  00040E       810       0  CODE        2
                idataBANK0                     00040E  000006  000414       81C       0  CODE        2
                text5                          000414  00000E  000422       828       0  CODE        2
                text13                         000422  000012  000434       844       0  CODE        2
                text10                         000434  000012  000446       868       0  CODE        2
                text21                         000446  000015  00045B       88C       0  CODE        2
                text8                          00045B  000016  000471       8B6       0  CODE        2
                idataBANK1                     000471  000016  000487       8E2       0  CODE        2
                text1                          000487  000018  00049F       90E       0  CODE        2
                text12                         00049F  000019  0004B8       93E       0  CODE        2
                text9                          0004B8  000019  0004D1       970       0  CODE        2
                text7                          0004D1  000019  0004EA       9A2       0  CODE        2
                text20                         0004EA  00001C  000506       9D4       0  CODE        2
                text11                         000506  00001C  000522       A0C       0  CODE        2
                text19                         000522  00001F  000541       A44       0  CODE        2
                idataBANK2                     000541  000023  000564       A82       0  CODE        2
                text15                         000564  000024  000588       AC8       0  CODE        2
                text3                          000588  000033  0005BB       B10       0  CODE        2
                text17                         0005BB  000034  0005EF       B76       0  CODE        2
                text4                          0005EF  00003A  000629       BDE       0  CODE        2
                text6                          000629  000042  00066B       C52       0  CODE        2
                text16                         00066B  000050  0006BB       CD6       0  CODE        2
                text14                         0006BB  000052  00070D       D76       0  CODE        2
                maintext                       00070D  00005F  00076C       E1A       0  CODE        2
                text2                          00076C  000065  0007D1       ED8       0  CODE        2
                cinit                          0007D1  00002F  000800       FA2       0  CODE        2
                config                         008007  000003  00800A     1000E       0  CONFIG      2


UNUSED ADDRESS RANGES

        Name                Unused          Largest block    Delta
        BANK1            000EF-000EF               1           1
        BANK10           00520-0056F              50           1
        BANK11           005A0-005EF              50           1
        BANK12           00620-0064F              30           1
        BANK2            00143-0016F              2D           1
        BANK3            001A0-001EF              50           1
        BANK4            00220-0026F              50           1
        BANK5            002A0-002EF              50           1
        BANK6            00320-0036F              50           1
        BANK7            003A0-003EF              50           1
        BANK8            00420-0046F              50           1
        BANK9            004A0-004EF              50           1
        BIGRAM           02000-023EF             3F0           1
        CODE             00004-003FE             3FB           2
                         00800-01FFF             800
        CONST            00004-003FE             100           2
                         00800-01FFF             100
        ENTRY            00004-003FE             100           2
                         00800-01FFF             100
        IDLOC            08000-08003               4           2
        RAM              000EF-000EF               1           1
                         00143-0016F              2D
                         001A0-001EF              50
                         00220-0026F              50
                         002A0-002EF              50
                         00320-0036F              50
                         003A0-003EF              50
                         00420-0046F              50
                         004A0-004EF              50
                         00520-0056F              50
                         005A0-005EF              50
                         00620-0064F              30
        SFR0             00000-0001F              20           1
        SFR1             00080-0009F              20           1
        SFR10            00500-0051F              20           1
        SFR11            00580-0059F              20           1
        SFR12            00600-0061F              20           1
        SFR13            00680-006EF              70           1
        SFR14            00700-0076F              70           1
        SFR15            00780-007EF              70           1
        SFR16            00800-0086F              70           1
        SFR17            00880-008EF              70           1
        SFR18            00900-0096F              70           1
        SFR19            00980-009EF              70           1
        SFR2             00100-0011F              20           1
        SFR20            00A00-00A6F              70           1
        SFR21            00A80-00AEF              70           1
        SFR22            00B00-00B6F              70           1
        SFR23            00B80-00BEF              70           1
        SFR24            00C00-00C6F              70           1
        SFR25            00C80-00CEF              70           1
        SFR26            00D00-00D6F              70           1
        SFR27            00D80-00DEF              70           1
        SFR28            00E00-00E6F              70           1
        SFR29            00E80-00EEF              70           1
        SFR3             00180-0019F              20           1
        SFR30            00F00-00F6F              70           1
        SFR31            00F80-00FEF              70           1
        SFR4             00200-0021F              20           1
        SFR5             00280-0029F              20           1
        SFR6             00300-0031F              20           1
        SFR7             00380-0039F              20           1
        SFR8             00400-0041F              20           1
        SFR9             00480-0049F              20           1
        STACK            020C3-023EF             32D           1
        STRCODE          00004-003FE             3FB           2
                         00800-01FFF            1800
        STRING           00004-003FE             100           2
                         00800-01FFF             100

                                  Symbol Table

_ANSELA                          (abs)        0018C
_ANSELC                          (abs)        0018E
_OSCCONbits                      (abs)        00099
_PORTA                           (abs)        0000C
_PORTCbits                       (abs)        0000E
_RC0PPS                          (abs)        00EA0
_RC3PPS                          (abs)        00EA3
_SSP1BUF                         (abs)        00211
_SSP1CON1bits                    (abs)        00215
_SSP1CONbits                     (abs)        00215
_SSP1STATbits                    (abs)        00214
_SSPDATPPS                       (abs)        00E21
_TRISAbits                       (abs)        0008C
_TRISCbits                       (abs)        0008E
__CFG_BOREN$ON                   (abs)        00000
__CFG_BORV$LO                    (abs)        00000
__CFG_CLKOUTEN$OFF               (abs)        00000
__CFG_CP$OFF                     (abs)        00000
__CFG_FCMEN$ON                   (abs)        00000
__CFG_FOSC$INTOSC                (abs)        00000
__CFG_IESO$ON                    (abs)        00000
__CFG_LPBOR$OFF                  (abs)        00000
__CFG_LVP$OFF                    (abs)        00000
__CFG_MCLRE$ON                   (abs)        00000
__CFG_PLLEN$ON                   (abs)        00000
__CFG_PPS1WAY$ON                 (abs)        00000
__CFG_PWRTE$OFF                  (abs)        00000
__CFG_STVREN$ON                  (abs)        00000
__CFG_WDTCCS$SWC                 (abs)        00000
__CFG_WDTCPS$WDTCPS1F            (abs)        00000
__CFG_WDTCWS$WDTCWSSW            (abs)        00000
__CFG_WDTE$OFF                   (abs)        00000
__CFG_WRT$OFF                    (abs)        00000
__CFG_ZCD$OFF                    (abs)        00000
__Habs1                          abs1         00000
__Hbank0                         bank0        00000
__Hbank1                         bank1        00000
__Hbank10                        bank10       00000
__Hbank11                        bank11       00000
__Hbank12                        bank12       00000
__Hbank13                        bank13       00000
__Hbank14                        bank14       00000
__Hbank15                        bank15       00000
__Hbank16                        bank16       00000
__Hbank17                        bank17       00000
__Hbank18                        bank18       00000
__Hbank19                        bank19       00000
__Hbank2                         bank2        00000
__Hbank20                        bank20       00000
__Hbank21                        bank21       00000
__Hbank22                        bank22       00000
__Hbank23                        bank23       00000
__Hbank24                        bank24       00000
__Hbank25                        bank25       00000
__Hbank26                        bank26       00000
__Hbank27                        bank27       00000
__Hbank28                        bank28       00000
__Hbank29                        bank29       00000
__Hbank3                         bank3        00000
__Hbank30                        bank30       00000
__Hbank31                        bank31       00000
__Hbank4                         bank4        00000
__Hbank5                         bank5        00000
__Hbank6                         bank6        00000
__Hbank7                         bank7        00000
__Hbank8                         bank8        00000
__Hbank9                         bank9        00000
__Hbigram                        bigram       00000
__HbssBANK0                      bssBANK0     00000
__HbssBANK1                      bssBANK1     00000
__Hcinit                         cinit        00800
__Hclrtext                       clrtext      00000
__Hcode                          code         00000
__Hcommon                        common       00000
__Hconfig                        config       0800A
__HcstackBANK0                   cstackBANK0  00000
__HcstackCOMMON                  cstackCOMMON 00000
__HdataBANK0                     dataBANK0    00000
__HdataBANK1                     dataBANK1    00000
__HdataBANK2                     dataBANK2    00000
__Heeprom_data                   eeprom_data  00000
__Hend_init                      end_init     00004
__Hfunctab                       functab      00000
__HidataBANK0                    idataBANK0   00000
__HidataBANK1                    idataBANK1   00000
__HidataBANK2                    idataBANK2   00000
__Hidloc                         idloc        00000
__Hinit                          init         00002
__Hinittext                      inittext     00000
__Hintentry                      intentry     00002
__Hmaintext                      maintext     00000
__Hpowerup                       powerup      00000
__Hram                           ram          00000
__Hreset_vec                     reset_vec    00002
__Hsfr0                          sfr0         00000
__Hsfr1                          sfr1         00000
__Hsfr10                         sfr10        00000
__Hsfr11                         sfr11        00000
__Hsfr12                         sfr12        00000
__Hsfr13                         sfr13        00000
__Hsfr14                         sfr14        00000
__Hsfr15                         sfr15        00000
__Hsfr16                         sfr16        00000
__Hsfr17                         sfr17        00000
__Hsfr18                         sfr18        00000
__Hsfr19                         sfr19        00000
__Hsfr2                          sfr2         00000
__Hsfr20                         sfr20        00000
__Hsfr21                         sfr21        00000
__Hsfr22                         sfr22        00000
__Hsfr23                         sfr23        00000
__Hsfr24                         sfr24        00000
__Hsfr25                         sfr25        00000
__Hsfr26                         sfr26        00000
__Hsfr27                         sfr27        00000
__Hsfr28                         sfr28        00000
__Hsfr29                         sfr29        00000
__Hsfr3                          sfr3         00000
__Hsfr30                         sfr30        00000
__Hsfr31                         sfr31        00000
__Hsfr4                          sfr4         00000
__Hsfr5                          sfr5         00000
__Hsfr6                          sfr6         00000
__Hsfr7                          sfr7         00000
__Hsfr8                          sfr8         00000
__Hsfr9                          sfr9         00000
__Hspace_0                       (abs)        0800A
__Hspace_1                       (abs)        00143
__Hspace_2                       (abs)        00000
__Hspace_3                       (abs)        00000
__Hstack                         stack        00000
__Hstrings                       strings      00000
__Htext                          text         00000
__Labs1                          abs1         00000
__Lbank0                         bank0        00000
__Lbank1                         bank1        00000
__Lbank10                        bank10       00000
__Lbank11                        bank11       00000
__Lbank12                        bank12       00000
__Lbank13                        bank13       00000
__Lbank14                        bank14       00000
__Lbank15                        bank15       00000
__Lbank16                        bank16       00000
__Lbank17                        bank17       00000
__Lbank18                        bank18       00000
__Lbank19                        bank19       00000
__Lbank2                         bank2        00000
__Lbank20                        bank20       00000
__Lbank21                        bank21       00000
__Lbank22                        bank22       00000
__Lbank23                        bank23       00000
__Lbank24                        bank24       00000
__Lbank25                        bank25       00000
__Lbank26                        bank26       00000
__Lbank27                        bank27       00000
__Lbank28                        bank28       00000
__Lbank29                        bank29       00000
__Lbank3                         bank3        00000
__Lbank30                        bank30       00000
__Lbank31                        bank31       00000
__Lbank4                         bank4        00000
__Lbank5                         bank5        00000
__Lbank6                         bank6        00000
__Lbank7                         bank7        00000
__Lbank8                         bank8        00000
__Lbank9                         bank9        00000
__Lbigram                        bigram       00000
__LbssBANK0                      bssBANK0     00000
__LbssBANK1                      bssBANK1     00000
__Lcinit                         cinit        007D1
__Lclrtext                       clrtext      00000
__Lcode                          code         00000
__Lcommon                        common       00000
__Lconfig                        config       08007
__LcstackBANK0                   cstackBANK0  00000
__LcstackCOMMON                  cstackCOMMON 00000
__LdataBANK0                     dataBANK0    00000
__LdataBANK1                     dataBANK1    00000
__LdataBANK2                     dataBANK2    00000
__Leeprom_data                   eeprom_data  00000
__Lend_init                      end_init     00002
__Lfunctab                       functab      00000
__LidataBANK0                    idataBANK0   00000
__LidataBANK1                    idataBANK1   00000
__LidataBANK2                    idataBANK2   00000
__Lidloc                         idloc        00000
__Linit                          init         00002
__Linittext                      inittext     00000
__Lintentry                      intentry     00002
__Lmaintext                      maintext     00000
__Lpowerup                       powerup      00000
__Lram                           ram          00000
__Lreset_vec                     reset_vec    00000
__Lsfr0                          sfr0         00000
__Lsfr1                          sfr1         00000
__Lsfr10                         sfr10        00000
__Lsfr11                         sfr11        00000
__Lsfr12                         sfr12        00000
__Lsfr13                         sfr13        00000
__Lsfr14                         sfr14        00000
__Lsfr15                         sfr15        00000
__Lsfr16                         sfr16        00000
__Lsfr17                         sfr17        00000
__Lsfr18                         sfr18        00000
__Lsfr19                         sfr19        00000
__Lsfr2                          sfr2         00000
__Lsfr20                         sfr20        00000
__Lsfr21                         sfr21        00000
__Lsfr22                         sfr22        00000
__Lsfr23                         sfr23        00000
__Lsfr24                         sfr24        00000
__Lsfr25                         sfr25        00000
__Lsfr26                         sfr26        00000
__Lsfr27                         sfr27        00000
__Lsfr28                         sfr28        00000
__Lsfr29                         sfr29        00000
__Lsfr3                          sfr3         00000
__Lsfr30                         sfr30        00000
__Lsfr31                         sfr31        00000
__Lsfr4                          sfr4         00000
__Lsfr5                          sfr5         00000
__Lsfr6                          sfr6         00000
__Lsfr7                          sfr7         00000
__Lsfr8                          sfr8         00000
__Lsfr9                          sfr9         00000
__Lspace_0                       (abs)        00000
__Lspace_1                       (abs)        00000
__Lspace_2                       (abs)        00000
__Lspace_3                       (abs)        00000
__Lstack                         stack        00000
__Lstrings                       strings      00000
__Ltext                          text         00000
__S0                             (abs)        0800A
__S1                             (abs)        00143
__S2                             (abs)        00000
___int_sp                        stack        00000
___latbits                       (abs)        00002
___sp                            stack        00000
___stackhi                       (abs)        023EF
___stacklo                       (abs)        020C3
__end_of__initialization         cinit        007FD
__end_of_init                    text18       00402
__end_of_initRadio               text3        005BB
__end_of_main                    maintext     0076C
__end_of_receive                 text17       005EF
__end_of_resetRadio              text21       0045B
__end_of_rfmSetup                text19       00541
__end_of_send                    text16       006BB
__end_of_sendBulk                text14       0070D
__end_of_sendPairs               text6        0066B
__end_of_sendPayload             text2        007D1
__end_of_setModulationThreshold  text13       00434
__end_of_setNodeAddress          text12       004B8
__end_of_setOperatingMode        text11       00522
__end_of_setPacketFormat         text10       00446
__end_of_setPacketLength         text9        004D1
__end_of_setPinWithMask          text15       00588
__end_of_setPowerOutput          text1        0049F
__end_of_setPreambleLength       text8        00471
__end_of_setRSSIThreshold        text7        004EA
__end_of_setRecommendedParams    text5        00422
__end_of_setSyncWords            text4        00629
__end_of_spi_init_master         text20       00506
__initialization                 cinit        007D1
__pbssBANK0                      bssBANK0     0006F
__pbssBANK1                      bssBANK1     000A0
__pcstackBANK0                   cstackBANK0  00020
__pcstackCOMMON                  cstackCOMMON 00070
__pdataBANK0                     dataBANK0    00069
__pdataBANK1                     dataBANK1    000D9
__pdataBANK2                     dataBANK2    00120
__pidataBANK0                    idataBANK0   0040E
__pidataBANK1                    idataBANK1   00471
__pidataBANK2                    idataBANK2   00541
__pmaintext                      maintext     0070D
__ptext1                         text1        00487
__ptext10                        text10       00434
__ptext11                        text11       00506
__ptext12                        text12       0049F
__ptext13                        text13       00422
__ptext14                        text14       006BB
__ptext15                        text15       00564
__ptext16                        text16       0066B
__ptext17                        text17       005BB
__ptext18                        text18       003FF
__ptext19                        text19       00522
__ptext2                         text2        0076C
__ptext20                        text20       004EA
__ptext21                        text21       00446
__ptext3                         text3        00588
__ptext4                         text4        005EF
__ptext5                         text5        00414
__ptext6                         text6        00629
__ptext7                         text7        004D1
__ptext8                         text8        0045B
__ptext9                         text9        004B8
__size_of_init                   (abs)        00000
__size_of_initRadio              (abs)        00000
__size_of_main                   (abs)        00000
__size_of_receive                (abs)        00000
__size_of_resetRadio             (abs)        00000
__size_of_rfmSetup               (abs)        00000
__size_of_send                   (abs)        00000
__size_of_sendBulk               (abs)        00000
__size_of_sendPairs              (abs)        00000
__size_of_sendPayload            (abs)        00000
__size_of_setModulationThreshold (abs)        00000
__size_of_setNodeAddress         (abs)        00000
__size_of_setOperatingMode       (abs)        00000
__size_of_setPacketFormat        (abs)        00000
__size_of_setPacketLength        (abs)        00000
__size_of_setPinWithMask         (abs)        00000
__size_of_setPowerOutput         (abs)        00000
__size_of_setPreambleLength      (abs)        00000
__size_of_setRSSIThreshold       (abs)        00000
__size_of_setRecommendedParams   (abs)        00000
__size_of_setSyncWords           (abs)        00000
__size_of_spi_init_master        (abs)        00000
_init                            text18       003FF
_initRadio                       text3        00588
_main                            maintext     0070D
_messages_received               bssBANK0     0006F
_radio                           bssBANK1     000B6
_receive                         text17       005BB
_recommended_params              dataBANK1    000E5
_resetRadio                      text21       00446
_rfmSetup                        text19       00522
_send                            text16       0066B
_sendBulk                        text14       006BB
_sendPairs                       text6        00629
_sendPayload                     text2        0076C
_setModulationThreshold          text13       00422
_setNodeAddress                  text12       0049F
_setOperatingMode                text11       00506
_setPacketFormat                 text10       00434
_setPacketLength                 text9        004B8
_setPinWithMask                  text15       00564
_setPowerOutput                  text1        00487
_setPreambleLength               text8        0045B
_setRSSIThreshold                text7        004D1
_setRecommendedParams            text5        00414
_setSyncWords                    text4        005EF
_spi_init_master                 text20       004EA
btemp                            (abs)        0007E
checkForPayload@F9416            dataBANK0    00069
clear_ram0                       clrtext      00402
end_of_initialization            cinit        007FD
getRSSI@F9439                    dataBANK1    000E1
initRadio@radio                  cstackBANK0  0003B
init_ram                         inittext     00408
intlevel0                        functab      00000
intlevel1                        functab      00000
intlevel2                        functab      00000
intlevel3                        functab      00000
intlevel4                        functab      00000
intlevel5                        functab      00000
main@9364                        cstackBANK0  00046
main@F9363                       dataBANK2    00120
main@F9365                       dataBANK1    000D9
main@payload                     cstackBANK0  0003E
receive@i                        cstackCOMMON 00076
receive@msg                      cstackCOMMON 00070
receive@radio                    cstackCOMMON 00075
receive@temp                     cstackCOMMON 00074
receive@test                     cstackCOMMON 00073
reset_vec                        reset_vec    00000
send@i                           cstackBANK0  00023
send@msg                         cstackCOMMON 00078
send@radio                       cstackBANK0  00025
send@returnMsg                   cstackBANK0  00022
send@temp                        cstackBANK0  00021
send@test                        cstackBANK0  00020
sendBulk@i                       cstackCOMMON 0007B
sendBulk@len                     cstackBANK0  00027
sendBulk@msgs                    cstackBANK0  00026
sendBulk@radio                   cstackCOMMON 0007D
sendPairs@i                      cstackBANK0  00034
sendPairs@len                    cstackBANK0  0002D
sendPairs@msg                    cstackBANK0  00032
sendPairs@msgs                   cstackBANK0  0002C
sendPairs@radio                  cstackBANK0  00031
sendPayload@i                    cstackBANK0  00034
sendPayload@payload              cstackBANK0  00031
sendPayload@radio                cstackBANK0  00036
setModulationThreshold@F9412     dataBANK0    0006B
setModulationThreshold@msg       cstackBANK0  0002E
setModulationThreshold@radio     cstackBANK0  00030
setNodeAddress@msg               cstackBANK0  0002E
setNodeAddress@radio             cstackBANK0  00030
setOperatingMode@msg             cstackBANK0  0002E
setOperatingMode@radio           cstackBANK0  00030
setPacketFormat@F9402            dataBANK0    0006D
setPacketFormat@msg              cstackBANK0  0002E
setPacketFormat@radio            cstackBANK0  00030
setPacketLength@msg              cstackBANK0  0002E
setPacketLength@radio            cstackBANK0  00030
setPinWithMask@iPin              cstackCOMMON 00072
setPinWithMask@pPort             cstackCOMMON 00070
setPinWithMask@value             cstackCOMMON 00073
setPowerOutput@msg               cstackBANK0  00030
setPowerOutput@powerSettings     cstackBANK0  0002C
setPowerOutput@radio             cstackBANK0  0002F
setPreambleLength@F9424          dataBANK1    000E3
setPreambleLength@msg            cstackBANK0  0002E
setPreambleLength@radio          cstackBANK0  00030
setRSSIThreshold@msg             cstackBANK0  0002E
setRSSIThreshold@radio           cstackBANK0  00030
setRecommendedParams@radio       cstackBANK0  00037
setSyncWords@i                   cstackBANK0  00039
setSyncWords@msg                 cstackBANK0  0002E
setSyncWords@radio               cstackBANK0  00038
start                            init         00002
start_initialization             cinit        007D1
wtemp0                           (abs)        0007E


FUNCTION INFORMATION:

 *************** function _main *****************
 Defined at:
		line 76 in file "transmitter.c"
 Parameters:    Size  Location     Type
		None
 Auto vars:     Size  Location     Type
  9364           35   38[BANK0 ] struct RFM69HCW
  payload         8   30[BANK0 ] unsigned char [8]
 Return value:  Size  Location     Type
                  2   61[None  ] int 
 Registers used:
		wreg, fsr0l, fsr0h, fsr1l, fsr1h, status,2, status,0, pclath, cstack
 Tracked objects:
		On entry : 
		On exit  : 
		Unchanged: 
 Data sizes:     COMMON   BANK0   BANK1   BANK2   BANK3   BANK4   BANK5   BANK6   BANK7   BANK8   BANK9  BANK10  BANK11  BANK12
      Params:         0       0       0       0       0       0       0       0       0       0       0       0       0       0
      Locals:         0      43       0       0       0       0       0       0       0       0       0       0       0       0
      Temps:          0       2       0       0       0       0       0       0       0       0       0       0       0       0
      Totals:         0      45       0       0       0       0       0       0       0       0       0       0       0       0
Total ram usage:       45 bytes
 Hardware stack levels required when called:    6
 This function calls:
		_init
		_initRadio
		_sendPayload
		_setOperatingMode
		_setPowerOutput
 This function is called by:
		Startup code after reset
 This function uses a non-reentrant model


 *************** function _setPowerOutput *****************
 Defined at:
		line 137 in file "RFM69HCW.c"
 Parameters:    Size  Location     Type
  radio           1    wreg     PTR struct RFM69HCW
		 -> radio(35), 
  powerSetting    1   12[BANK0 ] unsigned char 
 Auto vars:     Size  Location     Type
  radio           1   15[BANK0 ] PTR struct RFM69HCW
		 -> radio(35), 
  msg             2   16[BANK0 ] unsigned char [2]
 Return value:  Size  Location     Type
                  1    wreg      void 
 Registers used:
		wreg, fsr1l, fsr1h, status,2, status,0, pclath, cstack
 Tracked objects:
		On entry : 
		On exit  : 
		Unchanged: 
 Data sizes:     COMMON   BANK0   BANK1   BANK2   BANK3   BANK4   BANK5   BANK6   BANK7   BANK8   BANK9  BANK10  BANK11  BANK12
      Params:         0       1       0       0       0       0       0       0       0       0       0       0       0       0
      Locals:         0       3       0       0       0       0       0       0       0       0       0       0       0       0
      Temps:          0       2       0       0       0       0       0       0       0       0       0       0       0       0
      Totals:         0       6       0       0       0       0       0       0       0       0       0       0       0       0
Total ram usage:        6 bytes
 Hardware stack levels used:    1
 Hardware stack levels required when called:    3
 This function calls:
		_sendBulk
 This function is called by:
		_main
 This function uses a non-reentrant model


 *************** function _sendPayload *****************
 Defined at:
		line 142 in file "RFM69HCW.c"
 Parameters:    Size  Location     Type
  radio           1    wreg     PTR struct RFM69HCW
		 -> radio(35), 
  payload         1   17[BANK0 ] PTR unsigned char 
		 -> main@payload(8), 
 Auto vars:     Size  Location     Type
  radio           1   22[BANK0 ] PTR struct RFM69HCW
		 -> radio(35), 
  i               2   20[BANK0 ] int 
 Return value:  Size  Location     Type
                  1    wreg      void 
 Registers used:
		wreg, fsr1l, fsr1h, status,2, status,0, pclath, cstack
 Tracked objects:
		On entry : 
		On exit  : 
		Unchanged: 
 Data sizes:     COMMON   BANK0   BANK1   BANK2   BANK3   BANK4   BANK5   BANK6   BANK7   BANK8   BANK9  BANK10  BANK11  BANK12
      Params:         0       1       0       0       0       0       0       0       0       0       0       0       0       0
      Locals:         0       3       0       0       0       0       0       0       0       0       0       0       0       0
      Temps:          0       2       0       0       0       0       0       0       0       0       0       0       0       0
      Totals:         0       6       0       0       0       0       0       0       0       0       0       0       0       0
Total ram usage:        6 bytes
 Hardware stack levels used:    1
 Hardware stack levels required when called:    4
 This function calls:
		_send
		_setOperatingMode
		_setPinWithMask
 This function is called by:
		_main
 This function uses a non-reentrant model


 *************** function _initRadio *****************
 Defined at:
		line 124 in file "RFM69HCW.c"
 Parameters:    Size  Location     Type
  radio           1    wreg     PTR struct RFM69HCW
		 -> radio(35), 
 Auto vars:     Size  Location     Type
  radio           1   27[BANK0 ] PTR struct RFM69HCW
		 -> radio(35), 
 Return value:  Size  Location     Type
                  1    wreg      void 
 Registers used:
		wreg, fsr1l, fsr1h, status,2, status,0, pclath, cstack
 Tracked objects:
		On entry : 
		On exit  : 
		Unchanged: 
 Data sizes:     COMMON   BANK0   BANK1   BANK2   BANK3   BANK4   BANK5   BANK6   BANK7   BANK8   BANK9  BANK10  BANK11  BANK12
      Params:         0       0       0       0       0       0       0       0       0       0       0       0       0       0
      Locals:         0       1       0       0       0       0       0       0       0       0       0       0       0       0
      Temps:          0       0       0       0       0       0       0       0       0       0       0       0       0       0
      Totals:         0       1       0       0       0       0       0       0       0       0       0       0       0       0
Total ram usage:        1 bytes
 Hardware stack levels used:    1
 Hardware stack levels required when called:    5
 This function calls:
		_setModulationThreshold
		_setNodeAddress
		_setOperatingMode
		_setPacketFormat
		_setPacketLength
		_setPreambleLength
		_setRSSIThreshold
		_setRecommendedParams
		_setSyncWords
 This function is called by:
		_main
 This function uses a non-reentrant model


 *************** function _setSyncWords *****************
 Defined at:
		line 61 in file "RFM69HCW.c"
 Parameters:    Size  Location     Type
  radio           1    wreg     PTR struct RFM69HCW
		 -> radio(35), 
 Auto vars:     Size  Location     Type
  radio           1   24[BANK0 ] PTR struct RFM69HCW
		 -> radio(35), 
  i               2   25[BANK0 ] int 
  msg            10   14[BANK0 ] unsigned char [10]
 Return value:  Size  Location     Type
                  1    wreg      void 
 Registers used:
		wreg, fsr1l, fsr1h, status,2, status,0, pclath, cstack
 Tracked objects:
		On entry : 
		On exit  : 
		Unchanged: 
 Data sizes:     COMMON   BANK0   BANK1   BANK2   BANK3   BANK4   BANK5   BANK6   BANK7   BANK8   BANK9  BANK10  BANK11  BANK12
      Params:         0       0       0       0       0       0       0       0       0       0       0       0       0       0
      Locals:         0      13       0       0       0       0       0       0       0       0       0       0       0       0
      Temps:          0       2       0       0       0       0       0       0       0       0       0       0       0       0
      Totals:         0      15       0       0       0       0       0       0       0       0       0       0       0       0
Total ram usage:       15 bytes
 Hardware stack levels used:    1
 Hardware stack levels required when called:    3
 This function calls:
		_sendBulk
 This function is called by:
		_initRadio
 This function uses a non-reentrant model


 *************** function _setRecommendedParams *****************
 Defined at:
		line 95 in file "RFM69HCW.c"
 Parameters:    Size  Location     Type
  radio           1    wreg     PTR struct RFM69HCW
		 -> radio(35), 
 Auto vars:     Size  Location     Type
  radio           1   23[BANK0 ] PTR struct RFM69HCW
		 -> radio(35), 
 Return value:  Size  Location     Type
                  1    wreg      void 
 Registers used:
		wreg, fsr1l, fsr1h, status,2, status,0, pclath, cstack
 Tracked objects:
		On entry : 
		On exit  : 
		Unchanged: 
 Data sizes:     COMMON   BANK0   BANK1   BANK2   BANK3   BANK4   BANK5   BANK6   BANK7   BANK8   BANK9  BANK10  BANK11  BANK12
      Params:         0       0       0       0       0       0       0       0       0       0       0       0       0       0
      Locals:         0       1       0       0       0       0       0       0       0       0       0       0       0       0
      Temps:          0       1       0       0       0       0       0       0       0       0       0       0       0       0
      Totals:         0       2       0       0       0       0       0       0       0       0       0       0       0       0
Total ram usage:        2 bytes
 Hardware stack levels used:    1
 Hardware stack levels required when called:    4
 This function calls:
		_sendPairs
 This function is called by:
		_initRadio
 This function uses a non-reentrant model


 *************** function _sendPairs *****************
 Defined at:
		line 7 in file "RFM69HCW.c"
 Parameters:    Size  Location     Type
  radio           1    wreg     PTR struct RFM69HCW
		 -> radio(35), 
  msgs            1   12[BANK0 ] PTR unsigned char 
		 -> recommended_params(10), 
  len             2   13[BANK0 ] const int 
 Auto vars:     Size  Location     Type
  radio           1   17[BANK0 ] PTR struct RFM69HCW
		 -> radio(35), 
  i               2   20[BANK0 ] int 
  msg             2   18[BANK0 ] unsigned char [2]
 Return value:  Size  Location     Type
                  1    wreg      void 
 Registers used:
		wreg, fsr1l, fsr1h, status,2, status,0, pclath, cstack
 Tracked objects:
		On entry : 
		On exit  : 
		Unchanged: 
 Data sizes:     COMMON   BANK0   BANK1   BANK2   BANK3   BANK4   BANK5   BANK6   BANK7   BANK8   BANK9  BANK10  BANK11  BANK12
      Params:         0       3       0       0       0       0       0       0       0       0       0       0       0       0
      Locals:         0       5       0       0       0       0       0       0       0       0       0       0       0       0
      Temps:          0       2       0       0       0       0       0       0       0       0       0       0       0       0
      Totals:         0      10       0       0       0       0       0       0       0       0       0       0       0       0
Total ram usage:       10 bytes
 Hardware stack levels used:    1
 Hardware stack levels required when called:    3
 This function calls:
		_sendBulk
 This function is called by:
		_setRecommendedParams
 This function uses a non-reentrant model


 *************** function _setRSSIThreshold *****************
 Defined at:
		line 80 in file "RFM69HCW.c"
 Parameters:    Size  Location     Type
  radio           1    wreg     PTR struct RFM69HCW
		 -> radio(35), 
 Auto vars:     Size  Location     Type
  radio           1   16[BANK0 ] PTR struct RFM69HCW
		 -> radio(35), 
  msg             2   14[BANK0 ] unsigned char [2]
 Return value:  Size  Location     Type
                  1    wreg      void 
 Registers used:
		wreg, fsr1l, fsr1h, status,2, status,0, pclath, cstack
 Tracked objects:
		On entry : 
		On exit  : 
		Unchanged: 
 Data sizes:     COMMON   BANK0   BANK1   BANK2   BANK3   BANK4   BANK5   BANK6   BANK7   BANK8   BANK9  BANK10  BANK11  BANK12
      Params:         0       0       0       0       0       0       0       0       0       0       0       0       0       0
      Locals:         0       3       0       0       0       0       0       0       0       0       0       0       0       0
      Temps:          0       2       0       0       0       0       0       0       0       0       0       0       0       0
      Totals:         0       5       0       0       0       0       0       0       0       0       0       0       0       0
Total ram usage:        5 bytes
 Hardware stack levels used:    1
 Hardware stack levels required when called:    3
 This function calls:
		_sendBulk
 This function is called by:
		_initRadio
 This function uses a non-reentrant model


 *************** function _setPreambleLength *****************
 Defined at:
		line 119 in file "RFM69HCW.c"
 Parameters:    Size  Location     Type
  radio           1    wreg     PTR struct RFM69HCW
		 -> radio(35), 
 Auto vars:     Size  Location     Type
  radio           1   16[BANK0 ] PTR struct RFM69HCW
		 -> radio(35), 
  msg             2   14[BANK0 ] unsigned char [2]
 Return value:  Size  Location     Type
                  1    wreg      void 
 Registers used:
		wreg, fsr1l, fsr1h, status,2, status,0, pclath, cstack
 Tracked objects:
		On entry : 
		On exit  : 
		Unchanged: 
 Data sizes:     COMMON   BANK0   BANK1   BANK2   BANK3   BANK4   BANK5   BANK6   BANK7   BANK8   BANK9  BANK10  BANK11  BANK12
      Params:         0       0       0       0       0       0       0       0       0       0       0       0       0       0
      Locals:         0       3       0       0       0       0       0       0       0       0       0       0       0       0
      Temps:          0       2       0       0       0       0       0       0       0       0       0       0       0       0
      Totals:         0       5       0       0       0       0       0       0       0       0       0       0       0       0
Total ram usage:        5 bytes
 Hardware stack levels used:    1
 Hardware stack levels required when called:    3
 This function calls:
		_sendBulk
 This function is called by:
		_initRadio
 This function uses a non-reentrant model


 *************** function _setPacketLength *****************
 Defined at:
		line 70 in file "RFM69HCW.c"
 Parameters:    Size  Location     Type
  radio           1    wreg     PTR struct RFM69HCW
		 -> radio(35), 
 Auto vars:     Size  Location     Type
  radio           1   16[BANK0 ] PTR struct RFM69HCW
		 -> radio(35), 
  msg             2   14[BANK0 ] unsigned char [2]
 Return value:  Size  Location     Type
                  1    wreg      void 
 Registers used:
		wreg, fsr1l, fsr1h, status,2, status,0, pclath, cstack
 Tracked objects:
		On entry : 
		On exit  : 
		Unchanged: 
 Data sizes:     COMMON   BANK0   BANK1   BANK2   BANK3   BANK4   BANK5   BANK6   BANK7   BANK8   BANK9  BANK10  BANK11  BANK12
      Params:         0       0       0       0       0       0       0       0       0       0       0       0       0       0
      Locals:         0       3       0       0       0       0       0       0       0       0       0       0       0       0
      Temps:          0       2       0       0       0       0       0       0       0       0       0       0       0       0
      Totals:         0       5       0       0       0       0       0       0       0       0       0       0       0       0
Total ram usage:        5 bytes
 Hardware stack levels used:    1
 Hardware stack levels required when called:    3
 This function calls:
		_sendBulk
 This function is called by:
		_initRadio
 This function uses a non-reentrant model


 *************** function _setPacketFormat *****************
 Defined at:
		line 85 in file "RFM69HCW.c"
 Parameters:    Size  Location     Type
  radio           1    wreg     PTR struct RFM69HCW
		 -> radio(35), 
 Auto vars:     Size  Location     Type
  radio           1   16[BANK0 ] PTR struct RFM69HCW
		 -> radio(35), 
  msg             2   14[BANK0 ] unsigned char [2]
 Return value:  Size  Location     Type
                  1    wreg      void 
 Registers used:
		wreg, fsr1l, fsr1h, status,2, status,0, pclath, cstack
 Tracked objects:
		On entry : 
		On exit  : 
		Unchanged: 
 Data sizes:     COMMON   BANK0   BANK1   BANK2   BANK3   BANK4   BANK5   BANK6   BANK7   BANK8   BANK9  BANK10  BANK11  BANK12
      Params:         0       0       0       0       0       0       0       0       0       0       0       0       0       0
      Locals:         0       3       0       0       0       0       0       0       0       0       0       0       0       0
      Temps:          0       2       0       0       0       0       0       0       0       0       0       0       0       0
      Totals:         0       5       0       0       0       0       0       0       0       0       0       0       0       0
Total ram usage:        5 bytes
 Hardware stack levels used:    1
 Hardware stack levels required when called:    3
 This function calls:
		_sendBulk
 This function is called by:
		_initRadio
 This function uses a non-reentrant model


 *************** function _setOperatingMode *****************
 Defined at:
		line 90 in file "RFM69HCW.c"
 Parameters:    Size  Location     Type
  radio           1    wreg     PTR struct RFM69HCW
		 -> radio(35), 
 Auto vars:     Size  Location     Type
  radio           1   16[BANK0 ] PTR struct RFM69HCW
		 -> radio(35), 
  msg             2   14[BANK0 ] unsigned char [2]
 Return value:  Size  Location     Type
                  1    wreg      void 
 Registers used:
		wreg, fsr1l, fsr1h, status,2, status,0, pclath, cstack
 Tracked objects:
		On entry : 
		On exit  : 
		Unchanged: 
 Data sizes:     COMMON   BANK0   BANK1   BANK2   BANK3   BANK4   BANK5   BANK6   BANK7   BANK8   BANK9  BANK10  BANK11  BANK12
      Params:         0       0       0       0       0       0       0       0       0       0       0       0       0       0
      Locals:         0       3       0       0       0       0       0       0       0       0       0       0       0       0
      Temps:          0       2       0       0       0       0       0       0       0       0       0       0       0       0
      Totals:         0       5       0       0       0       0       0       0       0       0       0       0       0       0
Total ram usage:        5 bytes
 Hardware stack levels used:    1
 Hardware stack levels required when called:    3
 This function calls:
		_sendBulk
 This function is called by:
		_main
		_initRadio
		_sendPayload
 This function uses a non-reentrant model


 *************** function _setNodeAddress *****************
 Defined at:
		line 75 in file "RFM69HCW.c"
 Parameters:    Size  Location     Type
  radio           1    wreg     PTR struct RFM69HCW
		 -> radio(35), 
 Auto vars:     Size  Location     Type
  radio           1   16[BANK0 ] PTR struct RFM69HCW
		 -> radio(35), 
  msg             2   14[BANK0 ] unsigned char [2]
 Return value:  Size  Location     Type
                  1    wreg      void 
 Registers used:
		wreg, fsr1l, fsr1h, status,2, status,0, pclath, cstack
 Tracked objects:
		On entry : 
		On exit  : 
		Unchanged: 
 Data sizes:     COMMON   BANK0   BANK1   BANK2   BANK3   BANK4   BANK5   BANK6   BANK7   BANK8   BANK9  BANK10  BANK11  BANK12
      Params:         0       0       0       0       0       0       0       0       0       0       0       0       0       0
      Locals:         0       3       0       0       0       0       0       0       0       0       0       0       0       0
      Temps:          0       2       0       0       0       0       0       0       0       0       0       0       0       0
      Totals:         0       5       0       0       0       0       0       0       0       0       0       0       0       0
Total ram usage:        5 bytes
 Hardware stack levels used:    1
 Hardware stack levels required when called:    3
 This function calls:
		_sendBulk
 This function is called by:
		_initRadio
 This function uses a non-reentrant model


 *************** function _setModulationThreshold *****************
 Defined at:
		line 99 in file "RFM69HCW.c"
 Parameters:    Size  Location     Type
  radio           1    wreg     PTR struct RFM69HCW
		 -> radio(35), 
 Auto vars:     Size  Location     Type
  radio           1   16[BANK0 ] PTR struct RFM69HCW
		 -> radio(35), 
  msg             2   14[BANK0 ] unsigned char [2]
 Return value:  Size  Location     Type
                  1    wreg      void 
 Registers used:
		wreg, fsr1l, fsr1h, status,2, status,0, pclath, cstack
 Tracked objects:
		On entry : 
		On exit  : 
		Unchanged: 
 Data sizes:     COMMON   BANK0   BANK1   BANK2   BANK3   BANK4   BANK5   BANK6   BANK7   BANK8   BANK9  BANK10  BANK11  BANK12
      Params:         0       0       0       0       0       0       0       0       0       0       0       0       0       0
      Locals:         0       3       0       0       0       0       0       0       0       0       0       0       0       0
      Temps:          0       2       0       0       0       0       0       0       0       0       0       0       0       0
      Totals:         0       5       0       0       0       0       0       0       0       0       0       0       0       0
Total ram usage:        5 bytes
 Hardware stack levels used:    1
 Hardware stack levels required when called:    3
 This function calls:
		_sendBulk
 This function is called by:
		_initRadio
 This function uses a non-reentrant model


 *************** function _sendBulk *****************
 Defined at:
		line 15 in file "RFM69HCW.c"
 Parameters:    Size  Location     Type
  radio           1    wreg     PTR struct RFM69HCW
		 -> radio(35), 
  msgs            1    6[BANK0 ] PTR unsigned char 
		 -> getRSSI@msg(2), setPowerOutput@msg(2), setPreambleLength@msg(2), checkForPayload@flags(2), 
		 -> setModulationThreshold@msg(2), setOperatingMode@msg(2), setPacketFormat@msg(2), setRSSIThreshold@msg(2), 
		 -> setNodeAddress@msg(2), setPacketLength@msg(2), setSyncWords@msg(10), sendPairs@msg(2), 
  len             1    7[BANK0 ] const unsigned char 
 Auto vars:     Size  Location     Type
  radio           1   13[COMMON] PTR struct RFM69HCW
		 -> radio(35), 
  i               2   11[COMMON] int 
 Return value:  Size  Location     Type
                  1    wreg      void 
 Registers used:
		wreg, fsr1l, fsr1h, status,2, status,0, pclath, cstack
 Tracked objects:
		On entry : 
		On exit  : 
		Unchanged: 
 Data sizes:     COMMON   BANK0   BANK1   BANK2   BANK3   BANK4   BANK5   BANK6   BANK7   BANK8   BANK9  BANK10  BANK11  BANK12
      Params:         0       2       0       0       0       0       0       0       0       0       0       0       0       0
      Locals:         3       0       0       0       0       0       0       0       0       0       0       0       0       0
      Temps:          0       4       0       0       0       0       0       0       0       0       0       0       0       0
      Totals:         3       6       0       0       0       0       0       0       0       0       0       0       0       0
Total ram usage:        9 bytes
 Hardware stack levels used:    1
 Hardware stack levels required when called:    2
 This function calls:
		_send
		_setPinWithMask
 This function is called by:
		_sendPairs
		_setSyncWords
		_setPacketLength
		_setNodeAddress
		_setRSSIThreshold
		_setPacketFormat
		_setOperatingMode
		_setModulationThreshold
		_setPreambleLength
		_setPowerOutput
		_checkForPayload
		_getRSSI
 This function uses a non-reentrant model


 *************** function _setPinWithMask *****************
 Defined at:
		line 43 in file "RFM69HCW.c"
 Parameters:    Size  Location     Type
  pPort           2    0[COMMON] PTR unsigned char 
		 -> PORTA(1), 
  iPin            1    2[COMMON] unsigned char 
  value           1    3[COMMON] unsigned char 
 Auto vars:     Size  Location     Type
		None
 Return value:  Size  Location     Type
                  1    wreg      void 
 Registers used:
		wreg, fsr1l, fsr1h, status,2, status,0
 Tracked objects:
		On entry : 
		On exit  : 
		Unchanged: 
 Data sizes:     COMMON   BANK0   BANK1   BANK2   BANK3   BANK4   BANK5   BANK6   BANK7   BANK8   BANK9  BANK10  BANK11  BANK12
      Params:         4       0       0       0       0       0       0       0       0       0       0       0       0       0
      Locals:         0       0       0       0       0       0       0       0       0       0       0       0       0       0
      Temps:          2       0       0       0       0       0       0       0       0       0       0       0       0       0
      Totals:         6       0       0       0       0       0       0       0       0       0       0       0       0       0
Total ram usage:        6 bytes
 Hardware stack levels used:    1
 This function calls:
		Nothing
 This function is called by:
		_sendBulk
		_sendPayload
		_receivePayload
 This function uses a non-reentrant model


 *************** function _send *****************
 Defined at:
		line 24 in file "RFM69HCW.c"
 Parameters:    Size  Location     Type
  radio           1    wreg     PTR struct RFM69HCW
		 -> radio(35), 
  msg             1    8[COMMON] unsigned char 
 Auto vars:     Size  Location     Type
  radio           1    5[BANK0 ] PTR struct RFM69HCW
		 -> radio(35), 
  temp            1    1[BANK0 ] unsigned char 
  i               2    3[BANK0 ] int 
  returnMsg       1    2[BANK0 ] unsigned char 
  test            1    0[BANK0 ] unsigned char 
 Return value:  Size  Location     Type
                  1    wreg      unsigned char 
 Registers used:
		wreg, fsr1l, fsr1h, status,2, status,0, pclath, cstack
 Tracked objects:
		On entry : 
		On exit  : 
		Unchanged: 
 Data sizes:     COMMON   BANK0   BANK1   BANK2   BANK3   BANK4   BANK5   BANK6   BANK7   BANK8   BANK9  BANK10  BANK11  BANK12
      Params:         1       0       0       0       0       0       0       0       0       0       0       0       0       0
      Locals:         0       6       0       0       0       0       0       0       0       0       0       0       0       0
      Temps:          2       0       0       0       0       0       0       0       0       0       0       0       0       0
      Totals:         3       6       0       0       0       0       0       0       0       0       0       0       0       0
Total ram usage:        9 bytes
 Hardware stack levels used:    1
 Hardware stack levels required when called:    1
 This function calls:
		_receive
 This function is called by:
		_sendBulk
		_sendPayload
		_receivePayload
 This function uses a non-reentrant model


 *************** function _receive *****************
 Defined at:
		line 52 in file "RFM69HCW.c"
 Parameters:    Size  Location     Type
  radio           1    wreg     PTR struct RFM69HCW
		 -> radio(35), 
  msg             1    0[COMMON] unsigned char 
 Auto vars:     Size  Location     Type
  radio           1    5[COMMON] PTR struct RFM69HCW
		 -> radio(35), 
  temp            1    4[COMMON] unsigned char 
  i               2    6[COMMON] int 
  test            1    3[COMMON] unsigned char 
 Return value:  Size  Location     Type
                  1    wreg      void 
 Registers used:
		wreg, fsr1l, fsr1h, status,2, status,0
 Tracked objects:
		On entry : 
		On exit  : 
		Unchanged: 
 Data sizes:     COMMON   BANK0   BANK1   BANK2   BANK3   BANK4   BANK5   BANK6   BANK7   BANK8   BANK9  BANK10  BANK11  BANK12
      Params:         1       0       0       0       0       0       0       0       0       0       0       0       0       0
      Locals:         5       0       0       0       0       0       0       0       0       0       0       0       0       0
      Temps:          2       0       0       0       0       0       0       0       0       0       0       0       0       0
      Totals:         8       0       0       0       0       0       0       0       0       0       0       0       0       0
Total ram usage:        8 bytes
 Hardware stack levels used:    1
 This function calls:
		Nothing
 This function is called by:
		_send
 This function uses a non-reentrant model


 *************** function _init *****************
 Defined at:
		line 52 in file "transmitter.c"
 Parameters:    Size  Location     Type
		None
 Auto vars:     Size  Location     Type
		None
 Return value:  Size  Location     Type
                  2   53[None  ] int 
 Registers used:
		wreg, status,2, status,0, pclath, cstack
 Tracked objects:
		On entry : 
		On exit  : 
		Unchanged: 
 Data sizes:     COMMON   BANK0   BANK1   BANK2   BANK3   BANK4   BANK5   BANK6   BANK7   BANK8   BANK9  BANK10  BANK11  BANK12
      Params:         0       0       0       0       0       0       0       0       0       0       0       0       0       0
      Locals:         0       0       0       0       0       0       0       0       0       0       0       0       0       0
      Temps:          0       0       0       0       0       0       0       0       0       0       0       0       0       0
      Totals:         0       0       0       0       0       0       0       0       0       0       0       0       0       0
Total ram usage:        0 bytes
 Hardware stack levels used:    1
 Hardware stack levels required when called:    2
 This function calls:
		_rfmSetup
 This function is called by:
		_main
 This function uses a non-reentrant model


 *************** function _rfmSetup *****************
 Defined at:
		line 58 in file "transmitter.c"
 Parameters:    Size  Location     Type
		None
 Auto vars:     Size  Location     Type
		None
 Return value:  Size  Location     Type
                  1    wreg      void 
 Registers used:
		wreg, status,2, status,0, pclath, cstack
 Tracked objects:
		On entry : 
		On exit  : 
		Unchanged: 
 Data sizes:     COMMON   BANK0   BANK1   BANK2   BANK3   BANK4   BANK5   BANK6   BANK7   BANK8   BANK9  BANK10  BANK11  BANK12
      Params:         0       0       0       0       0       0       0       0       0       0       0       0       0       0
      Locals:         0       0       0       0       0       0       0       0       0       0       0       0       0       0
      Temps:          1       0       0       0       0       0       0       0       0       0       0       0       0       0
      Totals:         1       0       0       0       0       0       0       0       0       0       0       0       0       0
Total ram usage:        1 bytes
 Hardware stack levels used:    1
 Hardware stack levels required when called:    1
 This function calls:
		_resetRadio
		_spi_init_master
 This function is called by:
		_init
 This function uses a non-reentrant model


 *************** function _spi_init_master *****************
 Defined at:
		line 96 in file "transmitter.c"
 Parameters:    Size  Location     Type
		None
 Auto vars:     Size  Location     Type
		None
 Return value:  Size  Location     Type
                  1    wreg      void 
 Registers used:
		wreg, status,2, status,0
 Tracked objects:
		On entry : 
		On exit  : 
		Unchanged: 
 Data sizes:     COMMON   BANK0   BANK1   BANK2   BANK3   BANK4   BANK5   BANK6   BANK7   BANK8   BANK9  BANK10  BANK11  BANK12
      Params:         0       0       0       0       0       0       0       0       0       0       0       0       0       0
      Locals:         0       0       0       0       0       0       0       0       0       0       0       0       0       0
      Temps:          0       0       0       0       0       0       0       0       0       0       0       0       0       0
      Totals:         0       0       0       0       0       0       0       0       0       0       0       0       0       0
Total ram usage:        0 bytes
 Hardware stack levels used:    1
 This function calls:
		Nothing
 This function is called by:
		_rfmSetup
 This function uses a non-reentrant model


 *************** function _resetRadio *****************
 Defined at:
		line 45 in file "transmitter.c"
 Parameters:    Size  Location     Type
		None
 Auto vars:     Size  Location     Type
		None
 Return value:  Size  Location     Type
                  1    wreg      void 
 Registers used:
		wreg
 Tracked objects:
		On entry : 
		On exit  : 
		Unchanged: 
 Data sizes:     COMMON   BANK0   BANK1   BANK2   BANK3   BANK4   BANK5   BANK6   BANK7   BANK8   BANK9  BANK10  BANK11  BANK12
      Params:         0       0       0       0       0       0       0       0       0       0       0       0       0       0
      Locals:         0       0       0       0       0       0       0       0       0       0       0       0       0       0
      Temps:          1       0       0       0       0       0       0       0       0       0       0       0       0       0
      Totals:         1       0       0       0       0       0       0       0       0       0       0       0       0       0
Total ram usage:        1 bytes
 Hardware stack levels used:    1
 This function calls:
		Nothing
 This function is called by:
		_rfmSetup
 This function uses a non-reentrant model



MODULE INFORMATION

Module		Function		Class		Link	Load	Size
RFM69HCW.c
		_setPowerOutput		CODE           	0487	0000	25
		_sendPairs     		CODE           	0629	0000	67
		_setRecommendedParams		CODE           	0414	0000	15
		_sendPayload   		CODE           	076C	0000	102
		_setPacketLength		CODE           	04B8	0000	26
		_setPacketFormat		CODE           	0434	0000	19
		_initRadio     		CODE           	0588	0000	52
		_setPinWithMask		CODE           	0564	0000	37
		_setSyncWords  		CODE           	05EF	0000	59
		_setNodeAddress		CODE           	049F	0000	26
		_receive       		CODE           	05BB	0000	53
		_setRSSIThreshold		CODE           	04D1	0000	26
		_sendBulk      		CODE           	06BB	0000	83
		_setPreambleLength		CODE           	045B	0000	23
		_setModulationThreshold		CODE           	0422	0000	19
		_setOperatingMode		CODE           	0506	0000	29
		_send          		CODE           	066B	0000	81

RFM69HCW.c estimated size: 742

shared
		__initialization		CODE           	07D1	0000	45

shared estimated size: 45

transmitter.c
		_resetRadio    		CODE           	0446	0000	22
		_init          		CODE           	03FF	0000	4
		_rfmSetup      		CODE           	0522	0000	32
		_spi_init_master		CODE           	04EA	0000	29
		_main          		CODE           	070D	0000	96

transmitter.c estimated size: 183

