Microchip MPLAB XC8 Compiler V2.32

Linker command line:

-W-3 --edf=C:\Program Files (x86)\MPLAB X\Compilers\XC8\pic\dat\en_msgs.txt \
  -cn -h+dist/default/production\SolarRadio_PIC.X.production.sym \
  --cmf=dist/default/production\SolarRadio_PIC.X.production.cmf -z \
  -Q16F1615 -oC:\Users\chees\AppData\Local\Temp\xcAsrts.4 \
  --defsym=__MPLAB_BUILD=1 \
  -Mdist/default/production/SolarRadio_PIC.X.production.map -E1 \
  -ver=XC8 Compiler --acfsm=1493 -ASTACK=021DBh-023EFh -pstack=STACK \
  -ACODE=00h-07FFhx4 -ASTRCODE=00h-01FFFh -ASTRING=00h-0FFhx32 \
  -ACONST=00h-0FFhx32 -AENTRY=00h-0FFhx32 -ACOMMON=070h-07Fh \
  -ABANK0=020h-06Fh -ABANK1=0A0h-0EFh -ABANK2=0120h-016Fh \
  -ABANK3=01A0h-01EFh -ABANK4=0220h-026Fh -ABANK5=02A0h-02EFh \
  -ABANK6=0320h-036Fh -ABANK7=03A0h-03EFh -ABANK8=0420h-046Fh \
  -ABANK9=04A0h-04EFh -ABANK10=0520h-056Fh -ABANK11=05A0h-05EFh \
  -ABANK12=0620h-064Fh -ABIGRAM=02000h-023EFh \
  -ARAM=020h-06Fh,0A0h-0EFh,0120h-016Fh,01A0h-01EFh,0220h-026Fh,02A0h-02EFh,0320h-036Fh,03A0h-03EFh,0420h-046Fh,04A0h-04EFh,0520h-056Fh,05A0h-05EFh,0620h-064Fh \
  -AABS1=020h-07Fh,0A0h-0EFh,0120h-016Fh,01A0h-01EFh,0220h-026Fh,02A0h-02EFh,0320h-036Fh,03A0h-03EFh,0420h-046Fh,04A0h-04EFh,0520h-056Fh,05A0h-05EFh,0620h-064Fh \
  -ASFR0=00h-01Fh -ASFR1=080h-09Fh -ASFR2=0100h-011Fh -ASFR3=0180h-019Fh \
  -ASFR4=0200h-021Fh -ASFR5=0280h-029Fh -ASFR6=0300h-031Fh \
  -ASFR7=0380h-039Fh -ASFR8=0400h-041Fh -ASFR9=0480h-049Fh \
  -ASFR10=0500h-051Fh -ASFR11=0580h-059Fh -ASFR12=0600h-061Fh \
  -ASFR13=0680h-06EFh -ASFR14=0700h-076Fh -ASFR15=0780h-07EFh \
  -ASFR16=0800h-086Fh -ASFR17=0880h-08EFh -ASFR18=0900h-096Fh \
  -ASFR19=0980h-09EFh -ASFR20=0A00h-0A6Fh -ASFR21=0A80h-0AEFh \
  -ASFR22=0B00h-0B6Fh -ASFR23=0B80h-0BEFh -ASFR24=0C00h-0C6Fh \
  -ASFR25=0C80h-0CEFh -ASFR26=0D00h-0D6Fh -ASFR27=0D80h-0DEFh \
  -ASFR28=0E00h-0E6Fh -ASFR29=0E80h-0EEFh -ASFR30=0F00h-0F6Fh \
  -ASFR31=0F80h-0FEFh -ACONFIG=08007h-08009h -DCONFIG=2 \
  -AIDLOC=08000h-08003h -DIDLOC=2 -DCODE=2 -DSTRCODE=2 -DSTRING=2 -DCONST=2 \
  -DENTRY=2 -preset_vec=00h,intentry,init,end_init -ppowerup=CODE \
  -pcinit=CODE -pfunctab=ENTRY -k \
  C:\Users\chees\AppData\Local\Temp\xcAsrts.o \
  dist/default/production\SolarRadio_PIC.X.production.o 

Object code version is 3.11

Machine type is 16F1615



                Name                               Link     Load   Length Selector   Space Scale
C:\Users\chees\AppData\Local\Temp\xcAsrts.o
                end_init                              2        2        2        0       0
                reset_vec                             0        0        2        0       0
                config                             8007     8007        3        0       4
dist/default/production\SolarRadio_PIC.X.production.o
                cinit                               7CA      7CA       36      F94       0
                config                             8007     8007        3        0       4
                text34                              8CD      8CD       65     119A       0
                text33                             171B     171B       26     2E36       0
                text32                              869      869       64     10D2       0
                text31                             15A9     15A9       19     2B52       0
                text30                             15C2     15C2       19     2B84       0
                text29                             15DB     15DB       19     2BB6       0
                text28                             1523     1523        F     2A46       0
                text27                             1508     1508        5     2A10       0
                text26                             1566     1566       15     2ACC       0
                text25                             1553     1553       13     2AA6       0
                text24                             1541     1541       12     2A82       0
                text23                             1519     1519        A     2A32       0
                text22                             1699     1699       1F     2D32       0
                text21                             163F     163F       1E     2C7E       0
                text20                             157B     157B       17     2AF6       0
                text19                             165D     165D       1E     2CBA       0
                text18                             1592     1592       17     2B24       0
                text17                             167B     167B       1E     2CF6       0
                text16                             176B     176B       4A     2ED6       0
                text15                             1532     1532        F     2A64       0
                text14                                8        8       3E       10       0
                text13                             1741     1741       2A     2E82       0
                text12                              80A      80A       5F     1014       0
                text11                             15F4     15F4       19     2BE8       0
                text10                             160D     160D       19     2C1A       0
                text9                              1626     1626       19     2C4C       0
                text8                               C14      C14      1B4     1828       0
                text7                              16F8     16F8       23     2DF0       0
                text6                                46       46      257       8C       0
                text5                               DC8      DC8      238     1B90       0
                text4                              16B8     16B8       20     2D70       0
                text3                               9D4      9D4       AC     13A8       0
                text2                               29D      29D      52D      53A       0
                text1                               A80      A80      194     1500       0
                maintext                            932      932       A2     1264       0
                cstackBANK0                          20       20       50       20       1
                cstackCOMMON                         70       70        E       70       1
                cstackBANK1                          A0       A0       4E       A0       1
                cstackBANK2                         15D      15D       10      120       1
                cstackBANK3                         1A0      1A0       4C      1A0       1
                clrtext                            150D     150D        6     2A1A       0
                inittext                           1513     1513        6     2A26       0
                dataBANK5                           2A0      2A0       4B      2A0       1
                dataBANK4                           220      220        A      220       1
                bssBANK3                            1EC      1EC        3      1A0       1
                dataBANK2                           120      120       20      120       1
                bssBANK2                            140      140       1D      120       1
                bssBANK1                             EE       EE        2       A0       1
                stringtext6                        1814     1814        4     3000       0
                stringtext5                        1810     1810        4     3000       0
                stringtext4                        180C     180C        4     3000       0
                stringtext3                        1808     1808        4     3000       0
                stringtext2                        1804     1804        4     3000       0
                stringtext1                        1800     1800        4     3000       0
                idataBANK5                         17B5     17B5       4B     2F6A       0
                idataBANK4                          800      800        A      F94       0
                idataBANK2                         16D8     16D8       20     2DB0       0

TOTAL           Name                               Link     Load   Length     Space
        CLASS   STACK          

        CLASS   CODE           
                end_init                              2        2        2         0
                cinit                               7CA      7CA       36         0
                reset_vec                             0        0        2         0
                text34                              8CD      8CD       65         0
                text33                             171B     171B       26         0
                text32                              869      869       64         0
                text31                             15A9     15A9       19         0
                text30                             15C2     15C2       19         0
                text29                             15DB     15DB       19         0
                text28                             1523     1523        F         0
                text27                             1508     1508        5         0
                text26                             1566     1566       15         0
                text25                             1553     1553       13         0
                text24                             1541     1541       12         0
                text23                             1519     1519        A         0
                text22                             1699     1699       1F         0
                text21                             163F     163F       1E         0
                text20                             157B     157B       17         0
                text19                             165D     165D       1E         0
                text18                             1592     1592       17         0
                text17                             167B     167B       1E         0
                text16                             176B     176B       4A         0
                text15                             1532     1532        F         0
                text14                                8        8       3E         0
                text13                             1741     1741       2A         0
                text12                              80A      80A       5F         0
                text11                             15F4     15F4       19         0
                text10                             160D     160D       19         0
                text9                              1626     1626       19         0
                text8                               C14      C14      1B4         0
                text7                              16F8     16F8       23         0
                text6                                46       46      257         0
                text5                               DC8      DC8      238         0
                text4                              16B8     16B8       20         0
                text3                               9D4      9D4       AC         0
                text2                               29D      29D      52D         0
                text1                               A80      A80      194         0
                maintext                            932      932       A2         0
                clrtext                            150D     150D        6         0
                inittext                           1513     1513        6         0
                idataBANK5                         17B5     17B5       4B         0
                idataBANK4                          800      800        A         0
                idataBANK2                         16D8     16D8       20         0

        CLASS   STRCODE        
                stringtext6                        1814     1814        4         0
                stringtext5                        1810     1810        4         0
                stringtext4                        180C     180C        4         0
                stringtext3                        1808     1808        4         0
                stringtext2                        1804     1804        4         0
                stringtext1                        1800     1800        4         0

        CLASS   STRING         

        CLASS   CONST          

        CLASS   ENTRY          

        CLASS   COMMON         
                cstackCOMMON                         70       70        E         1

        CLASS   BANK0          
                cstackBANK0                          20       20       50         1

        CLASS   BANK1          
                cstackBANK1                          A0       A0       4E         1
                bssBANK1                             EE       EE        2         1

        CLASS   BANK2          
                cstackBANK2                         15D      15D       10         1
                dataBANK2                           120      120       20         1
                bssBANK2                            140      140       1D         1

        CLASS   BANK3          
                cstackBANK3                         1A0      1A0       4C         1
                bssBANK3                            1EC      1EC        3         1

        CLASS   BANK4          
                dataBANK4                           220      220        A         1

        CLASS   BANK5          
                dataBANK5                           2A0      2A0       4B         1

        CLASS   BANK6          

        CLASS   BANK7          

        CLASS   BANK8          

        CLASS   BANK9          

        CLASS   BANK10         

        CLASS   BANK11         

        CLASS   BANK12         

        CLASS   BIGRAM         

        CLASS   RAM            

        CLASS   ABS1           
                abs_s1                               7E       7E        2         1

        CLASS   SFR0           

        CLASS   SFR1           

        CLASS   SFR2           

        CLASS   SFR3           

        CLASS   SFR4           

        CLASS   SFR5           

        CLASS   SFR6           

        CLASS   SFR7           

        CLASS   SFR8           

        CLASS   SFR9           

        CLASS   SFR10          

        CLASS   SFR11          

        CLASS   SFR12          

        CLASS   SFR13          

        CLASS   SFR14          

        CLASS   SFR15          

        CLASS   SFR16          

        CLASS   SFR17          

        CLASS   SFR18          

        CLASS   SFR19          

        CLASS   SFR20          

        CLASS   SFR21          

        CLASS   SFR22          

        CLASS   SFR23          

        CLASS   SFR24          

        CLASS   SFR25          

        CLASS   SFR26          

        CLASS   SFR27          

        CLASS   SFR28          

        CLASS   SFR29          

        CLASS   SFR30          

        CLASS   SFR31          

        CLASS   CONFIG         
                config                             8007     8007        3         4

        CLASS   IDLOC          

        CLASS   BANK31         

        CLASS   BANK30         

        CLASS   BANK29         

        CLASS   BANK28         

        CLASS   BANK27         

        CLASS   BANK26         

        CLASS   BANK25         

        CLASS   BANK24         

        CLASS   BANK23         

        CLASS   BANK22         

        CLASS   BANK21         

        CLASS   BANK20         

        CLASS   BANK19         

        CLASS   BANK18         

        CLASS   BANK17         

        CLASS   BANK16         

        CLASS   BANK15         

        CLASS   BANK14         

        CLASS   BANK13         

        CLASS   EEDATA         



SEGMENTS        Name                           Load    Length   Top    Selector   Space  Class     Delta

                reset_vec                      000000  000004  000004         0       0  CODE        2
                text14                         000008  00003E  000046        10       0  CODE        2
                cstackBANK0                    000020  000050  000070        20       1  BANK0       1
                cstackCOMMON                   000070  00000E  00007E        70       1  COMMON      1
                text6                          000046  000257  00029D        8C       0  CODE        2
                cstackBANK1                    0000A0  000050  0000F0        A0       1  BANK1       1
                dataBANK2                      000120  00004D  00016D       120       1  BANK2       1
                cstackBANK3                    0001A0  00004F  0001EF       1A0       1  BANK3       1
                dataBANK4                      000220  00000A  00022A       220       1  BANK4       1
                dataBANK5                      0002A0  00004B  0002EB       2A0       1  BANK5       1
                text2                          00029D  00052D  0007CA       53A       0  CODE        2
                cinit                          0007CA  000040  00080A       F94       0  CODE        2
                text12                         00080A  00005F  000869      1014       0  CODE        2
                text32                         000869  000064  0008CD      10D2       0  CODE        2
                text34                         0008CD  000065  000932      119A       0  CODE        2
                maintext                       000932  0000A2  0009D4      1264       0  CODE        2
                text3                          0009D4  0000AC  000A80      13A8       0  CODE        2
                text1                          000A80  000194  000C14      1500       0  CODE        2
                text8                          000C14  0001B4  000DC8      1828       0  CODE        2
                text5                          000DC8  000238  001000      1B90       0  CODE        2
                text27                         001508  000005  00150D      2A10       0  CODE        2
                clrtext                        00150D  000006  001513      2A1A       0  CODE        2
                inittext                       001513  000006  001519      2A26       0  CODE        2
                text23                         001519  00000A  001523      2A32       0  CODE        2
                text28                         001523  00000F  001532      2A46       0  CODE        2
                text15                         001532  00000F  001541      2A64       0  CODE        2
                text24                         001541  000012  001553      2A82       0  CODE        2
                text25                         001553  000013  001566      2AA6       0  CODE        2
                text26                         001566  000015  00157B      2ACC       0  CODE        2
                text20                         00157B  000017  001592      2AF6       0  CODE        2
                text18                         001592  000017  0015A9      2B24       0  CODE        2
                text31                         0015A9  000019  0015C2      2B52       0  CODE        2
                text30                         0015C2  000019  0015DB      2B84       0  CODE        2
                text29                         0015DB  000019  0015F4      2BB6       0  CODE        2
                text11                         0015F4  000019  00160D      2BE8       0  CODE        2
                text10                         00160D  000019  001626      2C1A       0  CODE        2
                text9                          001626  000019  00163F      2C4C       0  CODE        2
                text21                         00163F  00001E  00165D      2C7E       0  CODE        2
                text19                         00165D  00001E  00167B      2CBA       0  CODE        2
                text17                         00167B  00001E  001699      2CF6       0  CODE        2
                text22                         001699  00001F  0016B8      2D32       0  CODE        2
                text4                          0016B8  000020  0016D8      2D70       0  CODE        2
                idataBANK2                     0016D8  000020  0016F8      2DB0       0  CODE        2
                text7                          0016F8  000023  00171B      2DF0       0  CODE        2
                text33                         00171B  000026  001741      2E36       0  CODE        2
                text13                         001741  00002A  00176B      2E82       0  CODE        2
                text16                         00176B  00004A  0017B5      2ED6       0  CODE        2
                idataBANK5                     0017B5  00004B  001800      2F6A       0  CODE        2
                stringtext1                    001800  000018  001818      3000       0  STRCODE     2


UNUSED ADDRESS RANGES

        Name                Unused          Largest block    Delta
        BANK10           00520-0056F              50           1
        BANK11           005A0-005EF              50           1
        BANK12           00620-0064F              30           1
        BANK2            0016D-0016F               3           1
        BANK3            001EF-001EF               1           1
        BANK4            0022A-0026F              46           1
        BANK5            002EB-002EF               5           1
        BANK6            00320-0036F              50           1
        BANK7            003A0-003EF              50           1
        BANK8            00420-0046F              50           1
        BANK9            004A0-004EF              50           1
        BIGRAM           02000-023EF             3F0           1
        CODE             00004-00007               4           2
                         01000-01507             508
                         01818-01FFF             7E8
        CONST            00004-00007               4           2
                         01000-01507             100
                         01818-01FFF             100
        ENTRY            00004-00007               4           2
                         01000-01507             100
                         01818-01FFF             100
        IDLOC            08000-08003               4           2
        RAM              0016D-0016F               3           1
                         001EF-001EF               1
                         0022A-0026F              46
                         002EB-002EF               5
                         00320-0036F              50
                         003A0-003EF              50
                         00420-0046F              50
                         004A0-004EF              50
                         00520-0056F              50
                         005A0-005EF              50
                         00620-0064F              30
        SFR0             00000-0001F              20           1
        SFR1             00080-0009F              20           1
        SFR10            00500-0051F              20           1
        SFR11            00580-0059F              20           1
        SFR12            00600-0061F              20           1
        SFR13            00680-006EF              70           1
        SFR14            00700-0076F              70           1
        SFR15            00780-007EF              70           1
        SFR16            00800-0086F              70           1
        SFR17            00880-008EF              70           1
        SFR18            00900-0096F              70           1
        SFR19            00980-009EF              70           1
        SFR2             00100-0011F              20           1
        SFR20            00A00-00A6F              70           1
        SFR21            00A80-00AEF              70           1
        SFR22            00B00-00B6F              70           1
        SFR23            00B80-00BEF              70           1
        SFR24            00C00-00C6F              70           1
        SFR25            00C80-00CEF              70           1
        SFR26            00D00-00D6F              70           1
        SFR27            00D80-00DEF              70           1
        SFR28            00E00-00E6F              70           1
        SFR29            00E80-00EEF              70           1
        SFR3             00180-0019F              20           1
        SFR30            00F00-00F6F              70           1
        SFR31            00F80-00FEF              70           1
        SFR4             00200-0021F              20           1
        SFR5             00280-0029F              20           1
        SFR6             00300-0031F              20           1
        SFR7             00380-0039F              20           1
        SFR8             00400-0041F              20           1
        SFR9             00480-0049F              20           1
        STACK            021DB-023EF             215           1
        STRCODE          00004-00007               4           2
                         01000-01507             508
                         01818-01FFF             7E8
        STRING           00004-00007               4           2
                         01000-01507             100
                         01818-01FFF             100

                                  Symbol Table

?__Umul8_16                      cstackCOMMON 00070
?___fladd                        cstackBANK0  0004F
?___fldiv                        cstackBANK0  00035
?___flmul                        cstackBANK0  00020
?___flsub                        cstackBANK0  00063
?___xxtofl                       cstackCOMMON 00070
?_logf                           cstackBANK0  0006B
?_thermistor_temp                cstackBANK1  000EA
_ADCON0bits                      (abs)        0009D
_ADFM                            (abs)        004F7
_ADON                            (abs)        004E8
_ADRESH                          (abs)        0009C
_ANSA4                           (abs)        00C64
_ANSELA                          (abs)        0018C
_ANSELC                          (abs)        0018E
_GO                              (abs)        004E9
_PORTA                           (abs)        0000C
_PORTAbits                       (abs)        0000C
_PORTCbits                       (abs)        0000E
_RC0PPS                          (abs)        00EA0
_RC3PPS                          (abs)        00EA3
_SSP1BUF                         (abs)        00211
_SSP1CON1bits                    (abs)        00215
_SSP1CONbits                     (abs)        00215
_SSP1STATbits                    (abs)        00214
_SSPDATPPS                       (abs)        00E21
_TRISA2                          (abs)        00462
_TRISA4                          (abs)        00464
_TRISA5                          (abs)        00465
_TRISC0                          (abs)        00470
_TRISC1                          (abs)        00471
_TRISC2                          (abs)        00472
_TRISC3                          (abs)        00473
_TRISC5                          (abs)        00475
_TRIS_ANS_Setup                  text28       01523
_WPUA4                           (abs)        01064
__Habs1                          abs1         00000
__Hbank0                         bank0        00000
__Hbank1                         bank1        00000
__Hbank10                        bank10       00000
__Hbank11                        bank11       00000
__Hbank12                        bank12       00000
__Hbank13                        bank13       00000
__Hbank14                        bank14       00000
__Hbank15                        bank15       00000
__Hbank16                        bank16       00000
__Hbank17                        bank17       00000
__Hbank18                        bank18       00000
__Hbank19                        bank19       00000
__Hbank2                         bank2        00000
__Hbank20                        bank20       00000
__Hbank21                        bank21       00000
__Hbank22                        bank22       00000
__Hbank23                        bank23       00000
__Hbank24                        bank24       00000
__Hbank25                        bank25       00000
__Hbank26                        bank26       00000
__Hbank27                        bank27       00000
__Hbank28                        bank28       00000
__Hbank29                        bank29       00000
__Hbank3                         bank3        00000
__Hbank30                        bank30       00000
__Hbank31                        bank31       00000
__Hbank4                         bank4        00000
__Hbank5                         bank5        00000
__Hbank6                         bank6        00000
__Hbank7                         bank7        00000
__Hbank8                         bank8        00000
__Hbank9                         bank9        00000
__Hbigram                        bigram       00000
__HbssBANK1                      bssBANK1     00000
__HbssBANK2                      bssBANK2     00000
__HbssBANK3                      bssBANK3     00000
__Hcinit                         cinit        00800
__Hclrtext                       clrtext      00000
__Hcode                          code         00000
__Hcommon                        common       00000
__Hconfig                        config       0800A
__HcstackBANK0                   cstackBANK0  00000
__HcstackBANK1                   cstackBANK1  00000
__HcstackBANK2                   cstackBANK2  00000
__HcstackBANK3                   cstackBANK3  00000
__HcstackCOMMON                  cstackCOMMON 00000
__HdataBANK2                     dataBANK2    00000
__HdataBANK4                     dataBANK4    00000
__HdataBANK5                     dataBANK5    00000
__Heeprom_data                   eeprom_data  00000
__Hend_init                      end_init     00004
__Hfunctab                       functab      00000
__HidataBANK2                    idataBANK2   00000
__HidataBANK4                    idataBANK4   00000
__HidataBANK5                    idataBANK5   00000
__Hinit                          init         00002
__Hinittext                      inittext     00000
__Hintentry                      intentry     00002
__Hmaintext                      maintext     00000
__Hpowerup                       powerup      00000
__Hram                           ram          00000
__Hreset_vec                     reset_vec    00002
__Hsfr0                          sfr0         00000
__Hsfr1                          sfr1         00000
__Hsfr10                         sfr10        00000
__Hsfr11                         sfr11        00000
__Hsfr12                         sfr12        00000
__Hsfr13                         sfr13        00000
__Hsfr14                         sfr14        00000
__Hsfr15                         sfr15        00000
__Hsfr16                         sfr16        00000
__Hsfr17                         sfr17        00000
__Hsfr18                         sfr18        00000
__Hsfr19                         sfr19        00000
__Hsfr2                          sfr2         00000
__Hsfr20                         sfr20        00000
__Hsfr21                         sfr21        00000
__Hsfr22                         sfr22        00000
__Hsfr23                         sfr23        00000
__Hsfr24                         sfr24        00000
__Hsfr25                         sfr25        00000
__Hsfr26                         sfr26        00000
__Hsfr27                         sfr27        00000
__Hsfr28                         sfr28        00000
__Hsfr29                         sfr29        00000
__Hsfr3                          sfr3         00000
__Hsfr30                         sfr30        00000
__Hsfr31                         sfr31        00000
__Hsfr4                          sfr4         00000
__Hsfr5                          sfr5         00000
__Hsfr6                          sfr6         00000
__Hsfr7                          sfr7         00000
__Hsfr8                          sfr8         00000
__Hsfr9                          sfr9         00000
__Hspace_0                       (abs)        01818
__Hspace_1                       (abs)        002EB
__Hspace_2                       (abs)        00000
__Hspace_3                       (abs)        00000
__Hspace_4                       (abs)        10011
__Hstack                         stack        00000
__Hstrings                       strings      00000
__Hstringtext1                   stringtext1  00000
__Hstringtext2                   stringtext2  00000
__Hstringtext3                   stringtext3  00000
__Hstringtext4                   stringtext4  00000
__Hstringtext5                   stringtext5  00000
__Hstringtext6                   stringtext6  00000
__Htext                          text         00000
__Labs1                          abs1         00000
__Lbank0                         bank0        00000
__Lbank1                         bank1        00000
__Lbank10                        bank10       00000
__Lbank11                        bank11       00000
__Lbank12                        bank12       00000
__Lbank13                        bank13       00000
__Lbank14                        bank14       00000
__Lbank15                        bank15       00000
__Lbank16                        bank16       00000
__Lbank17                        bank17       00000
__Lbank18                        bank18       00000
__Lbank19                        bank19       00000
__Lbank2                         bank2        00000
__Lbank20                        bank20       00000
__Lbank21                        bank21       00000
__Lbank22                        bank22       00000
__Lbank23                        bank23       00000
__Lbank24                        bank24       00000
__Lbank25                        bank25       00000
__Lbank26                        bank26       00000
__Lbank27                        bank27       00000
__Lbank28                        bank28       00000
__Lbank29                        bank29       00000
__Lbank3                         bank3        00000
__Lbank30                        bank30       00000
__Lbank31                        bank31       00000
__Lbank4                         bank4        00000
__Lbank5                         bank5        00000
__Lbank6                         bank6        00000
__Lbank7                         bank7        00000
__Lbank8                         bank8        00000
__Lbank9                         bank9        00000
__Lbigram                        bigram       00000
__LbssBANK1                      bssBANK1     00000
__LbssBANK2                      bssBANK2     00000
__LbssBANK3                      bssBANK3     00000
__Lcinit                         cinit        007CA
__Lclrtext                       clrtext      00000
__Lcode                          code         00000
__Lcommon                        common       00000
__Lconfig                        config       00000
__LcstackBANK0                   cstackBANK0  00000
__LcstackBANK1                   cstackBANK1  00000
__LcstackBANK2                   cstackBANK2  00000
__LcstackBANK3                   cstackBANK3  00000
__LcstackCOMMON                  cstackCOMMON 00000
__LdataBANK2                     dataBANK2    00000
__LdataBANK4                     dataBANK4    00000
__LdataBANK5                     dataBANK5    00000
__Leeprom_data                   eeprom_data  00000
__Lend_init                      end_init     00002
__Lfunctab                       functab      00000
__LidataBANK2                    idataBANK2   00000
__LidataBANK4                    idataBANK4   00000
__LidataBANK5                    idataBANK5   00000
__Linit                          init         00002
__Linittext                      inittext     00000
__Lintentry                      intentry     00002
__Lmaintext                      maintext     00000
__Lpowerup                       powerup      00000
__Lram                           ram          00000
__Lreset_vec                     reset_vec    00000
__Lsfr0                          sfr0         00000
__Lsfr1                          sfr1         00000
__Lsfr10                         sfr10        00000
__Lsfr11                         sfr11        00000
__Lsfr12                         sfr12        00000
__Lsfr13                         sfr13        00000
__Lsfr14                         sfr14        00000
__Lsfr15                         sfr15        00000
__Lsfr16                         sfr16        00000
__Lsfr17                         sfr17        00000
__Lsfr18                         sfr18        00000
__Lsfr19                         sfr19        00000
__Lsfr2                          sfr2         00000
__Lsfr20                         sfr20        00000
__Lsfr21                         sfr21        00000
__Lsfr22                         sfr22        00000
__Lsfr23                         sfr23        00000
__Lsfr24                         sfr24        00000
__Lsfr25                         sfr25        00000
__Lsfr26                         sfr26        00000
__Lsfr27                         sfr27        00000
__Lsfr28                         sfr28        00000
__Lsfr29                         sfr29        00000
__Lsfr3                          sfr3         00000
__Lsfr30                         sfr30        00000
__Lsfr31                         sfr31        00000
__Lsfr4                          sfr4         00000
__Lsfr5                          sfr5         00000
__Lsfr6                          sfr6         00000
__Lsfr7                          sfr7         00000
__Lsfr8                          sfr8         00000
__Lsfr9                          sfr9         00000
__Lspace_0                       (abs)        00000
__Lspace_1                       (abs)        00000
__Lspace_2                       (abs)        00000
__Lspace_3                       (abs)        00000
__Lspace_4                       (abs)        00000
__Lstack                         stack        00000
__Lstrings                       strings      00000
__Lstringtext1                   stringtext1  00000
__Lstringtext2                   stringtext2  00000
__Lstringtext3                   stringtext3  00000
__Lstringtext4                   stringtext4  00000
__Lstringtext5                   stringtext5  00000
__Lstringtext6                   stringtext6  00000
__Ltext                          text         00000
__S0                             (abs)        01818
__S1                             (abs)        002EB
__S2                             (abs)        00000
__Umul8_16                       text7        016F8
__Umul8_16@multiplicand          cstackCOMMON 00070
__Umul8_16@multiplier            cstackCOMMON 00078
__Umul8_16@product               cstackCOMMON 00074
__Umul8_16@word_mpld             cstackCOMMON 00076
___fladd                         text5        00DC8
___fladd@a                       cstackBANK0  00053
___fladd@aexp                    cstackBANK0  00060
___fladd@b                       cstackBANK0  0004F
___fladd@bexp                    cstackBANK0  00061
___fladd@grs                     cstackBANK0  00062
___fladd@signs                   cstackBANK0  0005F
___fldiv                         text8        00C14
___fldiv@a                       cstackBANK0  00035
___fldiv@aexp                    cstackBANK0  0004E
___fldiv@b                       cstackBANK0  00039
___fldiv@bexp                    cstackBANK0  0004D
___fldiv@grs                     cstackBANK0  00049
___fldiv@new_exp                 cstackBANK0  00047
___fldiv@rem                     cstackBANK0  00042
___fldiv@sign                    cstackBANK0  00046
___flmul                         text6        00046
___flmul@a                       cstackBANK0  00024
___flmul@aexp                    cstackBANK0  0002D
___flmul@b                       cstackBANK0  00020
___flmul@bexp                    cstackBANK0  0002E
___flmul@grs                     cstackBANK0  00029
___flmul@prod                    cstackBANK0  0002F
___flmul@sign                    cstackBANK0  00028
___flmul@temp                    cstackBANK0  00033
___flsub                         text4        016B8
___flsub@a                       cstackBANK0  00063
___flsub@b                       cstackBANK0  00067
___int_sp                        stack        00000
___latbits                       (abs)        00002
___sp                            stack        00000
___stackhi                       (abs)        023EF
___stacklo                       (abs)        021DB
___xxtofl                        text3        009D4
___xxtofl@arg                    cstackCOMMON 0007A
___xxtofl@exp                    cstackCOMMON 00079
___xxtofl@sign                   cstackCOMMON 00078
___xxtofl@val                    cstackCOMMON 00070
__end_of_Lg1                     stringtext4  01810
__end_of_Lg2                     stringtext3  0180C
__end_of_Lg3                     stringtext2  01808
__end_of_Lg4                     stringtext1  01804
__end_of_TRIS_ANS_Setup          text28       01532
__end_of__Umul8_16               text7        0171B
__end_of___fladd                 text5        01000
__end_of___fldiv                 text8        00DC8
__end_of___flmul                 text6        0029D
__end_of___flsub                 text4        016D8
__end_of___xxtofl                text3        00A80
__end_of__initialization         cinit        007FD
__end_of_analogSetup             text27       0150D
__end_of_getFifoFlags            text31       015C2
__end_of_getModeFlags            text30       015DB
__end_of_getOperatingMode        text29       015F4
__end_of_init                    text23       01523
__end_of_initRadio               text13       0176B
__end_of_ln2_hi                  stringtext6  01818
__end_of_ln2_lo                  stringtext5  01814
__end_of_logf                    text2        007CA
__end_of_main                    maintext     009D4
__end_of_resetRadio              text26       0157B
__end_of_rfmSetup                text24       01553
__end_of_send                    text34       00932
__end_of_sendBulk                text32       008CD
__end_of_sendPairs               text16       017B5
__end_of_sendPayload             text12       00869
__end_of_setAutoMode             text11       0160D
__end_of_setModulationThreshold  text22       016B8
__end_of_setNodeAddress          text21       0165D
__end_of_setOperatingMode        text10       01626
__end_of_setPacketFormat         text20       01592
__end_of_setPacketLength         text19       0167B
__end_of_setPinWithMask          text33       01741
__end_of_setPowerOutput          text9        0163F
__end_of_setPreambleLength       text18       015A9
__end_of_setRSSIThreshold        text17       01699
__end_of_setRecommendedParams    text15       01541
__end_of_setSyncWords            text14       00046
__end_of_spi_init_master         text25       01566
__end_of_thermistor_temp         text1        00C14
__initialization                 cinit        007CA
__pbssBANK1                      bssBANK1     000EE
__pbssBANK2                      bssBANK2     00140
__pbssBANK3                      bssBANK3     001EC
__pcstackBANK0                   cstackBANK0  00020
__pcstackBANK1                   cstackBANK1  000A0
__pcstackBANK2                   cstackBANK2  0015D
__pcstackBANK3                   cstackBANK3  001A0
__pcstackCOMMON                  cstackCOMMON 00070
__pdataBANK2                     dataBANK2    00120
__pdataBANK4                     dataBANK4    00220
__pdataBANK5                     dataBANK5    002A0
__pidataBANK2                    idataBANK2   016D8
__pidataBANK4                    idataBANK4   00800
__pidataBANK5                    idataBANK5   017B5
__pmaintext                      maintext     00932
__pstringtext1                   stringtext1  01800
__pstringtext2                   stringtext2  01804
__pstringtext3                   stringtext3  01808
__pstringtext4                   stringtext4  0180C
__pstringtext5                   stringtext5  01810
__pstringtext6                   stringtext6  01814
__ptext1                         text1        00A80
__ptext10                        text10       0160D
__ptext11                        text11       015F4
__ptext12                        text12       0080A
__ptext13                        text13       01741
__ptext14                        text14       00008
__ptext15                        text15       01532
__ptext16                        text16       0176B
__ptext17                        text17       0167B
__ptext18                        text18       01592
__ptext19                        text19       0165D
__ptext2                         text2        0029D
__ptext20                        text20       0157B
__ptext21                        text21       0163F
__ptext22                        text22       01699
__ptext23                        text23       01519
__ptext24                        text24       01541
__ptext25                        text25       01553
__ptext26                        text26       01566
__ptext27                        text27       01508
__ptext28                        text28       01523
__ptext29                        text29       015DB
__ptext3                         text3        009D4
__ptext30                        text30       015C2
__ptext31                        text31       015A9
__ptext32                        text32       00869
__ptext33                        text33       0171B
__ptext34                        text34       008CD
__ptext4                         text4        016B8
__ptext5                         text5        00DC8
__ptext6                         text6        00046
__ptext7                         text7        016F8
__ptext8                         text8        00C14
__ptext9                         text9        01626
__size_of_TRIS_ANS_Setup         (abs)        00000
__size_of__Umul8_16              (abs)        00000
__size_of___fladd                (abs)        00000
__size_of___fldiv                (abs)        00000
__size_of___flmul                (abs)        00000
__size_of___flsub                (abs)        00000
__size_of___xxtofl               (abs)        00000
__size_of_analogSetup            (abs)        00000
__size_of_getFifoFlags           (abs)        00000
__size_of_getModeFlags           (abs)        00000
__size_of_getOperatingMode       (abs)        00000
__size_of_init                   (abs)        00000
__size_of_initRadio              (abs)        00000
__size_of_logf                   (abs)        00000
__size_of_main                   (abs)        00000
__size_of_resetRadio             (abs)        00000
__size_of_rfmSetup               (abs)        00000
__size_of_send                   (abs)        00000
__size_of_sendBulk               (abs)        00000
__size_of_sendPairs              (abs)        00000
__size_of_sendPayload            (abs)        00000
__size_of_setAutoMode            (abs)        00000
__size_of_setModulationThreshold (abs)        00000
__size_of_setNodeAddress         (abs)        00000
__size_of_setOperatingMode       (abs)        00000
__size_of_setPacketFormat        (abs)        00000
__size_of_setPacketLength        (abs)        00000
__size_of_setPinWithMask         (abs)        00000
__size_of_setPowerOutput         (abs)        00000
__size_of_setPreambleLength      (abs)        00000
__size_of_setRSSIThreshold       (abs)        00000
__size_of_setRecommendedParams   (abs)        00000
__size_of_setSyncWords           (abs)        00000
__size_of_spi_init_master        (abs)        00000
__size_of_thermistor_temp        (abs)        00000
_analogSetup                     text27       01508
_errno                           bssBANK2     00144
_fifoFlags                       bssBANK3     001EE
_getFifoFlags                    text31       015A9
_getModeFlags                    text30       015C2
_getOperatingMode                text29       015DB
_init                            text23       01519
_initRadio                       text13       01741
_logf                            text2        0029D
_logf$1135                       cstackBANK1  000DA
_logf$1136                       cstackBANK1  000B4
_logf$1137                       cstackBANK1  000B8
_logf$1138                       cstackBANK1  000BC
_logf$1139                       cstackBANK1  000C0
_main                            maintext     00932
_modeFlags                       bssBANK3     001ED
_operatingMode                   bssBANK3     001EC
_recommended_params              dataBANK4    00220
_resetRadio                      text26       01566
_rfmSetup                        text24       01541
_send                            text34       008CD
_sendBulk                        text32       00869
_sendPairs                       text16       0176B
_sendPayload                     text12       0080A
_setAutoMode                     text11       015F4
_setModulationThreshold          text22       01699
_setNodeAddress                  text21       0163F
_setOperatingMode                text10       0160D
_setPacketFormat                 text20       0157B
_setPacketLength                 text19       0165D
_setPinWithMask                  text33       0171B
_setPowerOutput                  text9        01626
_setPreambleLength               text18       01592
_setRSSIThreshold                text17       0167B
_setRecommendedParams            text15       01532
_setSyncWords                    text14       00008
_spi_init_master                 text25       01553
_thermistorTemp                  bssBANK2     00159
_thermistor_temp                 text1        00A80
_thermistor_temp$1134            cstackBANK2  00165
btemp                            (abs)        0007E
checkForPayload@F9455            dataBANK2    0013C
checkRSSISampling@F9502          dataBANK2    0012E
clear_ram0                       clrtext      0150D
end_of_initialization            cinit        007FD
getFifoFlags@F9481               dataBANK2    00136
getFifoFlags@msg                 cstackBANK0  00023
getFifoFlags@radio               cstackBANK0  00025
getModeFlags@F9498               dataBANK2    00130
getModeFlags@msg                 cstackBANK0  00023
getModeFlags@radio               cstackBANK0  00025
getOperatingMode@F9489           dataBANK2    00132
getOperatingMode@msg             cstackBANK0  00024
getOperatingMode@radio           cstackBANK0  00023
getPowerSettings@F9514           dataBANK2    00128
getRSSI@F9477                    dataBANK2    00138
getRSSIThreshold@F9485           dataBANK2    00134
initRadio@radio                  cstackBANK0  00030
init_ram                         inittext     01513
intlevel0                        functab      00000
intlevel1                        functab      00000
intlevel2                        functab      00000
intlevel3                        functab      00000
intlevel4                        functab      00000
intlevel5                        functab      00000
logf@F472                        bssBANK2     00140
logf@R                           cstackBANK1  000A8
logf@dk                          cstackBANK1  000CA
logf@f                           cstackBANK1  000E2
logf@hfsq                        cstackBANK1  000C6
logf@ix                          cstackBANK1  000E6
logf@k                           cstackBANK1  000C4
logf@s                           cstackBANK1  000CE
logf@t1                          cstackBANK1  000AC
logf@t2                          cstackBANK1  000B0
logf@u                           cstackBANK1  000DE
logf@w                           cstackBANK1  000D6
logf@x                           cstackBANK0  0006B
logf@z                           cstackBANK1  000D2
main@F9844                       dataBANK5    002A0
main@payload                     cstackBANK3  001A0
main@radio                       cstackBANK3  001A1
reset_vec                        reset_vec    00000
restartRx@F9510                  dataBANK2    0012A
send@msg                         cstackCOMMON 00070
send@radio                       cstackCOMMON 00074
send@temp                        cstackCOMMON 00073
sendBulk@i                       cstackBANK0  00020
sendBulk@len                     cstackCOMMON 00077
sendBulk@msgs                    cstackCOMMON 00076
sendBulk@radio                   cstackBANK0  00022
sendPairs@i                      cstackBANK0  00029
sendPairs@len                    cstackBANK0  00024
sendPairs@msg                    cstackBANK0  00027
sendPairs@msgs                   cstackBANK0  00023
sendPairs@radio                  cstackBANK0  00026
sendPayload@i                    cstackCOMMON 00079
sendPayload@payload              cstackCOMMON 00076
sendPayload@radio                cstackCOMMON 0007B
setAutoMode@autoModes            cstackCOMMON 0007C
setAutoMode@msg                  cstackBANK0  00026
setAutoMode@radio                cstackBANK0  00025
setModulationThreshold@msg       cstackBANK0  00023
setModulationThreshold@radio     cstackBANK0  00025
setNodeAddress@msg               cstackBANK0  00023
setNodeAddress@radio             cstackBANK0  00025
setOperatingMode@msg             cstackBANK0  00026
setOperatingMode@operatingMode   cstackCOMMON 0007C
setOperatingMode@radio           cstackBANK0  00025
setPacketFormat@F9440            dataBANK2    0013E
setPacketFormat@msg              cstackBANK0  00023
setPacketFormat@radio            cstackBANK0  00025
setPacketLength@msg              cstackBANK0  00023
setPacketLength@radio            cstackBANK0  00025
setPinWithMask@iPin              cstackCOMMON 00072
setPinWithMask@pPort             cstackCOMMON 00070
setPinWithMask@value             cstackCOMMON 00073
setPowerOutput@msg               cstackBANK0  00026
setPowerOutput@powerSettings     cstackCOMMON 0007C
setPowerOutput@radio             cstackBANK0  00025
setPreambleLength@F9462          dataBANK2    0013A
setPreambleLength@msg            cstackBANK0  00023
setPreambleLength@radio          cstackBANK0  00025
setRSSIThreshold@msg             cstackBANK0  00023
setRSSIThreshold@radio           cstackBANK0  00025
setRecommendedParams@radio       cstackBANK0  0002C
setSyncWords@i                   cstackBANK0  0002E
setSyncWords@msg                 cstackBANK0  00023
setSyncWords@radio               cstackBANK0  0002D
start                            init         00002
startRSSISampling@F9506          dataBANK2    0012C
start_initialization             cinit        007CA
thermistor_temp@resistance       cstackBANK2  00161
thermistor_temp@temperature      cstackBANK2  00169
wtemp0                           (abs)        0007E


MODULE INFORMATION

Module		Function		Class		Link	Load	Size
C:\Program Files (x86)\MPLAB X\Compilers\XC8\pic\sources\c99\common\sprcadd.c
		___flsub       		CODE           	16B8	0000	32
		___fladd       		CODE           	0DC8	0000	568

C:\Program Files (x86)\MPLAB X\Compilers\XC8\pic\sources\c99\common\sprcadd.c estimated size: 600

C:\Program Files (x86)\MPLAB X\Compilers\XC8\pic\sources\c99\common\xxtofl.c
		___xxtofl      		CODE           	09D4	0000	172

C:\Program Files (x86)\MPLAB X\Compilers\XC8\pic\sources\c99\common\xxtofl.c estimated size: 172

C:\Program Files (x86)\MPLAB X\Compilers\XC8\pic\sources\c99\common\logf.c
		_logf          		CODE           	029D	0000	1325

C:\Program Files (x86)\MPLAB X\Compilers\XC8\pic\sources\c99\common\logf.c estimated size: 1325

RFM69HCW.c
		_setPowerOutput		CODE           	1626	0000	25
		_sendPairs     		CODE           	176B	0000	74
		_setRecommendedParams		CODE           	1532	0000	15
		_sendPayload   		CODE           	080A	0000	95
		_setPacketLength		CODE           	165D	0000	30
		_setPacketFormat		CODE           	157B	0000	23
		_initRadio     		CODE           	1741	0000	42
		_setPinWithMask		CODE           	171B	0000	38
		_setSyncWords  		CODE           	0008	0000	62
		_setNodeAddress		CODE           	163F	0000	30
		_setAutoMode   		CODE           	15F4	0000	25
		_getOperatingMode		CODE           	15DB	0000	25
		_setRSSIThreshold		CODE           	167B	0000	30
		_sendBulk      		CODE           	0869	0000	100
		_setPreambleLength		CODE           	1592	0000	23
		_setModulationThreshold		CODE           	1699	0000	31
		_setOperatingMode		CODE           	160D	0000	25
		_send          		CODE           	08CD	0000	101
		_getFifoFlags  		CODE           	15A9	0000	25
		_getModeFlags  		CODE           	15C2	0000	25

RFM69HCW.c estimated size: 844

shared
		_Lg1           		STRCODE        	0000	0000	0
		_Lg2           		STRCODE        	0000	0000	0
		_Lg3           		STRCODE        	0000	0000	0
		_Lg4           		STRCODE        	0000	0000	0
		__initialization		CODE           	07CA	0000	51
		_ln2_lo        		STRCODE        	0000	0000	0
		_ln2_hi        		STRCODE        	0000	0000	0

shared estimated size: 51

C:\Program Files (x86)\MPLAB X\Compilers\XC8\pic\sources\c99\common\Umul8_16.c
		__Umul8_16     		CODE           	16F8	0000	35

C:\Program Files (x86)\MPLAB X\Compilers\XC8\pic\sources\c99\common\Umul8_16.c estimated size: 35

C:\Program Files (x86)\MPLAB X\Compilers\XC8\pic\sources\c99\common\sprcmul.c
		___flmul       		CODE           	0046	0000	599

C:\Program Files (x86)\MPLAB X\Compilers\XC8\pic\sources\c99\common\sprcmul.c estimated size: 599

C:\Program Files (x86)\MPLAB X\Compilers\XC8\pic\sources\c99\common\sprcdiv.c
		___fldiv       		CODE           	0C14	0000	436

C:\Program Files (x86)\MPLAB X\Compilers\XC8\pic\sources\c99\common\sprcdiv.c estimated size: 436

transmitter.c
		_resetRadio    		CODE           	1566	0000	21
		_init          		CODE           	1519	0000	10
		_rfmSetup      		CODE           	1541	0000	18
		_spi_init_master		CODE           	1553	0000	19
		_thermistor_temp		CODE           	0A80	0000	404
		_main          		CODE           	0932	0000	162
		_analogSetup   		CODE           	1508	0000	5
		_TRIS_ANS_Setup		CODE           	1523	0000	15

transmitter.c estimated size: 654

