Microchip MPLAB XC8 Compiler V2.05 ()

Linker command line:

-W-3 --edf=C:\Program Files (x86)\Microchip\xc8\v2.05\pic\dat\en_msgs.txt \
  -cs -h+dist/default/production\SolarRadio.X.production.sym \
  --cmf=dist/default/production\SolarRadio.X.production.cmf -z -Q16F1615 \
  -oC:\Users\User\AppData\Local\Temp\s3p8.2 --defsym=__MPLAB_BUILD=1 \
  -Mdist/default/production/SolarRadio.X.production.map -E1 -ver=XC8 \
  --acfsm=1493 -ASTACK=020EBh-023EFh -pstack=STACK -ACODE=00h-07FFhx4 \
  -ASTRCODE=00h-01FFFh -ASTRING=00h-0FFhx32 -ACONST=00h-0FFhx32 \
  -AENTRY=00h-0FFhx32 -ACOMMON=070h-07Fh -ABANK0=020h-06Fh \
  -ABANK1=0A0h-0EFh -ABANK2=0120h-016Fh -ABANK3=01A0h-01EFh \
  -ABANK4=0220h-026Fh -ABANK5=02A0h-02EFh -ABANK6=0320h-036Fh \
  -ABANK7=03A0h-03EFh -ABANK8=0420h-046Fh -ABANK9=04A0h-04EFh \
  -ABANK10=0520h-056Fh -ABANK11=05A0h-05EFh -ABANK12=0620h-064Fh \
  -ABIGRAM=02000h-023EFh \
  -ARAM=020h-06Fh,0A0h-0EFh,0120h-016Fh,01A0h-01EFh,0220h-026Fh,02A0h-02EFh,0320h-036Fh,03A0h-03EFh,0420h-046Fh,04A0h-04EFh,0520h-056Fh,05A0h-05EFh,0620h-064Fh \
  -AABS1=020h-07Fh,0A0h-0EFh,0120h-016Fh,01A0h-01EFh,0220h-026Fh,02A0h-02EFh,0320h-036Fh,03A0h-03EFh,0420h-046Fh,04A0h-04EFh,0520h-056Fh,05A0h-05EFh,0620h-064Fh \
  -ASFR0=00h-01Fh -ASFR1=080h-09Fh -ASFR2=0100h-011Fh -ASFR3=0180h-019Fh \
  -ASFR4=0200h-021Fh -ASFR5=0280h-029Fh -ASFR6=0300h-031Fh \
  -ASFR7=0380h-039Fh -ASFR8=0400h-041Fh -ASFR9=0480h-049Fh \
  -ASFR10=0500h-051Fh -ASFR11=0580h-059Fh -ASFR12=0600h-061Fh \
  -ASFR13=0680h-06EFh -ASFR14=0700h-076Fh -ASFR15=0780h-07EFh \
  -ASFR16=0800h-086Fh -ASFR17=0880h-08EFh -ASFR18=0900h-096Fh \
  -ASFR19=0980h-09EFh -ASFR20=0A00h-0A6Fh -ASFR21=0A80h-0AEFh \
  -ASFR22=0B00h-0B6Fh -ASFR23=0B80h-0BEFh -ASFR24=0C00h-0C6Fh \
  -ASFR25=0C80h-0CEFh -ASFR26=0D00h-0D6Fh -ASFR27=0D80h-0DEFh \
  -ASFR28=0E00h-0E6Fh -ASFR29=0E80h-0EEFh -ASFR30=0F00h-0F6Fh \
  -ASFR31=0F80h-0FEFh -preset_vec=00h,intentry,init,end_init -ppowerup=CODE \
  -pcinit=CODE -pfunctab=ENTRY -ACONFIG=08007h-08009h -pconfig=CONFIG \
  -DCONFIG=2 -AIDLOC=08000h-08003h -pidloc=IDLOC -DIDLOC=2 -DCODE=2 \
  -DSTRCODE=2 -DSTRING=2 -DCONST=2 -DENTRY=2 -k \
  C:\Users\User\AppData\Local\Temp\s3p8.o \
  dist/default/production\SolarRadio.X.production.o 

Object code version is 3.11

Machine type is 16F1615



                Name                               Link     Load   Length Selector   Space Scale
C:\Users\User\AppData\Local\Temp\s3p8.o
                end_init                              2        2        2        0       0
                reset_vec                             0        0        2        0       0
                config                             8007     8007        3    1000E       0
dist/default/production\SolarRadio.X.production.o
                cinit                               7D9      7D9       27      FB2       0
                text26                              622      622       48      C44       0
                text25                              52D      52D       24      A5A       0
                text24                              709      709       5A      E12       0
                text23                              3DB      3DB       14      7B6       0
                text22                              3EF      3EF       14      7DE       0
                text21                              403      403       14      806       0
                text20                              417      417       14      82E       0
                text19                              42B      42B       15      856       0
                text18                              4A0      4A0       1C      940       0
                text17                              510      510       1D      A20       0
                text16                              388      388        3      710       0
                text15                              3A5      3A5       12      74A       0
                text14                              4BC      4BC       1C      978       0
                text13                              3B7      3B7       12      76E       0
                text12                              4D8      4D8       1C      9B0       0
                text11                              3C9      3C9       12      792       0
                text10                              4F4      4F4       1C      9E8       0
                text9                               5E0      5E0       42      BC0       0
                text8                               397      397        E      72E       0
                text7                               5A6      5A6       3A      B4C       0
                text6                               551      551       29      AA2       0
                text5                               6B5      6B5       54      D6A       0
                text4                               440      440       18      880       0
                text3                               458      458       18      8B0       0
                text2                               470      470       18      8E0       0
                text1                               488      488       18      910       0
                maintext                            763      763       76      EC6       0
                cstackBANK0                          4C       4C       13       20       1
                cstackCOMMON                         70       70        E       70       1
                cstackBANK1                          A0       A0       4B       A0       1
                clrtext                             38B      38B        6      716       0
                inittext                            391      391        6      722       0
                dataBANK2                           120      120       4B      120       1
                bssBANK1                             EB       EB        4       A0       1
                dataBANK0                            20       20       2C       20       1
                bssBANK0                             5F       5F       11       20       1
                idataBANK2                          66A      66A       4B      CD4       0
                idataBANK0                          57A      57A       2C      AF4       0

TOTAL           Name                               Link     Load   Length     Space
        CLASS   STACK          

        CLASS   CODE           
                end_init                              2        2        2         0
                cinit                               7D9      7D9       27         0
                reset_vec                             0        0        2         0
                text26                              622      622       48         0
                text25                              52D      52D       24         0
                text24                              709      709       5A         0
                text23                              3DB      3DB       14         0
                text22                              3EF      3EF       14         0
                text21                              403      403       14         0
                text20                              417      417       14         0
                text19                              42B      42B       15         0
                text18                              4A0      4A0       1C         0
                text17                              510      510       1D         0
                text16                              388      388        3         0
                text15                              3A5      3A5       12         0
                text14                              4BC      4BC       1C         0
                text13                              3B7      3B7       12         0
                text12                              4D8      4D8       1C         0
                text11                              3C9      3C9       12         0
                text10                              4F4      4F4       1C         0
                text9                               5E0      5E0       42         0
                text8                               397      397        E         0
                text7                               5A6      5A6       3A         0
                text6                               551      551       29         0
                text5                               6B5      6B5       54         0
                text4                               440      440       18         0
                text3                               458      458       18         0
                text2                               470      470       18         0
                text1                               488      488       18         0
                maintext                            763      763       76         0
                clrtext                             38B      38B        6         0
                inittext                            391      391        6         0
                idataBANK2                          66A      66A       4B         0
                idataBANK0                          57A      57A       2C         0

        CLASS   STRCODE        

        CLASS   STRING         

        CLASS   CONST          

        CLASS   ENTRY          

        CLASS   COMMON         
                cstackCOMMON                         70       70        E         1

        CLASS   BANK0          
                cstackBANK0                          4C       4C       13         1
                dataBANK0                            20       20       2C         1
                bssBANK0                             5F       5F       11         1

        CLASS   BANK1          
                cstackBANK1                          A0       A0       4B         1
                bssBANK1                             EB       EB        4         1

        CLASS   BANK2          
                dataBANK2                           120      120       4B         1

        CLASS   BANK3          

        CLASS   BANK4          

        CLASS   BANK5          

        CLASS   BANK6          

        CLASS   BANK7          

        CLASS   BANK8          

        CLASS   BANK9          

        CLASS   BANK10         

        CLASS   BANK11         

        CLASS   BANK12         

        CLASS   BIGRAM         

        CLASS   RAM            

        CLASS   ABS1           
                abs_s1                               7E       7E        2         1

        CLASS   SFR0           

        CLASS   SFR1           

        CLASS   SFR2           

        CLASS   SFR3           

        CLASS   SFR4           

        CLASS   SFR5           

        CLASS   SFR6           

        CLASS   SFR7           

        CLASS   SFR8           

        CLASS   SFR9           

        CLASS   SFR10          

        CLASS   SFR11          

        CLASS   SFR12          

        CLASS   SFR13          

        CLASS   SFR14          

        CLASS   SFR15          

        CLASS   SFR16          

        CLASS   SFR17          

        CLASS   SFR18          

        CLASS   SFR19          

        CLASS   SFR20          

        CLASS   SFR21          

        CLASS   SFR22          

        CLASS   SFR23          

        CLASS   SFR24          

        CLASS   SFR25          

        CLASS   SFR26          

        CLASS   SFR27          

        CLASS   SFR28          

        CLASS   SFR29          

        CLASS   SFR30          

        CLASS   SFR31          

        CLASS   CONFIG         
                config                             8007     8007        3         0

        CLASS   IDLOC          

        CLASS   BANK31         

        CLASS   BANK30         

        CLASS   BANK29         

        CLASS   BANK28         

        CLASS   BANK27         

        CLASS   BANK26         

        CLASS   BANK25         

        CLASS   BANK24         

        CLASS   BANK23         

        CLASS   BANK22         

        CLASS   BANK21         

        CLASS   BANK20         

        CLASS   BANK19         

        CLASS   BANK18         

        CLASS   BANK17         

        CLASS   BANK16         

        CLASS   BANK15         

        CLASS   BANK14         

        CLASS   BANK13         

        CLASS   EEDATA         



SEGMENTS        Name                           Load    Length   Top    Selector   Space  Class     Delta

                reset_vec                      000000  000004  000004         0       0  CODE        2
                dataBANK0                      000020  000050  000070        20       1  BANK0       1
                cstackCOMMON                   000070  00000E  00007E        70       1  COMMON      1
                cstackBANK1                    0000A0  00004F  0000EF        A0       1  BANK1       1
                dataBANK2                      000120  00004B  00016B       120       1  BANK2       1
                text16                         000388  000003  00038B       710       0  CODE        2
                clrtext                        00038B  000006  000391       716       0  CODE        2
                inittext                       000391  000006  000397       722       0  CODE        2
                text8                          000397  00000E  0003A5       72E       0  CODE        2
                text15                         0003A5  000012  0003B7       74A       0  CODE        2
                text13                         0003B7  000012  0003C9       76E       0  CODE        2
                text11                         0003C9  000012  0003DB       792       0  CODE        2
                text23                         0003DB  000014  0003EF       7B6       0  CODE        2
                text22                         0003EF  000014  000403       7DE       0  CODE        2
                text21                         000403  000014  000417       806       0  CODE        2
                text20                         000417  000014  00042B       82E       0  CODE        2
                text19                         00042B  000015  000440       856       0  CODE        2
                text4                          000440  000018  000458       880       0  CODE        2
                text3                          000458  000018  000470       8B0       0  CODE        2
                text2                          000470  000018  000488       8E0       0  CODE        2
                text1                          000488  000018  0004A0       910       0  CODE        2
                text18                         0004A0  00001C  0004BC       940       0  CODE        2
                text14                         0004BC  00001C  0004D8       978       0  CODE        2
                text12                         0004D8  00001C  0004F4       9B0       0  CODE        2
                text10                         0004F4  00001C  000510       9E8       0  CODE        2
                text17                         000510  00001D  00052D       A20       0  CODE        2
                text25                         00052D  000024  000551       A5A       0  CODE        2
                text6                          000551  000029  00057A       AA2       0  CODE        2
                idataBANK0                     00057A  00002C  0005A6       AF4       0  CODE        2
                text7                          0005A6  00003A  0005E0       B4C       0  CODE        2
                text9                          0005E0  000042  000622       BC0       0  CODE        2
                text26                         000622  000048  00066A       C44       0  CODE        2
                idataBANK2                     00066A  00004B  0006B5       CD4       0  CODE        2
                text5                          0006B5  000054  000709       D6A       0  CODE        2
                text24                         000709  00005A  000763       E12       0  CODE        2
                maintext                       000763  000076  0007D9       EC6       0  CODE        2
                cinit                          0007D9  000027  000800       FB2       0  CODE        2
                config                         008007  000003  00800A     1000E       0  CONFIG      2


UNUSED ADDRESS RANGES

        Name                Unused          Largest block    Delta
        BANK1            000EF-000EF               1           1
        BANK10           00520-0056F              50           1
        BANK11           005A0-005EF              50           1
        BANK12           00620-0064F              30           1
        BANK2            0016B-0016F               5           1
        BANK3            001A0-001EF              50           1
        BANK4            00220-0026F              50           1
        BANK5            002A0-002EF              50           1
        BANK6            00320-0036F              50           1
        BANK7            003A0-003EF              50           1
        BANK8            00420-0046F              50           1
        BANK9            004A0-004EF              50           1
        BIGRAM           02000-023EF             3F0           1
        CODE             00004-00387             384           2
                         00800-01FFF             800
        CONST            00004-00387             100           2
                         00800-01FFF             100
        ENTRY            00004-00387             100           2
                         00800-01FFF             100
        IDLOC            08000-08003               4           2
        RAM              000EF-000EF               1           1
                         0016B-0016F               5
                         001A0-001EF              50
                         00220-0026F              50
                         002A0-002EF              50
                         00320-0036F              50
                         003A0-003EF              50
                         00420-0046F              50
                         004A0-004EF              50
                         00520-0056F              50
                         005A0-005EF              50
                         00620-0064F              30
        SFR0             00000-0001F              20           1
        SFR1             00080-0009F              20           1
        SFR10            00500-0051F              20           1
        SFR11            00580-0059F              20           1
        SFR12            00600-0061F              20           1
        SFR13            00680-006EF              70           1
        SFR14            00700-0076F              70           1
        SFR15            00780-007EF              70           1
        SFR16            00800-0086F              70           1
        SFR17            00880-008EF              70           1
        SFR18            00900-0096F              70           1
        SFR19            00980-009EF              70           1
        SFR2             00100-0011F              20           1
        SFR20            00A00-00A6F              70           1
        SFR21            00A80-00AEF              70           1
        SFR22            00B00-00B6F              70           1
        SFR23            00B80-00BEF              70           1
        SFR24            00C00-00C6F              70           1
        SFR25            00C80-00CEF              70           1
        SFR26            00D00-00D6F              70           1
        SFR27            00D80-00DEF              70           1
        SFR28            00E00-00E6F              70           1
        SFR29            00E80-00EEF              70           1
        SFR3             00180-0019F              20           1
        SFR30            00F00-00F6F              70           1
        SFR31            00F80-00FEF              70           1
        SFR4             00200-0021F              20           1
        SFR5             00280-0029F              20           1
        SFR6             00300-0031F              20           1
        SFR7             00380-0039F              20           1
        SFR8             00400-0041F              20           1
        SFR9             00480-0049F              20           1
        STACK            020EB-023EF             305           1
        STRCODE          00004-00387             384           2
                         00800-01FFF            1800
        STRING           00004-00387             100           2
                         00800-01FFF             100

                                  Symbol Table

_ANSELA                          (abs)        0018C
_ANSELC                          (abs)        0018E
_OSCCONbits                      (abs)        00099
_PORTA                           (abs)        0000C
_PORTCbits                       (abs)        0000E
_RC0PPS                          (abs)        00EA0
_RC3PPS                          (abs)        00EA3
_RSSI                            bssBANK1     000ED
_SSP1BUF                         (abs)        00211
_SSP1CON1bits                    (abs)        00215
_SSP1CONbits                     (abs)        00215
_SSP1STATbits                    (abs)        00214
_SSPDATPPS                       (abs)        00E21
_TRISAbits                       (abs)        0008C
_TRISCbits                       (abs)        0008E
__CFG_BOREN$ON                   (abs)        00000
__CFG_BORV$LO                    (abs)        00000
__CFG_CLKOUTEN$OFF               (abs)        00000
__CFG_CP$OFF                     (abs)        00000
__CFG_FCMEN$ON                   (abs)        00000
__CFG_FOSC$INTOSC                (abs)        00000
__CFG_IESO$ON                    (abs)        00000
__CFG_LPBOR$OFF                  (abs)        00000
__CFG_LVP$OFF                    (abs)        00000
__CFG_MCLRE$ON                   (abs)        00000
__CFG_PLLEN$OFF                  (abs)        00000
__CFG_PPS1WAY$ON                 (abs)        00000
__CFG_PWRTE$OFF                  (abs)        00000
__CFG_STVREN$ON                  (abs)        00000
__CFG_WDTCCS$SWC                 (abs)        00000
__CFG_WDTCPS$WDTCPS1F            (abs)        00000
__CFG_WDTCWS$WDTCWSSW            (abs)        00000
__CFG_WDTE$OFF                   (abs)        00000
__CFG_WRT$OFF                    (abs)        00000
__CFG_ZCD$OFF                    (abs)        00000
__Habs1                          abs1         00000
__Hbank0                         bank0        00000
__Hbank1                         bank1        00000
__Hbank10                        bank10       00000
__Hbank11                        bank11       00000
__Hbank12                        bank12       00000
__Hbank13                        bank13       00000
__Hbank14                        bank14       00000
__Hbank15                        bank15       00000
__Hbank16                        bank16       00000
__Hbank17                        bank17       00000
__Hbank18                        bank18       00000
__Hbank19                        bank19       00000
__Hbank2                         bank2        00000
__Hbank20                        bank20       00000
__Hbank21                        bank21       00000
__Hbank22                        bank22       00000
__Hbank23                        bank23       00000
__Hbank24                        bank24       00000
__Hbank25                        bank25       00000
__Hbank26                        bank26       00000
__Hbank27                        bank27       00000
__Hbank28                        bank28       00000
__Hbank29                        bank29       00000
__Hbank3                         bank3        00000
__Hbank30                        bank30       00000
__Hbank31                        bank31       00000
__Hbank4                         bank4        00000
__Hbank5                         bank5        00000
__Hbank6                         bank6        00000
__Hbank7                         bank7        00000
__Hbank8                         bank8        00000
__Hbank9                         bank9        00000
__Hbigram                        bigram       00000
__HbssBANK0                      bssBANK0     00000
__HbssBANK1                      bssBANK1     00000
__Hcinit                         cinit        00800
__Hclrtext                       clrtext      00000
__Hcode                          code         00000
__Hcommon                        common       00000
__Hconfig                        config       0800A
__HcstackBANK0                   cstackBANK0  00000
__HcstackBANK1                   cstackBANK1  00000
__HcstackCOMMON                  cstackCOMMON 00000
__HdataBANK0                     dataBANK0    00000
__HdataBANK2                     dataBANK2    00000
__Heeprom_data                   eeprom_data  00000
__Hend_init                      end_init     00004
__Hfunctab                       functab      00000
__HidataBANK0                    idataBANK0   00000
__HidataBANK2                    idataBANK2   00000
__Hidloc                         idloc        00000
__Hinit                          init         00002
__Hinittext                      inittext     00000
__Hintentry                      intentry     00002
__Hmaintext                      maintext     00000
__Hpowerup                       powerup      00000
__Hram                           ram          00000
__Hreset_vec                     reset_vec    00002
__Hsfr0                          sfr0         00000
__Hsfr1                          sfr1         00000
__Hsfr10                         sfr10        00000
__Hsfr11                         sfr11        00000
__Hsfr12                         sfr12        00000
__Hsfr13                         sfr13        00000
__Hsfr14                         sfr14        00000
__Hsfr15                         sfr15        00000
__Hsfr16                         sfr16        00000
__Hsfr17                         sfr17        00000
__Hsfr18                         sfr18        00000
__Hsfr19                         sfr19        00000
__Hsfr2                          sfr2         00000
__Hsfr20                         sfr20        00000
__Hsfr21                         sfr21        00000
__Hsfr22                         sfr22        00000
__Hsfr23                         sfr23        00000
__Hsfr24                         sfr24        00000
__Hsfr25                         sfr25        00000
__Hsfr26                         sfr26        00000
__Hsfr27                         sfr27        00000
__Hsfr28                         sfr28        00000
__Hsfr29                         sfr29        00000
__Hsfr3                          sfr3         00000
__Hsfr30                         sfr30        00000
__Hsfr31                         sfr31        00000
__Hsfr4                          sfr4         00000
__Hsfr5                          sfr5         00000
__Hsfr6                          sfr6         00000
__Hsfr7                          sfr7         00000
__Hsfr8                          sfr8         00000
__Hsfr9                          sfr9         00000
__Hspace_0                       (abs)        0800A
__Hspace_1                       (abs)        0016B
__Hspace_2                       (abs)        00000
__Hspace_3                       (abs)        00000
__Hstack                         stack        00000
__Hstrings                       strings      00000
__Htext                          text         00000
__Labs1                          abs1         00000
__Lbank0                         bank0        00000
__Lbank1                         bank1        00000
__Lbank10                        bank10       00000
__Lbank11                        bank11       00000
__Lbank12                        bank12       00000
__Lbank13                        bank13       00000
__Lbank14                        bank14       00000
__Lbank15                        bank15       00000
__Lbank16                        bank16       00000
__Lbank17                        bank17       00000
__Lbank18                        bank18       00000
__Lbank19                        bank19       00000
__Lbank2                         bank2        00000
__Lbank20                        bank20       00000
__Lbank21                        bank21       00000
__Lbank22                        bank22       00000
__Lbank23                        bank23       00000
__Lbank24                        bank24       00000
__Lbank25                        bank25       00000
__Lbank26                        bank26       00000
__Lbank27                        bank27       00000
__Lbank28                        bank28       00000
__Lbank29                        bank29       00000
__Lbank3                         bank3        00000
__Lbank30                        bank30       00000
__Lbank31                        bank31       00000
__Lbank4                         bank4        00000
__Lbank5                         bank5        00000
__Lbank6                         bank6        00000
__Lbank7                         bank7        00000
__Lbank8                         bank8        00000
__Lbank9                         bank9        00000
__Lbigram                        bigram       00000
__LbssBANK0                      bssBANK0     00000
__LbssBANK1                      bssBANK1     00000
__Lcinit                         cinit        007D9
__Lclrtext                       clrtext      00000
__Lcode                          code         00000
__Lcommon                        common       00000
__Lconfig                        config       08007
__LcstackBANK0                   cstackBANK0  00000
__LcstackBANK1                   cstackBANK1  00000
__LcstackCOMMON                  cstackCOMMON 00000
__LdataBANK0                     dataBANK0    00000
__LdataBANK2                     dataBANK2    00000
__Leeprom_data                   eeprom_data  00000
__Lend_init                      end_init     00002
__Lfunctab                       functab      00000
__LidataBANK0                    idataBANK0   00000
__LidataBANK2                    idataBANK2   00000
__Lidloc                         idloc        00000
__Linit                          init         00002
__Linittext                      inittext     00000
__Lintentry                      intentry     00002
__Lmaintext                      maintext     00000
__Lpowerup                       powerup      00000
__Lram                           ram          00000
__Lreset_vec                     reset_vec    00000
__Lsfr0                          sfr0         00000
__Lsfr1                          sfr1         00000
__Lsfr10                         sfr10        00000
__Lsfr11                         sfr11        00000
__Lsfr12                         sfr12        00000
__Lsfr13                         sfr13        00000
__Lsfr14                         sfr14        00000
__Lsfr15                         sfr15        00000
__Lsfr16                         sfr16        00000
__Lsfr17                         sfr17        00000
__Lsfr18                         sfr18        00000
__Lsfr19                         sfr19        00000
__Lsfr2                          sfr2         00000
__Lsfr20                         sfr20        00000
__Lsfr21                         sfr21        00000
__Lsfr22                         sfr22        00000
__Lsfr23                         sfr23        00000
__Lsfr24                         sfr24        00000
__Lsfr25                         sfr25        00000
__Lsfr26                         sfr26        00000
__Lsfr27                         sfr27        00000
__Lsfr28                         sfr28        00000
__Lsfr29                         sfr29        00000
__Lsfr3                          sfr3         00000
__Lsfr30                         sfr30        00000
__Lsfr31                         sfr31        00000
__Lsfr4                          sfr4         00000
__Lsfr5                          sfr5         00000
__Lsfr6                          sfr6         00000
__Lsfr7                          sfr7         00000
__Lsfr8                          sfr8         00000
__Lsfr9                          sfr9         00000
__Lspace_0                       (abs)        00000
__Lspace_1                       (abs)        00000
__Lspace_2                       (abs)        00000
__Lspace_3                       (abs)        00000
__Lstack                         stack        00000
__Lstrings                       strings      00000
__Ltext                          text         00000
__S0                             (abs)        0800A
__S1                             (abs)        0016B
__S2                             (abs)        00000
___int_sp                        stack        00000
___latbits                       (abs)        00002
___sp                            stack        00000
___stackhi                       (abs)        023EF
___stacklo                       (abs)        020EB
__end_of__initialization         cinit        007FD
__end_of_getFifoFlags            text23       003EF
__end_of_getModeFlags            text22       00403
__end_of_getOperatingMode        text21       00417
__end_of_getRSSI                 text20       0042B
__end_of_init                    text16       0038B
__end_of_initRadio               text6        0057A
__end_of_main                    maintext     007D9
__end_of_receivePayload          text5        00709
__end_of_resetRadio              text19       00440
__end_of_rfmSetup                text17       0052D
__end_of_send                    text26       0066A
__end_of_sendBulk                text24       00763
__end_of_sendPairs               text9        00622
__end_of_setAutoMode             text4        00458
__end_of_setDiodeMapping         text3        00470
__end_of_setModulationThreshold  text15       003B7
__end_of_setNodeAddress          text14       004D8
__end_of_setOperatingMode        text2        00488
__end_of_setPacketFormat         text13       003C9
__end_of_setPacketLength         text12       004F4
__end_of_setPinWithMask          text25       00551
__end_of_setPowerOutput          text1        004A0
__end_of_setPreambleLength       text11       003DB
__end_of_setRSSIThreshold        text10       00510
__end_of_setRecommendedParams    text8        003A5
__end_of_setSyncWords            text7        005E0
__end_of_spi_init_master         text18       004BC
__initialization                 cinit        007D9
__pbssBANK0                      bssBANK0     0005F
__pbssBANK1                      bssBANK1     000EB
__pcstackBANK0                   cstackBANK0  0004C
__pcstackBANK1                   cstackBANK1  000A0
__pcstackCOMMON                  cstackCOMMON 00070
__pdataBANK0                     dataBANK0    00020
__pdataBANK2                     dataBANK2    00120
__pidataBANK0                    idataBANK0   0057A
__pidataBANK2                    idataBANK2   0066A
__pmaintext                      maintext     00763
__ptext1                         text1        00488
__ptext10                        text10       004F4
__ptext11                        text11       003C9
__ptext12                        text12       004D8
__ptext13                        text13       003B7
__ptext14                        text14       004BC
__ptext15                        text15       003A5
__ptext16                        text16       00388
__ptext17                        text17       00510
__ptext18                        text18       004A0
__ptext19                        text19       0042B
__ptext2                         text2        00470
__ptext20                        text20       00417
__ptext21                        text21       00403
__ptext22                        text22       003EF
__ptext23                        text23       003DB
__ptext24                        text24       00709
__ptext25                        text25       0052D
__ptext26                        text26       00622
__ptext3                         text3        00458
__ptext4                         text4        00440
__ptext5                         text5        006B5
__ptext6                         text6        00551
__ptext7                         text7        005A6
__ptext8                         text8        00397
__ptext9                         text9        005E0
__size_of_getFifoFlags           (abs)        00000
__size_of_getModeFlags           (abs)        00000
__size_of_getOperatingMode       (abs)        00000
__size_of_getRSSI                (abs)        00000
__size_of_init                   (abs)        00000
__size_of_initRadio              (abs)        00000
__size_of_main                   (abs)        00000
__size_of_receivePayload         (abs)        00000
__size_of_resetRadio             (abs)        00000
__size_of_rfmSetup               (abs)        00000
__size_of_send                   (abs)        00000
__size_of_sendBulk               (abs)        00000
__size_of_sendPairs              (abs)        00000
__size_of_setAutoMode            (abs)        00000
__size_of_setDiodeMapping        (abs)        00000
__size_of_setModulationThreshold (abs)        00000
__size_of_setNodeAddress         (abs)        00000
__size_of_setOperatingMode       (abs)        00000
__size_of_setPacketFormat        (abs)        00000
__size_of_setPacketLength        (abs)        00000
__size_of_setPinWithMask         (abs)        00000
__size_of_setPowerOutput         (abs)        00000
__size_of_setPreambleLength      (abs)        00000
__size_of_setRSSIThreshold       (abs)        00000
__size_of_setRecommendedParams   (abs)        00000
__size_of_setSyncWords           (abs)        00000
__size_of_spi_init_master        (abs)        00000
_fifoFlags                       bssBANK1     000EC
_getFifoFlags                    text23       003DB
_getModeFlags                    text22       003EF
_getOperatingMode                text21       00403
_getRSSI                         text20       00417
_init                            text16       00388
_initRadio                       text6        00551
_main                            maintext     00763
_modeFlags                       bssBANK1     000EB
_operatingMode                   bssBANK1     000EE
_receivePayload                  text5        006B5
_recommended_params              dataBANK0    00042
_resetRadio                      text19       0042B
_rfmSetup                        text17       00510
_send                            text26       00622
_sendBulk                        text24       00709
_sendPairs                       text9        005E0
_setAutoMode                     text4        00440
_setDiodeMapping                 text3        00458
_setModulationThreshold          text15       003A5
_setNodeAddress                  text14       004BC
_setOperatingMode                text2        00470
_setPacketFormat                 text13       003B7
_setPacketLength                 text12       004D8
_setPinWithMask                  text25       0052D
_setPowerOutput                  text1        00488
_setPreambleLength               text11       003C9
_setRSSIThreshold                text10       004F4
_setRecommendedParams            text8        00397
_setSyncWords                    text7        005A6
_spi_init_master                 text18       004A0
btemp                            (abs)        0007E
checkForPayload@F9430            dataBANK0    0003C
checkRSSISampling@F9477          dataBANK0    0002E
clear_ram0                       clrtext      0038B
end_of_initialization            cinit        007FD
getFifoFlags@F9456               dataBANK0    00036
getFifoFlags@msg                 cstackBANK0  00050
getFifoFlags@radio               cstackBANK0  0004F
getModeFlags@F9473               dataBANK0    00030
getModeFlags@msg                 cstackBANK0  00050
getModeFlags@radio               cstackBANK0  0004F
getOperatingMode@F9464           dataBANK0    00032
getOperatingMode@msg             cstackBANK0  00050
getOperatingMode@radio           cstackBANK0  0004F
getPowerSettings@F9489           dataBANK0    00028
getRSSI@F9452                    dataBANK0    00038
getRSSI@msg                      cstackBANK0  00050
getRSSI@radio                    cstackBANK0  0004F
getRSSIThreshold@F9460           dataBANK0    00034
initRadio@radio                  cstackBANK0  0005C
init_ram                         inittext     00391
intlevel0                        functab      00000
intlevel1                        functab      00000
intlevel2                        functab      00000
intlevel3                        functab      00000
intlevel4                        functab      00000
intlevel5                        functab      00000
main@F9389                       dataBANK2    00120
main@radio                       cstackBANK1  000A0
receivePayload@i                 cstackCOMMON 00078
receivePayload@radio             cstackCOMMON 0007A
reset_vec                        reset_vec    00000
restartRx@F9485                  dataBANK0    0002A
send@msg                         cstackCOMMON 00070
send@radio                       cstackCOMMON 00073
sendBulk@i                       cstackBANK0  0004C
sendBulk@len                     cstackCOMMON 00077
sendBulk@msgs                    cstackCOMMON 00076
sendBulk@radio                   cstackBANK0  0004E
sendPairs@i                      cstackBANK0  00055
sendPairs@len                    cstackBANK0  00050
sendPairs@msg                    cstackBANK0  00053
sendPairs@msgs                   cstackBANK0  0004F
sendPairs@radio                  cstackBANK0  00052
setAutoMode@autoModes            cstackCOMMON 0007C
setAutoMode@msg                  cstackBANK0  00052
setAutoMode@radio                cstackBANK0  00051
setDiodeMapping@mapping          cstackCOMMON 0007C
setDiodeMapping@msg              cstackBANK0  00052
setDiodeMapping@radio            cstackBANK0  00051
setModulationThreshold@F9426     dataBANK0    0003E
setModulationThreshold@msg       cstackBANK0  0004F
setModulationThreshold@radio     cstackBANK0  00051
setNodeAddress@msg               cstackBANK0  0004F
setNodeAddress@radio             cstackBANK0  00051
setOperatingMode@msg             cstackBANK0  00052
setOperatingMode@operatingMode   cstackCOMMON 0007C
setOperatingMode@radio           cstackBANK0  00051
setPacketFormat@F9415            dataBANK0    00040
setPacketFormat@msg              cstackBANK0  0004F
setPacketFormat@radio            cstackBANK0  00051
setPacketLength@msg              cstackBANK0  0004F
setPacketLength@radio            cstackBANK0  00051
setPinWithMask@iPin              cstackCOMMON 00072
setPinWithMask@pPort             cstackCOMMON 00070
setPinWithMask@value             cstackCOMMON 00073
setPowerOutput@msg               cstackBANK0  00052
setPowerOutput@powerSettings     cstackCOMMON 0007C
setPowerOutput@radio             cstackBANK0  00051
setPreambleLength@F9437          dataBANK0    0003A
setPreambleLength@msg            cstackBANK0  0004F
setPreambleLength@radio          cstackBANK0  00051
setRSSIThreshold@msg             cstackBANK0  0004F
setRSSIThreshold@radio           cstackBANK0  00051
setRecommendedParams@radio       cstackBANK0  00058
setSyncWords@i                   cstackBANK0  0005A
setSyncWords@msg                 cstackBANK0  0004F
setSyncWords@radio               cstackBANK0  00059
start                            init         00002
startRSSISampling@F9481          dataBANK0    0002C
start_initialization             cinit        007D9
wtemp0                           (abs)        0007E


FUNCTION INFORMATION:

 *************** function _main *****************
 Defined at:
		line 82 in file "receiver.c"
 Parameters:    Size  Location     Type
		None
 Auto vars:     Size  Location     Type
  radio          75    0[BANK1 ] struct RFM69HCW
 Return value:  Size  Location     Type
                  2   79[None  ] int 
 Registers used:
		wreg, fsr0l, fsr0h, fsr1l, fsr1h, status,2, status,0, pclath, cstack
 Tracked objects:
		On entry : 
		On exit  : 
		Unchanged: 
 Data sizes:     COMMON   BANK0   BANK1   BANK2   BANK3   BANK4   BANK5   BANK6   BANK7   BANK8   BANK9  BANK10  BANK11  BANK12
      Params:         0       0       0       0       0       0       0       0       0       0       0       0       0       0
      Locals:         0       0      75       0       0       0       0       0       0       0       0       0       0       0
      Temps:          0       2       0       0       0       0       0       0       0       0       0       0       0       0
      Totals:         0       2      75       0       0       0       0       0       0       0       0       0       0       0
Total ram usage:       77 bytes
 Hardware stack levels required when called:    5
 This function calls:
		_getFifoFlags
		_getModeFlags
		_getOperatingMode
		_getRSSI
		_init
		_initRadio
		_receivePayload
		_setAutoMode
		_setDiodeMapping
		_setOperatingMode
		_setPowerOutput
 This function is called by:
		Startup code after reset
 This function uses a non-reentrant model


 *************** function _setPowerOutput *****************
 Defined at:
		line 122 in file "RFM69HCW.c"
 Parameters:    Size  Location     Type
  radio           1    wreg     PTR struct RFM69HCW
		 -> main@radio(75), 
  powerSetting    1   12[COMMON] unsigned char 
 Auto vars:     Size  Location     Type
  radio           1    5[BANK0 ] PTR struct RFM69HCW
		 -> main@radio(75), 
  msg             2    6[BANK0 ] unsigned char [2]
 Return value:  Size  Location     Type
                  1    wreg      void 
 Registers used:
		wreg, fsr1l, fsr1h, status,2, status,0, pclath, cstack
 Tracked objects:
		On entry : 
		On exit  : 
		Unchanged: 
 Data sizes:     COMMON   BANK0   BANK1   BANK2   BANK3   BANK4   BANK5   BANK6   BANK7   BANK8   BANK9  BANK10  BANK11  BANK12
      Params:         1       0       0       0       0       0       0       0       0       0       0       0       0       0
      Locals:         0       3       0       0       0       0       0       0       0       0       0       0       0       0
      Temps:          0       2       0       0       0       0       0       0       0       0       0       0       0       0
      Totals:         1       5       0       0       0       0       0       0       0       0       0       0       0       0
Total ram usage:        6 bytes
 Hardware stack levels used:    1
 Hardware stack levels required when called:    2
 This function calls:
		_sendBulk
 This function is called by:
		_main
 This function uses a non-reentrant model


 *************** function _setOperatingMode *****************
 Defined at:
		line 77 in file "RFM69HCW.c"
 Parameters:    Size  Location     Type
  radio           1    wreg     PTR struct RFM69HCW
		 -> main@radio(75), 
  operatingMod    1   12[COMMON] unsigned char 
 Auto vars:     Size  Location     Type
  radio           1    5[BANK0 ] PTR struct RFM69HCW
		 -> main@radio(75), 
  msg             2    6[BANK0 ] unsigned char [2]
 Return value:  Size  Location     Type
                  1    wreg      void 
 Registers used:
		wreg, fsr1l, fsr1h, status,2, status,0, pclath, cstack
 Tracked objects:
		On entry : 
		On exit  : 
		Unchanged: 
 Data sizes:     COMMON   BANK0   BANK1   BANK2   BANK3   BANK4   BANK5   BANK6   BANK7   BANK8   BANK9  BANK10  BANK11  BANK12
      Params:         1       0       0       0       0       0       0       0       0       0       0       0       0       0
      Locals:         0       3       0       0       0       0       0       0       0       0       0       0       0       0
      Temps:          0       2       0       0       0       0       0       0       0       0       0       0       0       0
      Totals:         1       5       0       0       0       0       0       0       0       0       0       0       0       0
Total ram usage:        6 bytes
 Hardware stack levels used:    1
 Hardware stack levels required when called:    2
 This function calls:
		_sendBulk
 This function is called by:
		_main
 This function uses a non-reentrant model


 *************** function _setDiodeMapping *****************
 Defined at:
		line 160 in file "RFM69HCW.c"
 Parameters:    Size  Location     Type
  radio           1    wreg     PTR struct RFM69HCW
		 -> main@radio(75), 
  mapping         1   12[COMMON] unsigned char 
 Auto vars:     Size  Location     Type
  radio           1    5[BANK0 ] PTR struct RFM69HCW
		 -> main@radio(75), 
  msg             2    6[BANK0 ] unsigned char [2]
 Return value:  Size  Location     Type
                  1    wreg      void 
 Registers used:
		wreg, fsr1l, fsr1h, status,2, status,0, pclath, cstack
 Tracked objects:
		On entry : 
		On exit  : 
		Unchanged: 
 Data sizes:     COMMON   BANK0   BANK1   BANK2   BANK3   BANK4   BANK5   BANK6   BANK7   BANK8   BANK9  BANK10  BANK11  BANK12
      Params:         1       0       0       0       0       0       0       0       0       0       0       0       0       0
      Locals:         0       3       0       0       0       0       0       0       0       0       0       0       0       0
      Temps:          0       2       0       0       0       0       0       0       0       0       0       0       0       0
      Totals:         1       5       0       0       0       0       0       0       0       0       0       0       0       0
Total ram usage:        6 bytes
 Hardware stack levels used:    1
 Hardware stack levels required when called:    2
 This function calls:
		_sendBulk
 This function is called by:
		_main
 This function uses a non-reentrant model


 *************** function _setAutoMode *****************
 Defined at:
		line 196 in file "RFM69HCW.c"
 Parameters:    Size  Location     Type
  radio           1    wreg     PTR struct RFM69HCW
		 -> main@radio(75), 
  autoModes       1   12[COMMON] unsigned char 
 Auto vars:     Size  Location     Type
  radio           1    5[BANK0 ] PTR struct RFM69HCW
		 -> main@radio(75), 
  msg             2    6[BANK0 ] unsigned char [2]
 Return value:  Size  Location     Type
                  1    wreg      void 
 Registers used:
		wreg, fsr1l, fsr1h, status,2, status,0, pclath, cstack
 Tracked objects:
		On entry : 
		On exit  : 
		Unchanged: 
 Data sizes:     COMMON   BANK0   BANK1   BANK2   BANK3   BANK4   BANK5   BANK6   BANK7   BANK8   BANK9  BANK10  BANK11  BANK12
      Params:         1       0       0       0       0       0       0       0       0       0       0       0       0       0
      Locals:         0       3       0       0       0       0       0       0       0       0       0       0       0       0
      Temps:          0       2       0       0       0       0       0       0       0       0       0       0       0       0
      Totals:         1       5       0       0       0       0       0       0       0       0       0       0       0       0
Total ram usage:        6 bytes
 Hardware stack levels used:    1
 Hardware stack levels required when called:    2
 This function calls:
		_sendBulk
 This function is called by:
		_main
 This function uses a non-reentrant model


 *************** function _receivePayload *****************
 Defined at:
		line 97 in file "RFM69HCW.c"
 Parameters:    Size  Location     Type
  radio           1    wreg     PTR struct RFM69HCW
		 -> main@radio(75), 
 Auto vars:     Size  Location     Type
  radio           1   10[COMMON] PTR struct RFM69HCW
		 -> main@radio(75), 
  i               2    8[COMMON] int 
 Return value:  Size  Location     Type
                  1    wreg      void 
 Registers used:
		wreg, fsr1l, fsr1h, status,2, status,0, pclath, cstack
 Tracked objects:
		On entry : 
		On exit  : 
		Unchanged: 
 Data sizes:     COMMON   BANK0   BANK1   BANK2   BANK3   BANK4   BANK5   BANK6   BANK7   BANK8   BANK9  BANK10  BANK11  BANK12
      Params:         0       0       0       0       0       0       0       0       0       0       0       0       0       0
      Locals:         3       0       0       0       0       0       0       0       0       0       0       0       0       0
      Temps:          2       0       0       0       0       0       0       0       0       0       0       0       0       0
      Totals:         5       0       0       0       0       0       0       0       0       0       0       0       0       0
Total ram usage:        5 bytes
 Hardware stack levels used:    1
 Hardware stack levels required when called:    1
 This function calls:
		_send
		_setPinWithMask
 This function is called by:
		_main
 This function uses a non-reentrant model


 *************** function _initRadio *****************
 Defined at:
		line 111 in file "RFM69HCW.c"
 Parameters:    Size  Location     Type
  radio           1    wreg     PTR struct RFM69HCW
		 -> main@radio(75), 
 Auto vars:     Size  Location     Type
  radio           1   16[BANK0 ] PTR struct RFM69HCW
		 -> main@radio(75), 
 Return value:  Size  Location     Type
                  1    wreg      void 
 Registers used:
		wreg, fsr1l, fsr1h, status,2, status,0, pclath, cstack
 Tracked objects:
		On entry : 
		On exit  : 
		Unchanged: 
 Data sizes:     COMMON   BANK0   BANK1   BANK2   BANK3   BANK4   BANK5   BANK6   BANK7   BANK8   BANK9  BANK10  BANK11  BANK12
      Params:         0       0       0       0       0       0       0       0       0       0       0       0       0       0
      Locals:         0       1       0       0       0       0       0       0       0       0       0       0       0       0
      Temps:          0       0       0       0       0       0       0       0       0       0       0       0       0       0
      Totals:         0       1       0       0       0       0       0       0       0       0       0       0       0       0
Total ram usage:        1 bytes
 Hardware stack levels used:    1
 Hardware stack levels required when called:    4
 This function calls:
		_setModulationThreshold
		_setNodeAddress
		_setPacketFormat
		_setPacketLength
		_setPreambleLength
		_setRSSIThreshold
		_setRecommendedParams
		_setSyncWords
 This function is called by:
		_main
 This function uses a non-reentrant model


 *************** function _setSyncWords *****************
 Defined at:
		line 48 in file "RFM69HCW.c"
 Parameters:    Size  Location     Type
  radio           1    wreg     PTR struct RFM69HCW
		 -> main@radio(75), 
 Auto vars:     Size  Location     Type
  radio           1   13[BANK0 ] PTR struct RFM69HCW
		 -> main@radio(75), 
  i               2   14[BANK0 ] int 
  msg            10    3[BANK0 ] unsigned char [10]
 Return value:  Size  Location     Type
                  1    wreg      void 
 Registers used:
		wreg, fsr1l, fsr1h, status,2, status,0, pclath, cstack
 Tracked objects:
		On entry : 
		On exit  : 
		Unchanged: 
 Data sizes:     COMMON   BANK0   BANK1   BANK2   BANK3   BANK4   BANK5   BANK6   BANK7   BANK8   BANK9  BANK10  BANK11  BANK12
      Params:         0       0       0       0       0       0       0       0       0       0       0       0       0       0
      Locals:         0      13       0       0       0       0       0       0       0       0       0       0       0       0
      Temps:          2       0       0       0       0       0       0       0       0       0       0       0       0       0
      Totals:         2      13       0       0       0       0       0       0       0       0       0       0       0       0
Total ram usage:       15 bytes
 Hardware stack levels used:    1
 Hardware stack levels required when called:    2
 This function calls:
		_sendBulk
 This function is called by:
		_initRadio
 This function uses a non-reentrant model


 *************** function _setRecommendedParams *****************
 Defined at:
		line 82 in file "RFM69HCW.c"
 Parameters:    Size  Location     Type
  radio           1    wreg     PTR struct RFM69HCW
		 -> main@radio(75), 
 Auto vars:     Size  Location     Type
  radio           1   12[BANK0 ] PTR struct RFM69HCW
		 -> main@radio(75), 
 Return value:  Size  Location     Type
                  1    wreg      void 
 Registers used:
		wreg, fsr1l, fsr1h, status,2, status,0, pclath, cstack
 Tracked objects:
		On entry : 
		On exit  : 
		Unchanged: 
 Data sizes:     COMMON   BANK0   BANK1   BANK2   BANK3   BANK4   BANK5   BANK6   BANK7   BANK8   BANK9  BANK10  BANK11  BANK12
      Params:         0       0       0       0       0       0       0       0       0       0       0       0       0       0
      Locals:         0       1       0       0       0       0       0       0       0       0       0       0       0       0
      Temps:          0       1       0       0       0       0       0       0       0       0       0       0       0       0
      Totals:         0       2       0       0       0       0       0       0       0       0       0       0       0       0
Total ram usage:        2 bytes
 Hardware stack levels used:    1
 Hardware stack levels required when called:    3
 This function calls:
		_sendPairs
 This function is called by:
		_initRadio
 This function uses a non-reentrant model


 *************** function _sendPairs *****************
 Defined at:
		line 7 in file "RFM69HCW.c"
 Parameters:    Size  Location     Type
  radio           1    wreg     PTR struct RFM69HCW
		 -> main@radio(75), 
  msgs            1    3[BANK0 ] PTR unsigned char 
		 -> recommended_params(10), 
  len             2    4[BANK0 ] const int 
 Auto vars:     Size  Location     Type
  radio           1    6[BANK0 ] PTR struct RFM69HCW
		 -> main@radio(75), 
  i               2    9[BANK0 ] int 
  msg             2    7[BANK0 ] unsigned char [2]
 Return value:  Size  Location     Type
                  1    wreg      void 
 Registers used:
		wreg, fsr1l, fsr1h, status,2, status,0, pclath, cstack
 Tracked objects:
		On entry : 
		On exit  : 
		Unchanged: 
 Data sizes:     COMMON   BANK0   BANK1   BANK2   BANK3   BANK4   BANK5   BANK6   BANK7   BANK8   BANK9  BANK10  BANK11  BANK12
      Params:         0       3       0       0       0       0       0       0       0       0       0       0       0       0
      Locals:         0       5       0       0       0       0       0       0       0       0       0       0       0       0
      Temps:          2       0       0       0       0       0       0       0       0       0       0       0       0       0
      Totals:         2       8       0       0       0       0       0       0       0       0       0       0       0       0
Total ram usage:       10 bytes
 Hardware stack levels used:    1
 Hardware stack levels required when called:    2
 This function calls:
		_sendBulk
 This function is called by:
		_setRecommendedParams
 This function uses a non-reentrant model


 *************** function _setRSSIThreshold *****************
 Defined at:
		line 67 in file "RFM69HCW.c"
 Parameters:    Size  Location     Type
  radio           1    wreg     PTR struct RFM69HCW
		 -> main@radio(75), 
 Auto vars:     Size  Location     Type
  radio           1    5[BANK0 ] PTR struct RFM69HCW
		 -> main@radio(75), 
  msg             2    3[BANK0 ] unsigned char [2]
 Return value:  Size  Location     Type
                  1    wreg      void 
 Registers used:
		wreg, fsr1l, fsr1h, status,2, status,0, pclath, cstack
 Tracked objects:
		On entry : 
		On exit  : 
		Unchanged: 
 Data sizes:     COMMON   BANK0   BANK1   BANK2   BANK3   BANK4   BANK5   BANK6   BANK7   BANK8   BANK9  BANK10  BANK11  BANK12
      Params:         0       0       0       0       0       0       0       0       0       0       0       0       0       0
      Locals:         0       3       0       0       0       0       0       0       0       0       0       0       0       0
      Temps:          2       0       0       0       0       0       0       0       0       0       0       0       0       0
      Totals:         2       3       0       0       0       0       0       0       0       0       0       0       0       0
Total ram usage:        5 bytes
 Hardware stack levels used:    1
 Hardware stack levels required when called:    2
 This function calls:
		_sendBulk
 This function is called by:
		_initRadio
 This function uses a non-reentrant model


 *************** function _setPreambleLength *****************
 Defined at:
		line 106 in file "RFM69HCW.c"
 Parameters:    Size  Location     Type
  radio           1    wreg     PTR struct RFM69HCW
		 -> main@radio(75), 
 Auto vars:     Size  Location     Type
  radio           1    5[BANK0 ] PTR struct RFM69HCW
		 -> main@radio(75), 
  msg             2    3[BANK0 ] unsigned char [2]
 Return value:  Size  Location     Type
                  1    wreg      void 
 Registers used:
		wreg, fsr1l, fsr1h, status,2, status,0, pclath, cstack
 Tracked objects:
		On entry : 
		On exit  : 
		Unchanged: 
 Data sizes:     COMMON   BANK0   BANK1   BANK2   BANK3   BANK4   BANK5   BANK6   BANK7   BANK8   BANK9  BANK10  BANK11  BANK12
      Params:         0       0       0       0       0       0       0       0       0       0       0       0       0       0
      Locals:         0       3       0       0       0       0       0       0       0       0       0       0       0       0
      Temps:          2       0       0       0       0       0       0       0       0       0       0       0       0       0
      Totals:         2       3       0       0       0       0       0       0       0       0       0       0       0       0
Total ram usage:        5 bytes
 Hardware stack levels used:    1
 Hardware stack levels required when called:    2
 This function calls:
		_sendBulk
 This function is called by:
		_initRadio
 This function uses a non-reentrant model


 *************** function _setPacketLength *****************
 Defined at:
		line 57 in file "RFM69HCW.c"
 Parameters:    Size  Location     Type
  radio           1    wreg     PTR struct RFM69HCW
		 -> main@radio(75), 
 Auto vars:     Size  Location     Type
  radio           1    5[BANK0 ] PTR struct RFM69HCW
		 -> main@radio(75), 
  msg             2    3[BANK0 ] unsigned char [2]
 Return value:  Size  Location     Type
                  1    wreg      void 
 Registers used:
		wreg, fsr1l, fsr1h, status,2, status,0, pclath, cstack
 Tracked objects:
		On entry : 
		On exit  : 
		Unchanged: 
 Data sizes:     COMMON   BANK0   BANK1   BANK2   BANK3   BANK4   BANK5   BANK6   BANK7   BANK8   BANK9  BANK10  BANK11  BANK12
      Params:         0       0       0       0       0       0       0       0       0       0       0       0       0       0
      Locals:         0       3       0       0       0       0       0       0       0       0       0       0       0       0
      Temps:          2       0       0       0       0       0       0       0       0       0       0       0       0       0
      Totals:         2       3       0       0       0       0       0       0       0       0       0       0       0       0
Total ram usage:        5 bytes
 Hardware stack levels used:    1
 Hardware stack levels required when called:    2
 This function calls:
		_sendBulk
 This function is called by:
		_initRadio
 This function uses a non-reentrant model


 *************** function _setPacketFormat *****************
 Defined at:
		line 72 in file "RFM69HCW.c"
 Parameters:    Size  Location     Type
  radio           1    wreg     PTR struct RFM69HCW
		 -> main@radio(75), 
 Auto vars:     Size  Location     Type
  radio           1    5[BANK0 ] PTR struct RFM69HCW
		 -> main@radio(75), 
  msg             2    3[BANK0 ] unsigned char [2]
 Return value:  Size  Location     Type
                  1    wreg      void 
 Registers used:
		wreg, fsr1l, fsr1h, status,2, status,0, pclath, cstack
 Tracked objects:
		On entry : 
		On exit  : 
		Unchanged: 
 Data sizes:     COMMON   BANK0   BANK1   BANK2   BANK3   BANK4   BANK5   BANK6   BANK7   BANK8   BANK9  BANK10  BANK11  BANK12
      Params:         0       0       0       0       0       0       0       0       0       0       0       0       0       0
      Locals:         0       3       0       0       0       0       0       0       0       0       0       0       0       0
      Temps:          2       0       0       0       0       0       0       0       0       0       0       0       0       0
      Totals:         2       3       0       0       0       0       0       0       0       0       0       0       0       0
Total ram usage:        5 bytes
 Hardware stack levels used:    1
 Hardware stack levels required when called:    2
 This function calls:
		_sendBulk
 This function is called by:
		_initRadio
 This function uses a non-reentrant model


 *************** function _setNodeAddress *****************
 Defined at:
		line 62 in file "RFM69HCW.c"
 Parameters:    Size  Location     Type
  radio           1    wreg     PTR struct RFM69HCW
		 -> main@radio(75), 
 Auto vars:     Size  Location     Type
  radio           1    5[BANK0 ] PTR struct RFM69HCW
		 -> main@radio(75), 
  msg             2    3[BANK0 ] unsigned char [2]
 Return value:  Size  Location     Type
                  1    wreg      void 
 Registers used:
		wreg, fsr1l, fsr1h, status,2, status,0, pclath, cstack
 Tracked objects:
		On entry : 
		On exit  : 
		Unchanged: 
 Data sizes:     COMMON   BANK0   BANK1   BANK2   BANK3   BANK4   BANK5   BANK6   BANK7   BANK8   BANK9  BANK10  BANK11  BANK12
      Params:         0       0       0       0       0       0       0       0       0       0       0       0       0       0
      Locals:         0       3       0       0       0       0       0       0       0       0       0       0       0       0
      Temps:          2       0       0       0       0       0       0       0       0       0       0       0       0       0
      Totals:         2       3       0       0       0       0       0       0       0       0       0       0       0       0
Total ram usage:        5 bytes
 Hardware stack levels used:    1
 Hardware stack levels required when called:    2
 This function calls:
		_sendBulk
 This function is called by:
		_initRadio
 This function uses a non-reentrant model


 *************** function _setModulationThreshold *****************
 Defined at:
		line 86 in file "RFM69HCW.c"
 Parameters:    Size  Location     Type
  radio           1    wreg     PTR struct RFM69HCW
		 -> main@radio(75), 
 Auto vars:     Size  Location     Type
  radio           1    5[BANK0 ] PTR struct RFM69HCW
		 -> main@radio(75), 
  msg             2    3[BANK0 ] unsigned char [2]
 Return value:  Size  Location     Type
                  1    wreg      void 
 Registers used:
		wreg, fsr1l, fsr1h, status,2, status,0, pclath, cstack
 Tracked objects:
		On entry : 
		On exit  : 
		Unchanged: 
 Data sizes:     COMMON   BANK0   BANK1   BANK2   BANK3   BANK4   BANK5   BANK6   BANK7   BANK8   BANK9  BANK10  BANK11  BANK12
      Params:         0       0       0       0       0       0       0       0       0       0       0       0       0       0
      Locals:         0       3       0       0       0       0       0       0       0       0       0       0       0       0
      Temps:          2       0       0       0       0       0       0       0       0       0       0       0       0       0
      Totals:         2       3       0       0       0       0       0       0       0       0       0       0       0       0
Total ram usage:        5 bytes
 Hardware stack levels used:    1
 Hardware stack levels required when called:    2
 This function calls:
		_sendBulk
 This function is called by:
		_initRadio
 This function uses a non-reentrant model


 *************** function _init *****************
 Defined at:
		line 60 in file "receiver.c"
 Parameters:    Size  Location     Type
		None
 Auto vars:     Size  Location     Type
		None
 Return value:  Size  Location     Type
                  2   71[None  ] int 
 Registers used:
		wreg, status,2, status,0, pclath, cstack
 Tracked objects:
		On entry : 
		On exit  : 
		Unchanged: 
 Data sizes:     COMMON   BANK0   BANK1   BANK2   BANK3   BANK4   BANK5   BANK6   BANK7   BANK8   BANK9  BANK10  BANK11  BANK12
      Params:         0       0       0       0       0       0       0       0       0       0       0       0       0       0
      Locals:         0       0       0       0       0       0       0       0       0       0       0       0       0       0
      Temps:          0       0       0       0       0       0       0       0       0       0       0       0       0       0
      Totals:         0       0       0       0       0       0       0       0       0       0       0       0       0       0
Total ram usage:        0 bytes
 Hardware stack levels used:    1
 Hardware stack levels required when called:    2
 This function calls:
		_rfmSetup
 This function is called by:
		_main
 This function uses a non-reentrant model


 *************** function _rfmSetup *****************
 Defined at:
		line 66 in file "receiver.c"
 Parameters:    Size  Location     Type
		None
 Auto vars:     Size  Location     Type
		None
 Return value:  Size  Location     Type
                  1    wreg      void 
 Registers used:
		wreg, status,2, status,0, pclath, cstack
 Tracked objects:
		On entry : 
		On exit  : 
		Unchanged: 
 Data sizes:     COMMON   BANK0   BANK1   BANK2   BANK3   BANK4   BANK5   BANK6   BANK7   BANK8   BANK9  BANK10  BANK11  BANK12
      Params:         0       0       0       0       0       0       0       0       0       0       0       0       0       0
      Locals:         0       0       0       0       0       0       0       0       0       0       0       0       0       0
      Temps:          1       0       0       0       0       0       0       0       0       0       0       0       0       0
      Totals:         1       0       0       0       0       0       0       0       0       0       0       0       0       0
Total ram usage:        1 bytes
 Hardware stack levels used:    1
 Hardware stack levels required when called:    1
 This function calls:
		_resetRadio
		_spi_init_master
 This function is called by:
		_init
 This function uses a non-reentrant model


 *************** function _spi_init_master *****************
 Defined at:
		line 107 in file "receiver.c"
 Parameters:    Size  Location     Type
		None
 Auto vars:     Size  Location     Type
		None
 Return value:  Size  Location     Type
                  1    wreg      void 
 Registers used:
		wreg, status,2, status,0
 Tracked objects:
		On entry : 
		On exit  : 
		Unchanged: 
 Data sizes:     COMMON   BANK0   BANK1   BANK2   BANK3   BANK4   BANK5   BANK6   BANK7   BANK8   BANK9  BANK10  BANK11  BANK12
      Params:         0       0       0       0       0       0       0       0       0       0       0       0       0       0
      Locals:         0       0       0       0       0       0       0       0       0       0       0       0       0       0
      Temps:          0       0       0       0       0       0       0       0       0       0       0       0       0       0
      Totals:         0       0       0       0       0       0       0       0       0       0       0       0       0       0
Total ram usage:        0 bytes
 Hardware stack levels used:    1
 This function calls:
		Nothing
 This function is called by:
		_rfmSetup
 This function uses a non-reentrant model


 *************** function _resetRadio *****************
 Defined at:
		line 53 in file "receiver.c"
 Parameters:    Size  Location     Type
		None
 Auto vars:     Size  Location     Type
		None
 Return value:  Size  Location     Type
                  1    wreg      void 
 Registers used:
		wreg
 Tracked objects:
		On entry : 
		On exit  : 
		Unchanged: 
 Data sizes:     COMMON   BANK0   BANK1   BANK2   BANK3   BANK4   BANK5   BANK6   BANK7   BANK8   BANK9  BANK10  BANK11  BANK12
      Params:         0       0       0       0       0       0       0       0       0       0       0       0       0       0
      Locals:         0       0       0       0       0       0       0       0       0       0       0       0       0       0
      Temps:          1       0       0       0       0       0       0       0       0       0       0       0       0       0
      Totals:         1       0       0       0       0       0       0       0       0       0       0       0       0       0
Total ram usage:        1 bytes
 Hardware stack levels used:    1
 This function calls:
		Nothing
 This function is called by:
		_rfmSetup
 This function uses a non-reentrant model


 *************** function _getRSSI *****************
 Defined at:
		line 136 in file "RFM69HCW.c"
 Parameters:    Size  Location     Type
  radio           1    wreg     PTR struct RFM69HCW
		 -> main@radio(75), 
 Auto vars:     Size  Location     Type
  radio           1    3[BANK0 ] PTR struct RFM69HCW
		 -> main@radio(75), 
  msg             2    4[BANK0 ] unsigned char [2]
 Return value:  Size  Location     Type
                  1    wreg      unsigned char 
 Registers used:
		wreg, fsr1l, fsr1h, status,2, status,0, pclath, cstack
 Tracked objects:
		On entry : 
		On exit  : 
		Unchanged: 
 Data sizes:     COMMON   BANK0   BANK1   BANK2   BANK3   BANK4   BANK5   BANK6   BANK7   BANK8   BANK9  BANK10  BANK11  BANK12
      Params:         0       0       0       0       0       0       0       0       0       0       0       0       0       0
      Locals:         0       3       0       0       0       0       0       0       0       0       0       0       0       0
      Temps:          2       0       0       0       0       0       0       0       0       0       0       0       0       0
      Totals:         2       3       0       0       0       0       0       0       0       0       0       0       0       0
Total ram usage:        5 bytes
 Hardware stack levels used:    1
 Hardware stack levels required when called:    2
 This function calls:
		_sendBulk
 This function is called by:
		_main
 This function uses a non-reentrant model


 *************** function _getOperatingMode *****************
 Defined at:
		line 154 in file "RFM69HCW.c"
 Parameters:    Size  Location     Type
  radio           1    wreg     PTR struct RFM69HCW
		 -> main@radio(75), 
 Auto vars:     Size  Location     Type
  radio           1    3[BANK0 ] PTR struct RFM69HCW
		 -> main@radio(75), 
  msg             2    4[BANK0 ] unsigned char [2]
 Return value:  Size  Location     Type
                  1    wreg      unsigned char 
 Registers used:
		wreg, fsr1l, fsr1h, status,2, status,0, pclath, cstack
 Tracked objects:
		On entry : 
		On exit  : 
		Unchanged: 
 Data sizes:     COMMON   BANK0   BANK1   BANK2   BANK3   BANK4   BANK5   BANK6   BANK7   BANK8   BANK9  BANK10  BANK11  BANK12
      Params:         0       0       0       0       0       0       0       0       0       0       0       0       0       0
      Locals:         0       3       0       0       0       0       0       0       0       0       0       0       0       0
      Temps:          2       0       0       0       0       0       0       0       0       0       0       0       0       0
      Totals:         2       3       0       0       0       0       0       0       0       0       0       0       0       0
Total ram usage:        5 bytes
 Hardware stack levels used:    1
 Hardware stack levels required when called:    2
 This function calls:
		_sendBulk
 This function is called by:
		_main
 This function uses a non-reentrant model


 *************** function _getModeFlags *****************
 Defined at:
		line 166 in file "RFM69HCW.c"
 Parameters:    Size  Location     Type
  radio           1    wreg     PTR struct RFM69HCW
		 -> main@radio(75), 
 Auto vars:     Size  Location     Type
  radio           1    3[BANK0 ] PTR struct RFM69HCW
		 -> main@radio(75), 
  msg             2    4[BANK0 ] unsigned char [2]
 Return value:  Size  Location     Type
                  1    wreg      unsigned char 
 Registers used:
		wreg, fsr1l, fsr1h, status,2, status,0, pclath, cstack
 Tracked objects:
		On entry : 
		On exit  : 
		Unchanged: 
 Data sizes:     COMMON   BANK0   BANK1   BANK2   BANK3   BANK4   BANK5   BANK6   BANK7   BANK8   BANK9  BANK10  BANK11  BANK12
      Params:         0       0       0       0       0       0       0       0       0       0       0       0       0       0
      Locals:         0       3       0       0       0       0       0       0       0       0       0       0       0       0
      Temps:          2       0       0       0       0       0       0       0       0       0       0       0       0       0
      Totals:         2       3       0       0       0       0       0       0       0       0       0       0       0       0
Total ram usage:        5 bytes
 Hardware stack levels used:    1
 Hardware stack levels required when called:    2
 This function calls:
		_sendBulk
 This function is called by:
		_main
 This function uses a non-reentrant model


 *************** function _getFifoFlags *****************
 Defined at:
		line 142 in file "RFM69HCW.c"
 Parameters:    Size  Location     Type
  radio           1    wreg     PTR struct RFM69HCW
		 -> main@radio(75), 
 Auto vars:     Size  Location     Type
  radio           1    3[BANK0 ] PTR struct RFM69HCW
		 -> main@radio(75), 
  msg             2    4[BANK0 ] unsigned char [2]
 Return value:  Size  Location     Type
                  1    wreg      unsigned char 
 Registers used:
		wreg, fsr1l, fsr1h, status,2, status,0, pclath, cstack
 Tracked objects:
		On entry : 
		On exit  : 
		Unchanged: 
 Data sizes:     COMMON   BANK0   BANK1   BANK2   BANK3   BANK4   BANK5   BANK6   BANK7   BANK8   BANK9  BANK10  BANK11  BANK12
      Params:         0       0       0       0       0       0       0       0       0       0       0       0       0       0
      Locals:         0       3       0       0       0       0       0       0       0       0       0       0       0       0
      Temps:          2       0       0       0       0       0       0       0       0       0       0       0       0       0
      Totals:         2       3       0       0       0       0       0       0       0       0       0       0       0       0
Total ram usage:        5 bytes
 Hardware stack levels used:    1
 Hardware stack levels required when called:    2
 This function calls:
		_sendBulk
 This function is called by:
		_main
 This function uses a non-reentrant model


 *************** function _sendBulk *****************
 Defined at:
		line 15 in file "RFM69HCW.c"
 Parameters:    Size  Location     Type
  radio           1    wreg     PTR struct RFM69HCW
		 -> main@radio(75), 
  msgs            1    6[COMMON] PTR unsigned char 
		 -> setAutoMode@msg(2), getPowerSettings@msg(2), restartRx@msg(2), startRSSISampling@msg(2), 
		 -> checkRSSISampling@msg(2), getModeFlags@msg(2), setDiodeMapping@msg(2), getOperatingMode@msg(2), 
		 -> getRSSIThreshold@msg(2), getFifoFlags@msg(2), getRSSI@msg(2), setPowerOutput@msg(2), 
		 -> setPreambleLength@msg(2), checkForPayload@flags(2), setModulationThreshold@msg(2), setOperatingMode@msg(2), 
		 -> setPacketFormat@msg(2), setRSSIThreshold@msg(2), setNodeAddress@msg(2), setPacketLength@msg(2), 
		 -> setSyncWords@msg(10), sendPairs@msg(2), 
  len             1    7[COMMON] const unsigned char 
 Auto vars:     Size  Location     Type
  radio           1    2[BANK0 ] PTR struct RFM69HCW
		 -> main@radio(75), 
  i               2    0[BANK0 ] int 
 Return value:  Size  Location     Type
                  1    wreg      void 
 Registers used:
		wreg, fsr1l, fsr1h, status,2, status,0, pclath, cstack
 Tracked objects:
		On entry : 
		On exit  : 
		Unchanged: 
 Data sizes:     COMMON   BANK0   BANK1   BANK2   BANK3   BANK4   BANK5   BANK6   BANK7   BANK8   BANK9  BANK10  BANK11  BANK12
      Params:         2       0       0       0       0       0       0       0       0       0       0       0       0       0
      Locals:         0       3       0       0       0       0       0       0       0       0       0       0       0       0
      Temps:          4       0       0       0       0       0       0       0       0       0       0       0       0       0
      Totals:         6       3       0       0       0       0       0       0       0       0       0       0       0       0
Total ram usage:        9 bytes
 Hardware stack levels used:    1
 Hardware stack levels required when called:    1
 This function calls:
		_send
		_setPinWithMask
 This function is called by:
		_sendPairs
		_setSyncWords
		_setPacketLength
		_setNodeAddress
		_setRSSIThreshold
		_setPacketFormat
		_setOperatingMode
		_setModulationThreshold
		_setPreambleLength
		_setPowerOutput
		_getRSSI
		_getFifoFlags
		_getOperatingMode
		_setDiodeMapping
		_getModeFlags
		_setAutoMode
		_checkForPayload
		_getRSSIThreshold
		_checkRSSISampling
		_startRSSISampling
		_restartRx
		_getPowerSettings
 This function uses a non-reentrant model


 *************** function _setPinWithMask *****************
 Defined at:
		line 40 in file "RFM69HCW.c"
 Parameters:    Size  Location     Type
  pPort           2    0[COMMON] PTR unsigned char 
		 -> PORTA(1), 
  iPin            1    2[COMMON] unsigned char 
  value           1    3[COMMON] unsigned char 
 Auto vars:     Size  Location     Type
		None
 Return value:  Size  Location     Type
                  1    wreg      void 
 Registers used:
		wreg, fsr1l, fsr1h, status,2, status,0
 Tracked objects:
		On entry : 
		On exit  : 
		Unchanged: 
 Data sizes:     COMMON   BANK0   BANK1   BANK2   BANK3   BANK4   BANK5   BANK6   BANK7   BANK8   BANK9  BANK10  BANK11  BANK12
      Params:         4       0       0       0       0       0       0       0       0       0       0       0       0       0
      Locals:         0       0       0       0       0       0       0       0       0       0       0       0       0       0
      Temps:          2       0       0       0       0       0       0       0       0       0       0       0       0       0
      Totals:         6       0       0       0       0       0       0       0       0       0       0       0       0       0
Total ram usage:        6 bytes
 Hardware stack levels used:    1
 This function calls:
		Nothing
 This function is called by:
		_sendBulk
		_receivePayload
		_sendPayload
 This function uses a non-reentrant model


 *************** function _send *****************
 Defined at:
		line 24 in file "RFM69HCW.c"
 Parameters:    Size  Location     Type
  radio           1    wreg     PTR struct RFM69HCW
		 -> main@radio(75), 
  msg             1    0[COMMON] unsigned char 
 Auto vars:     Size  Location     Type
  radio           1    3[COMMON] PTR struct RFM69HCW
		 -> main@radio(75), 
 Return value:  Size  Location     Type
                  1    wreg      unsigned char 
 Registers used:
		wreg, fsr1l, fsr1h, status,2, status,0
 Tracked objects:
		On entry : 
		On exit  : 
		Unchanged: 
 Data sizes:     COMMON   BANK0   BANK1   BANK2   BANK3   BANK4   BANK5   BANK6   BANK7   BANK8   BANK9  BANK10  BANK11  BANK12
      Params:         1       0       0       0       0       0       0       0       0       0       0       0       0       0
      Locals:         1       0       0       0       0       0       0       0       0       0       0       0       0       0
      Temps:          2       0       0       0       0       0       0       0       0       0       0       0       0       0
      Totals:         4       0       0       0       0       0       0       0       0       0       0       0       0       0
Total ram usage:        4 bytes
 Hardware stack levels used:    1
 This function calls:
		Nothing
 This function is called by:
		_sendBulk
		_receivePayload
		_sendPayload
 This function uses a non-reentrant model



MODULE INFORMATION

Module		Function		Class		Link	Load	Size
RFM69HCW.c
		_setPowerOutput		CODE           	0488	0000	25
		_sendPairs     		CODE           	05E0	0000	67
		_setRecommendedParams		CODE           	0397	0000	15
		_setPacketLength		CODE           	04D8	0000	29
		_setPacketFormat		CODE           	03B7	0000	19
		_initRadio     		CODE           	0551	0000	42
		_setPinWithMask		CODE           	052D	0000	37
		_setSyncWords  		CODE           	05A6	0000	59
		_getRSSI       		CODE           	0417	0000	21
		_setNodeAddress		CODE           	04BC	0000	29
		_setAutoMode   		CODE           	0440	0000	25
		_getOperatingMode		CODE           	0403	0000	21
		_setRSSIThreshold		CODE           	04F4	0000	29
		_sendBulk      		CODE           	0709	0000	91
		_setPreambleLength		CODE           	03C9	0000	19
		_setModulationThreshold		CODE           	03A5	0000	19
		_setOperatingMode		CODE           	0470	0000	25
		_send          		CODE           	0622	0000	73
		_receivePayload		CODE           	06B5	0000	85
		_setDiodeMapping		CODE           	0458	0000	25
		_getFifoFlags  		CODE           	03DB	0000	21
		_getModeFlags  		CODE           	03EF	0000	21

RFM69HCW.c estimated size: 797

shared
		__initialization		CODE           	07D9	0000	37

shared estimated size: 37

receiver.c
		_resetRadio    		CODE           	042B	0000	22
		_init          		CODE           	0388	0000	4
		_rfmSetup      		CODE           	0510	0000	30
		_spi_init_master		CODE           	04A0	0000	29
		_main          		CODE           	0763	0000	119

receiver.c estimated size: 204

